17:37:25 **** Build of configuration Debug for project STM3205P ****
make -j12 all 
arm-none-eabi-gcc "../Drivers/STM32F1xx_HAL_Driver/Src/stm32f1xx_hal.c" -mcpu=cortex-m3 -std=gnu11 -g3 -DDEBUG -DUSE_HAL_DRIVER -DSTM32F103x6 -c -I../Core/Inc -I../Drivers/STM32F1xx_HAL_Driver/Inc/Legacy -I../Drivers/STM32F1xx_HAL_Driver/Inc -I../Drivers/CMSIS/Device/ST/STM32F1xx/Include -I../Drivers/CMSIS/Include -O0 -ffunction-sections -fdata-sections -Wall -fstack-usage -fcyclomatic-complexity -MMD -MP -MF"Drivers/STM32F1xx_HAL_Driver/Src/stm32f1xx_hal.d" -MT"Drivers/STM32F1xx_HAL_Driver/Src/stm32f1xx_hal.o" --specs=nano.specs -mfloat-abi=soft -mthumb -o "Drivers/STM32F1xx_HAL_Driver/Src/stm32f1xx_hal.o"
arm-none-eabi-gcc "../Drivers/STM32F1xx_HAL_Driver/Src/stm32f1xx_hal_adc.c" -mcpu=cortex-m3 -std=gnu11 -g3 -DDEBUG -DUSE_HAL_DRIVER -DSTM32F103x6 -c -I../Core/Inc -I../Drivers/STM32F1xx_HAL_Driver/Inc/Legacy -I../Drivers/STM32F1xx_HAL_Driver/Inc -I../Drivers/CMSIS/Device/ST/STM32F1xx/Include -I../Drivers/CMSIS/Include -O0 -ffunction-sections -fdata-sections -Wall -fstack-usage -fcyclomatic-complexity -MMD -MP -MF"Drivers/STM32F1xx_HAL_Driver/Src/stm32f1xx_hal_adc.d" -MT"Drivers/STM32F1xx_HAL_Driver/Src/stm32f1xx_hal_adc.o" --specs=nano.specs -mfloat-abi=soft -mthumb -o "Drivers/STM32F1xx_HAL_Driver/Src/stm32f1xx_hal_adc.o"
arm-none-eabi-gcc "../Drivers/STM32F1xx_HAL_Driver/Src/stm32f1xx_hal_adc_ex.c" -mcpu=cortex-m3 -std=gnu11 -g3 -DDEBUG -DUSE_HAL_DRIVER -DSTM32F103x6 -c -I../Core/Inc -I../Drivers/STM32F1xx_HAL_Driver/Inc/Legacy -I../Drivers/STM32F1xx_HAL_Driver/Inc -I../Drivers/CMSIS/Device/ST/STM32F1xx/Include -I../Drivers/CMSIS/Include -O0 -ffunction-sections -fdata-sections -Wall -fstack-usage -fcyclomatic-complexity -MMD -MP -MF"Drivers/STM32F1xx_HAL_Driver/Src/stm32f1xx_hal_adc_ex.d" -MT"Drivers/STM32F1xx_HAL_Driver/Src/stm32f1xx_hal_adc_ex.o" --specs=nano.specs -mfloat-abi=soft -mthumb -o "Drivers/STM32F1xx_HAL_Driver/Src/stm32f1xx_hal_adc_ex.o"
arm-none-eabi-gcc "../Drivers/STM32F1xx_HAL_Driver/Src/stm32f1xx_hal_cortex.c" -mcpu=cortex-m3 -std=gnu11 -g3 -DDEBUG -DUSE_HAL_DRIVER -DSTM32F103x6 -c -I../Core/Inc -I../Drivers/STM32F1xx_HAL_Driver/Inc/Legacy -I../Drivers/STM32F1xx_HAL_Driver/Inc -I../Drivers/CMSIS/Device/ST/STM32F1xx/Include -I../Drivers/CMSIS/Include -O0 -ffunction-sections -fdata-sections -Wall -fstack-usage -fcyclomatic-complexity -MMD -MP -MF"Drivers/STM32F1xx_HAL_Driver/Src/stm32f1xx_hal_cortex.d" -MT"Drivers/STM32F1xx_HAL_Driver/Src/stm32f1xx_hal_cortex.o" --specs=nano.specs -mfloat-abi=soft -mthumb -o "Drivers/STM32F1xx_HAL_Driver/Src/stm32f1xx_hal_cortex.o"
arm-none-eabi-gcc "../Drivers/STM32F1xx_HAL_Driver/Src/stm32f1xx_hal_dma.c" -mcpu=cortex-m3 -std=gnu11 -g3 -DDEBUG -DUSE_HAL_DRIVER -DSTM32F103x6 -c -I../Core/Inc -I../Drivers/STM32F1xx_HAL_Driver/Inc/Legacy -I../Drivers/STM32F1xx_HAL_Driver/Inc -I../Drivers/CMSIS/Device/ST/STM32F1xx/Include -I../Drivers/CMSIS/Include -O0 -ffunction-sections -fdata-sections -Wall -fstack-usage -fcyclomatic-complexity -MMD -MP -MF"Drivers/STM32F1xx_HAL_Driver/Src/stm32f1xx_hal_dma.d" -MT"Drivers/STM32F1xx_HAL_Driver/Src/stm32f1xx_hal_dma.o" --specs=nano.specs -mfloat-abi=soft -mthumb -o "Drivers/STM32F1xx_HAL_Driver/Src/stm32f1xx_hal_dma.o"
arm-none-eabi-gcc "../Drivers/STM32F1xx_HAL_Driver/Src/stm32f1xx_hal_exti.c" -mcpu=cortex-m3 -std=gnu11 -g3 -DDEBUG -DUSE_HAL_DRIVER -DSTM32F103x6 -c -I../Core/Inc -I../Drivers/STM32F1xx_HAL_Driver/Inc/Legacy -I../Drivers/STM32F1xx_HAL_Driver/Inc -I../Drivers/CMSIS/Device/ST/STM32F1xx/Include -I../Drivers/CMSIS/Include -O0 -ffunction-sections -fdata-sections -Wall -fstack-usage -fcyclomatic-complexity -MMD -MP -MF"Drivers/STM32F1xx_HAL_Driver/Src/stm32f1xx_hal_exti.d" -MT"Drivers/STM32F1xx_HAL_Driver/Src/stm32f1xx_hal_exti.o" --specs=nano.specs -mfloat-abi=soft -mthumb -o "Drivers/STM32F1xx_HAL_Driver/Src/stm32f1xx_hal_exti.o"
arm-none-eabi-gcc "../Drivers/STM32F1xx_HAL_Driver/Src/stm32f1xx_hal_flash.c" -mcpu=cortex-m3 -std=gnu11 -g3 -DDEBUG -DUSE_HAL_DRIVER -DSTM32F103x6 -c -I../Core/Inc -I../Drivers/STM32F1xx_HAL_Driver/Inc/Legacy -I../Drivers/STM32F1xx_HAL_Driver/Inc -I../Drivers/CMSIS/Device/ST/STM32F1xx/Include -I../Drivers/CMSIS/Include -O0 -ffunction-sections -fdata-sections -Wall -fstack-usage -fcyclomatic-complexity -MMD -MP -MF"Drivers/STM32F1xx_HAL_Driver/Src/stm32f1xx_hal_flash.d" -MT"Drivers/STM32F1xx_HAL_Driver/Src/stm32f1xx_hal_flash.o" --specs=nano.specs -mfloat-abi=soft -mthumb -o "Drivers/STM32F1xx_HAL_Driver/Src/stm32f1xx_hal_flash.o"
arm-none-eabi-gcc "../Drivers/STM32F1xx_HAL_Driver/Src/stm32f1xx_hal_flash_ex.c" -mcpu=cortex-m3 -std=gnu11 -g3 -DDEBUG -DUSE_HAL_DRIVER -DSTM32F103x6 -c -I../Core/Inc -I../Drivers/STM32F1xx_HAL_Driver/Inc/Legacy -I../Drivers/STM32F1xx_HAL_Driver/Inc -I../Drivers/CMSIS/Device/ST/STM32F1xx/Include -I../Drivers/CMSIS/Include -O0 -ffunction-sections -fdata-sections -Wall -fstack-usage -fcyclomatic-complexity -MMD -MP -MF"Drivers/STM32F1xx_HAL_Driver/Src/stm32f1xx_hal_flash_ex.d" -MT"Drivers/STM32F1xx_HAL_Driver/Src/stm32f1xx_hal_flash_ex.o" --specs=nano.specs -mfloat-abi=soft -mthumb -o "Drivers/STM32F1xx_HAL_Driver/Src/stm32f1xx_hal_flash_ex.o"
arm-none-eabi-gcc "../Drivers/STM32F1xx_HAL_Driver/Src/stm32f1xx_hal_gpio.c" -mcpu=cortex-m3 -std=gnu11 -g3 -DDEBUG -DUSE_HAL_DRIVER -DSTM32F103x6 -c -I../Core/Inc -I../Drivers/STM32F1xx_HAL_Driver/Inc/Legacy -I../Drivers/STM32F1xx_HAL_Driver/Inc -I../Drivers/CMSIS/Device/ST/STM32F1xx/Include -I../Drivers/CMSIS/Include -O0 -ffunction-sections -fdata-sections -Wall -fstack-usage -fcyclomatic-complexity -MMD -MP -MF"Drivers/STM32F1xx_HAL_Driver/Src/stm32f1xx_hal_gpio.d" -MT"Drivers/STM32F1xx_HAL_Driver/Src/stm32f1xx_hal_gpio.o" --specs=nano.specs -mfloat-abi=soft -mthumb -o "Drivers/STM32F1xx_HAL_Driver/Src/stm32f1xx_hal_gpio.o"
arm-none-eabi-gcc "../Drivers/STM32F1xx_HAL_Driver/Src/stm32f1xx_hal_gpio_ex.c" -mcpu=cortex-m3 -std=gnu11 -g3 -DDEBUG -DUSE_HAL_DRIVER -DSTM32F103x6 -c -I../Core/Inc -I../Drivers/STM32F1xx_HAL_Driver/Inc/Legacy -I../Drivers/STM32F1xx_HAL_Driver/Inc -I../Drivers/CMSIS/Device/ST/STM32F1xx/Include -I../Drivers/CMSIS/Include -O0 -ffunction-sections -fdata-sections -Wall -fstack-usage -fcyclomatic-complexity -MMD -MP -MF"Drivers/STM32F1xx_HAL_Driver/Src/stm32f1xx_hal_gpio_ex.d" -MT"Drivers/STM32F1xx_HAL_Driver/Src/stm32f1xx_hal_gpio_ex.o" --specs=nano.specs -mfloat-abi=soft -mthumb -o "Drivers/STM32F1xx_HAL_Driver/Src/stm32f1xx_hal_gpio_ex.o"
arm-none-eabi-gcc "../Drivers/STM32F1xx_HAL_Driver/Src/stm32f1xx_hal_pwr.c" -mcpu=cortex-m3 -std=gnu11 -g3 -DDEBUG -DUSE_HAL_DRIVER -DSTM32F103x6 -c -I../Core/Inc -I../Drivers/STM32F1xx_HAL_Driver/Inc/Legacy -I../Drivers/STM32F1xx_HAL_Driver/Inc -I../Drivers/CMSIS/Device/ST/STM32F1xx/Include -I../Drivers/CMSIS/Include -O0 -ffunction-sections -fdata-sections -Wall -fstack-usage -fcyclomatic-complexity -MMD -MP -MF"Drivers/STM32F1xx_HAL_Driver/Src/stm32f1xx_hal_pwr.d" -MT"Drivers/STM32F1xx_HAL_Driver/Src/stm32f1xx_hal_pwr.o" --specs=nano.specs -mfloat-abi=soft -mthumb -o "Drivers/STM32F1xx_HAL_Driver/Src/stm32f1xx_hal_pwr.o"
arm-none-eabi-gcc "../Drivers/STM32F1xx_HAL_Driver/Src/stm32f1xx_hal_rcc.c" -mcpu=cortex-m3 -std=gnu11 -g3 -DDEBUG -DUSE_HAL_DRIVER -DSTM32F103x6 -c -I../Core/Inc -I../Drivers/STM32F1xx_HAL_Driver/Inc/Legacy -I../Drivers/STM32F1xx_HAL_Driver/Inc -I../Drivers/CMSIS/Device/ST/STM32F1xx/Include -I../Drivers/CMSIS/Include -O0 -ffunction-sections -fdata-sections -Wall -fstack-usage -fcyclomatic-complexity -MMD -MP -MF"Drivers/STM32F1xx_HAL_Driver/Src/stm32f1xx_hal_rcc.d" -MT"Drivers/STM32F1xx_HAL_Driver/Src/stm32f1xx_hal_rcc.o" --specs=nano.specs -mfloat-abi=soft -mthumb -o "Drivers/STM32F1xx_HAL_Driver/Src/stm32f1xx_hal_rcc.o"
arm-none-eabi-gcc "../Drivers/STM32F1xx_HAL_Driver/Src/stm32f1xx_hal_rcc_ex.c" -mcpu=cortex-m3 -std=gnu11 -g3 -DDEBUG -DUSE_HAL_DRIVER -DSTM32F103x6 -c -I../Core/Inc -I../Drivers/STM32F1xx_HAL_Driver/Inc/Legacy -I../Drivers/STM32F1xx_HAL_Driver/Inc -I../Drivers/CMSIS/Device/ST/STM32F1xx/Include -I../Drivers/CMSIS/Include -O0 -ffunction-sections -fdata-sections -Wall -fstack-usage -fcyclomatic-complexity -MMD -MP -MF"Drivers/STM32F1xx_HAL_Driver/Src/stm32f1xx_hal_rcc_ex.d" -MT"Drivers/STM32F1xx_HAL_Driver/Src/stm32f1xx_hal_rcc_ex.o" --specs=nano.specs -mfloat-abi=soft -mthumb -o "Drivers/STM32F1xx_HAL_Driver/Src/stm32f1xx_hal_rcc_ex.o"
arm-none-eabi-gcc "../Drivers/STM32F1xx_HAL_Driver/Src/stm32f1xx_hal_spi.c" -mcpu=cortex-m3 -std=gnu11 -g3 -DDEBUG -DUSE_HAL_DRIVER -DSTM32F103x6 -c -I../Core/Inc -I../Drivers/STM32F1xx_HAL_Driver/Inc/Legacy -I../Drivers/STM32F1xx_HAL_Driver/Inc -I../Drivers/CMSIS/Device/ST/STM32F1xx/Include -I../Drivers/CMSIS/Include -O0 -ffunction-sections -fdata-sections -Wall -fstack-usage -fcyclomatic-complexity -MMD -MP -MF"Drivers/STM32F1xx_HAL_Driver/Src/stm32f1xx_hal_spi.d" -MT"Drivers/STM32F1xx_HAL_Driver/Src/stm32f1xx_hal_spi.o" --specs=nano.specs -mfloat-abi=soft -mthumb -o "Drivers/STM32F1xx_HAL_Driver/Src/stm32f1xx_hal_spi.o"
arm-none-eabi-gcc "../Drivers/STM32F1xx_HAL_Driver/Src/stm32f1xx_hal_tim.c" -mcpu=cortex-m3 -std=gnu11 -g3 -DDEBUG -DUSE_HAL_DRIVER -DSTM32F103x6 -c -I../Core/Inc -I../Drivers/STM32F1xx_HAL_Driver/Inc/Legacy -I../Drivers/STM32F1xx_HAL_Driver/Inc -I../Drivers/CMSIS/Device/ST/STM32F1xx/Include -I../Drivers/CMSIS/Include -O0 -ffunction-sections -fdata-sections -Wall -fstack-usage -fcyclomatic-complexity -MMD -MP -MF"Drivers/STM32F1xx_HAL_Driver/Src/stm32f1xx_hal_tim.d" -MT"Drivers/STM32F1xx_HAL_Driver/Src/stm32f1xx_hal_tim.o" --specs=nano.specs -mfloat-abi=soft -mthumb -o "Drivers/STM32F1xx_HAL_Driver/Src/stm32f1xx_hal_tim.o"
arm-none-eabi-gcc "../Drivers/STM32F1xx_HAL_Driver/Src/stm32f1xx_hal_tim_ex.c" -mcpu=cortex-m3 -std=gnu11 -g3 -DDEBUG -DUSE_HAL_DRIVER -DSTM32F103x6 -c -I../Core/Inc -I../Drivers/STM32F1xx_HAL_Driver/Inc/Legacy -I../Drivers/STM32F1xx_HAL_Driver/Inc -I../Drivers/CMSIS/Device/ST/STM32F1xx/Include -I../Drivers/CMSIS/Include -O0 -ffunction-sections -fdata-sections -Wall -fstack-usage -fcyclomatic-complexity -MMD -MP -MF"Drivers/STM32F1xx_HAL_Driver/Src/stm32f1xx_hal_tim_ex.d" -MT"Drivers/STM32F1xx_HAL_Driver/Src/stm32f1xx_hal_tim_ex.o" --specs=nano.specs -mfloat-abi=soft -mthumb -o "Drivers/STM32F1xx_HAL_Driver/Src/stm32f1xx_hal_tim_ex.o"
arm-none-eabi-gcc -mcpu=cortex-m3 -g3 -DDEBUG -c -x assembler-with-cpp -MMD -MP -MF"Core/Startup/startup_stm32f103c6tx.d" -MT"Core/Startup/startup_stm32f103c6tx.o" --specs=nano.specs -mfloat-abi=soft -mthumb -o "Core/Startup/startup_stm32f103c6tx.o" "../Core/Startup/startup_stm32f103c6tx.s"
arm-none-eabi-gcc "../Core/Src/display.c" -mcpu=cortex-m3 -std=gnu11 -g3 -DDEBUG -DUSE_HAL_DRIVER -DSTM32F103x6 -c -I../Core/Inc -I../Drivers/STM32F1xx_HAL_Driver/Inc/Legacy -I../Drivers/STM32F1xx_HAL_Driver/Inc -I../Drivers/CMSIS/Device/ST/STM32F1xx/Include -I../Drivers/CMSIS/Include -O0 -ffunction-sections -fdata-sections -Wall -fstack-usage -fcyclomatic-complexity -MMD -MP -MF"Core/Src/display.d" -MT"Core/Src/display.o" --specs=nano.specs -mfloat-abi=soft -mthumb -o "Core/Src/display.o"
arm-none-eabi-gcc "../Core/Src/main.c" -mcpu=cortex-m3 -std=gnu11 -g3 -DDEBUG -DUSE_HAL_DRIVER -DSTM32F103x6 -c -I../Core/Inc -I../Drivers/STM32F1xx_HAL_Driver/Inc/Legacy -I../Drivers/STM32F1xx_HAL_Driver/Inc -I../Drivers/CMSIS/Device/ST/STM32F1xx/Include -I../Drivers/CMSIS/Include -O0 -ffunction-sections -fdata-sections -Wall -fstack-usage -fcyclomatic-complexity -MMD -MP -MF"Core/Src/main.d" -MT"Core/Src/main.o" --specs=nano.specs -mfloat-abi=soft -mthumb -o "Core/Src/main.o"
arm-none-eabi-gcc "../Core/Src/stm32f1xx_hal_msp.c" -mcpu=cortex-m3 -std=gnu11 -g3 -DDEBUG -DUSE_HAL_DRIVER -DSTM32F103x6 -c -I../Core/Inc -I../Drivers/STM32F1xx_HAL_Driver/Inc/Legacy -I../Drivers/STM32F1xx_HAL_Driver/Inc -I../Drivers/CMSIS/Device/ST/STM32F1xx/Include -I../Drivers/CMSIS/Include -O0 -ffunction-sections -fdata-sections -Wall -fstack-usage -fcyclomatic-complexity -MMD -MP -MF"Core/Src/stm32f1xx_hal_msp.d" -MT"Core/Src/stm32f1xx_hal_msp.o" --specs=nano.specs -mfloat-abi=soft -mthumb -o "Core/Src/stm32f1xx_hal_msp.o"
arm-none-eabi-gcc "../Core/Src/stm32f1xx_it.c" -mcpu=cortex-m3 -std=gnu11 -g3 -DDEBUG -DUSE_HAL_DRIVER -DSTM32F103x6 -c -I../Core/Inc -I../Drivers/STM32F1xx_HAL_Driver/Inc/Legacy -I../Drivers/STM32F1xx_HAL_Driver/Inc -I../Drivers/CMSIS/Device/ST/STM32F1xx/Include -I../Drivers/CMSIS/Include -O0 -ffunction-sections -fdata-sections -Wall -fstack-usage -fcyclomatic-complexity -MMD -MP -MF"Core/Src/stm32f1xx_it.d" -MT"Core/Src/stm32f1xx_it.o" --specs=nano.specs -mfloat-abi=soft -mthumb -o "Core/Src/stm32f1xx_it.o"
arm-none-eabi-gcc "../Core/Src/syscalls.c" -mcpu=cortex-m3 -std=gnu11 -g3 -DDEBUG -DUSE_HAL_DRIVER -DSTM32F103x6 -c -I../Core/Inc -I../Drivers/STM32F1xx_HAL_Driver/Inc/Legacy -I../Drivers/STM32F1xx_HAL_Driver/Inc -I../Drivers/CMSIS/Device/ST/STM32F1xx/Include -I../Drivers/CMSIS/Include -O0 -ffunction-sections -fdata-sections -Wall -fstack-usage -fcyclomatic-complexity -MMD -MP -MF"Core/Src/syscalls.d" -MT"Core/Src/syscalls.o" --specs=nano.specs -mfloat-abi=soft -mthumb -o "Core/Src/syscalls.o"
arm-none-eabi-gcc "../Core/Src/sysmem.c" -mcpu=cortex-m3 -std=gnu11 -g3 -DDEBUG -DUSE_HAL_DRIVER -DSTM32F103x6 -c -I../Core/Inc -I../Drivers/STM32F1xx_HAL_Driver/Inc/Legacy -I../Drivers/STM32F1xx_HAL_Driver/Inc -I../Drivers/CMSIS/Device/ST/STM32F1xx/Include -I../Drivers/CMSIS/Include -O0 -ffunction-sections -fdata-sections -Wall -fstack-usage -fcyclomatic-complexity -MMD -MP -MF"Core/Src/sysmem.d" -MT"Core/Src/sysmem.o" --specs=nano.specs -mfloat-abi=soft -mthumb -o "Core/Src/sysmem.o"
arm-none-eabi-gcc "../Core/Src/system_stm32f1xx.c" -mcpu=cortex-m3 -std=gnu11 -g3 -DDEBUG -DUSE_HAL_DRIVER -DSTM32F103x6 -c -I../Core/Inc -I../Drivers/STM32F1xx_HAL_Driver/Inc/Legacy -I../Drivers/STM32F1xx_HAL_Driver/Inc -I../Drivers/CMSIS/Device/ST/STM32F1xx/Include -I../Drivers/CMSIS/Include -O0 -ffunction-sections -fdata-sections -Wall -fstack-usage -fcyclomatic-complexity -MMD -MP -MF"Core/Src/system_stm32f1xx.d" -MT"Core/Src/system_stm32f1xx.o" --specs=nano.specs -mfloat-abi=soft -mthumb -o "Core/Src/system_stm32f1xx.o"
../Core/Src/display.c: In function 'display_Init':
../Core/Src/display.c:63:27: error: 'SHCP2_GPIO' undeclared (first use in this function); did you mean 'SHCP2_Pin'?
   63 |         HAL_GPIO_WritePin(SHCP2_GPIO, SHCP2_Pin, GPIO_PIN_RESET);
      |                           ^~~~~~~~~~
      |                           SHCP2_Pin
../Core/Src/display.c:63:27: note: each undeclared identifier is reported only once for each function it appears in
make: *** [Core/Src/subdir.mk:37: Core/Src/display.o] Error 1
make: *** Waiting for unfinished jobs....
../Core/Src/stm32f1xx_it.c: In function 'TIM1_UP_IRQHandler':
../Core/Src/stm32f1xx_it.c:205:25: error: 'htim1' undeclared (first use in this function)
  205 |     HAL_TIM_IRQHandler(&htim1);
      |                         ^~~~~
../Core/Src/stm32f1xx_it.c:205:25: note: each undeclared identifier is reported only once for each function it appears in
make: *** [Core/Src/subdir.mk:37: Core/Src/stm32f1xx_it.o] Error 1
"make -j12 all" terminated with exit code 2. Build might be incomplete.
17:38:26 **** Incremental Build of configuration Debug for project STM3205P ****
make -j12 all 
arm-none-eabi-gcc "../Core/Src/display.c" -mcpu=cortex-m3 -std=gnu11 -g3 -DDEBUG -DUSE_HAL_DRIVER -DSTM32F103x6 -c -I../Core/Inc -I../Drivers/STM32F1xx_HAL_Driver/Inc/Legacy -I../Drivers/STM32F1xx_HAL_Driver/Inc -I../Drivers/CMSIS/Device/ST/STM32F1xx/Include -I../Drivers/CMSIS/Include -O0 -ffunction-sections -fdata-sections -Wall -fstack-usage -fcyclomatic-complexity -MMD -MP -MF"Core/Src/display.d" -MT"Core/Src/display.o" --specs=nano.specs -mfloat-abi=soft -mthumb -o "Core/Src/display.o"
arm-none-eabi-gcc "../Core/Src/main.c" -mcpu=cortex-m3 -std=gnu11 -g3 -DDEBUG -DUSE_HAL_DRIVER -DSTM32F103x6 -c -I../Core/Inc -I../Drivers/STM32F1xx_HAL_Driver/Inc/Legacy -I../Drivers/STM32F1xx_HAL_Driver/Inc -I../Drivers/CMSIS/Device/ST/STM32F1xx/Include -I../Drivers/CMSIS/Include -O0 -ffunction-sections -fdata-sections -Wall -fstack-usage -fcyclomatic-complexity -MMD -MP -MF"Core/Src/main.d" -MT"Core/Src/main.o" --specs=nano.specs -mfloat-abi=soft -mthumb -o "Core/Src/main.o"
arm-none-eabi-gcc "../Core/Src/stm32f1xx_hal_msp.c" -mcpu=cortex-m3 -std=gnu11 -g3 -DDEBUG -DUSE_HAL_DRIVER -DSTM32F103x6 -c -I../Core/Inc -I../Drivers/STM32F1xx_HAL_Driver/Inc/Legacy -I../Drivers/STM32F1xx_HAL_Driver/Inc -I../Drivers/CMSIS/Device/ST/STM32F1xx/Include -I../Drivers/CMSIS/Include -O0 -ffunction-sections -fdata-sections -Wall -fstack-usage -fcyclomatic-complexity -MMD -MP -MF"Core/Src/stm32f1xx_hal_msp.d" -MT"Core/Src/stm32f1xx_hal_msp.o" --specs=nano.specs -mfloat-abi=soft -mthumb -o "Core/Src/stm32f1xx_hal_msp.o"
arm-none-eabi-gcc "../Core/Src/stm32f1xx_it.c" -mcpu=cortex-m3 -std=gnu11 -g3 -DDEBUG -DUSE_HAL_DRIVER -DSTM32F103x6 -c -I../Core/Inc -I../Drivers/STM32F1xx_HAL_Driver/Inc/Legacy -I../Drivers/STM32F1xx_HAL_Driver/Inc -I../Drivers/CMSIS/Device/ST/STM32F1xx/Include -I../Drivers/CMSIS/Include -O0 -ffunction-sections -fdata-sections -Wall -fstack-usage -fcyclomatic-complexity -MMD -MP -MF"Core/Src/stm32f1xx_it.d" -MT"Core/Src/stm32f1xx_it.o" --specs=nano.specs -mfloat-abi=soft -mthumb -o "Core/Src/stm32f1xx_it.o"
../Core/Src/display.c: In function 'display_Init':
../Core/Src/display.c:63:27: error: 'SHCP2_GPIO' undeclared (first use in this function); did you mean 'SHCP2_Pin'?
   63 |         HAL_GPIO_WritePin(SHCP2_GPIO, SHCP2_Pin, GPIO_PIN_RESET);
      |                           ^~~~~~~~~~
      |                           SHCP2_Pin
../Core/Src/display.c:63:27: note: each undeclared identifier is reported only once for each function it appears in
make: *** [Core/Src/subdir.mk:37: Core/Src/display.o] Error 1
make: *** Waiting for unfinished jobs....
"make -j12 all" terminated with exit code 2. Build might be incomplete.
17:39:15 **** Incremental Build of configuration Debug for project STM3205P ****
make -j12 all 
arm-none-eabi-gcc "../Core/Src/display.c" -mcpu=cortex-m3 -std=gnu11 -g3 -DDEBUG -DUSE_HAL_DRIVER -DSTM32F103x6 -c -I../Core/Inc -I../Drivers/STM32F1xx_HAL_Driver/Inc/Legacy -I../Drivers/STM32F1xx_HAL_Driver/Inc -I../Drivers/CMSIS/Device/ST/STM32F1xx/Include -I../Drivers/CMSIS/Include -O0 -ffunction-sections -fdata-sections -Wall -fstack-usage -fcyclomatic-complexity -MMD -MP -MF"Core/Src/display.d" -MT"Core/Src/display.o" --specs=nano.specs -mfloat-abi=soft -mthumb -o "Core/Src/display.o"
arm-none-eabi-gcc -o "STM3205P.elf" @"objects.list"   -mcpu=cortex-m3 -T"C:\Users\lucas\Documents\Github\STM3205P\3.Firmware\STM3205P\STM32F103C6TX_FLASH.ld" --specs=nosys.specs -Wl,-Map="STM3205P.map" -Wl,--gc-sections -static --specs=nano.specs -mfloat-abi=soft -mthumb -Wl,--start-group -lc -lm -Wl,--end-group
Finished building target: STM3205P.elf
 
arm-none-eabi-size  STM3205P.elf 
arm-none-eabi-objdump -h -S STM3205P.elf  > "STM3205P.list"
   text	   data	    bss	    dec	    hex	filename
  11088	     12	   1828	  12928	   3280	STM3205P.elf
Finished building: default.size.stdout
 
Finished building: STM3205P.list
 
17:39:44 **** Incremental Build of configuration Debug for project STM3205P ****
make -j12 all 
arm-none-eabi-size  STM3205P.elf 
   text	   data	    bss	    dec	    hex	filename
  11088	     12	   1828	  12928	   3280	STM3205P.elf
Finished building: default.size.stdout
 
17:40:56 **** Incremental Build of configuration Debug for project STM3205P ****
make -j12 all 
arm-none-eabi-gcc "../Core/Src/display.c" -mcpu=cortex-m3 -std=gnu11 -g3 -DDEBUG -DUSE_HAL_DRIVER -DSTM32F103x6 -c -I../Core/Inc -I../Drivers/STM32F1xx_HAL_Driver/Inc/Legacy -I../Drivers/STM32F1xx_HAL_Driver/Inc -I../Drivers/CMSIS/Device/ST/STM32F1xx/Include -I../Drivers/CMSIS/Include -O0 -ffunction-sections -fdata-sections -Wall -fstack-usage -fcyclomatic-complexity -MMD -MP -MF"Core/Src/display.d" -MT"Core/Src/display.o" --specs=nano.specs -mfloat-abi=soft -mthumb -o "Core/Src/display.o"
arm-none-eabi-gcc -o "STM3205P.elf" @"objects.list"   -mcpu=cortex-m3 -T"C:\Users\lucas\Documents\Github\STM3205P\3.Firmware\STM3205P\STM32F103C6TX_FLASH.ld" --specs=nosys.specs -Wl,-Map="STM3205P.map" -Wl,--gc-sections -static --specs=nano.specs -mfloat-abi=soft -mthumb -Wl,--start-group -lc -lm -Wl,--end-group
Finished building target: STM3205P.elf
 
arm-none-eabi-size  STM3205P.elf 
arm-none-eabi-objdump -h -S STM3205P.elf  > "STM3205P.list"
   text	   data	    bss	    dec	    hex	filename
  11164	     12	   1828	  13004	   32cc	STM3205P.elf
Finished building: default.size.stdout
 
Finished building: STM3205P.list
 
17:41:02 **** Incremental Build of configuration Debug for project STM3205P ****
make -j12 all 
arm-none-eabi-size  STM3205P.elf 
   text	   data	    bss	    dec	    hex	filename
  11164	     12	   1828	  13004	   32cc	STM3205P.elf
Finished building: default.size.stdout
 
17:44:13 **** Incremental Build of configuration Debug for project STM3205P ****
make -j12 all 
arm-none-eabi-gcc "../Core/Src/main.c" -mcpu=cortex-m3 -std=gnu11 -g3 -DDEBUG -DUSE_HAL_DRIVER -DSTM32F103x6 -c -I../Core/Inc -I../Drivers/STM32F1xx_HAL_Driver/Inc/Legacy -I../Drivers/STM32F1xx_HAL_Driver/Inc -I../Drivers/CMSIS/Device/ST/STM32F1xx/Include -I../Drivers/CMSIS/Include -O0 -ffunction-sections -fdata-sections -Wall -fstack-usage -fcyclomatic-complexity -MMD -MP -MF"Core/Src/main.d" -MT"Core/Src/main.o" --specs=nano.specs -mfloat-abi=soft -mthumb -o "Core/Src/main.o"
arm-none-eabi-gcc -o "STM3205P.elf" @"objects.list"   -mcpu=cortex-m3 -T"C:\Users\lucas\Documents\Github\STM3205P\3.Firmware\STM3205P\STM32F103C6TX_FLASH.ld" --specs=nosys.specs -Wl,-Map="STM3205P.map" -Wl,--gc-sections -static --specs=nano.specs -mfloat-abi=soft -mthumb -Wl,--start-group -lc -lm -Wl,--end-group
Finished building target: STM3205P.elf
 
arm-none-eabi-size  STM3205P.elf 
arm-none-eabi-objdump -h -S STM3205P.elf  > "STM3205P.list"
   text	   data	    bss	    dec	    hex	filename
  11328	     12	   1828	  13168	   3370	STM3205P.elf
Finished building: default.size.stdout
 
Finished building: STM3205P.list
 
17:44:17 **** Incremental Build of configuration Debug for project STM3205P ****
make -j12 all 
arm-none-eabi-size  STM3205P.elf 
   text	   data	    bss	    dec	    hex	filename
  11328	     12	   1828	  13168	   3370	STM3205P.elf
Finished building: default.size.stdout
 
17:51:05 **** Incremental Build of configuration Debug for project STM3205P ****
make -j12 all 
arm-none-eabi-gcc "../Core/Src/display.c" -mcpu=cortex-m3 -std=gnu11 -g3 -DDEBUG -DUSE_HAL_DRIVER -DSTM32F103x6 -c -I../Core/Inc -I../Drivers/STM32F1xx_HAL_Driver/Inc/Legacy -I../Drivers/STM32F1xx_HAL_Driver/Inc -I../Drivers/CMSIS/Device/ST/STM32F1xx/Include -I../Drivers/CMSIS/Include -O0 -ffunction-sections -fdata-sections -Wall -fstack-usage -fcyclomatic-complexity -MMD -MP -MF"Core/Src/display.d" -MT"Core/Src/display.o" --specs=nano.specs -mfloat-abi=soft -mthumb -o "Core/Src/display.o"
arm-none-eabi-gcc "../Core/Src/main.c" -mcpu=cortex-m3 -std=gnu11 -g3 -DDEBUG -DUSE_HAL_DRIVER -DSTM32F103x6 -c -I../Core/Inc -I../Drivers/STM32F1xx_HAL_Driver/Inc/Legacy -I../Drivers/STM32F1xx_HAL_Driver/Inc -I../Drivers/CMSIS/Device/ST/STM32F1xx/Include -I../Drivers/CMSIS/Include -O0 -ffunction-sections -fdata-sections -Wall -fstack-usage -fcyclomatic-complexity -MMD -MP -MF"Core/Src/main.d" -MT"Core/Src/main.o" --specs=nano.specs -mfloat-abi=soft -mthumb -o "Core/Src/main.o"
arm-none-eabi-gcc -o "STM3205P.elf" @"objects.list"   -mcpu=cortex-m3 -T"C:\Users\lucas\Documents\Github\STM3205P\3.Firmware\STM3205P\STM32F103C6TX_FLASH.ld" --specs=nosys.specs -Wl,-Map="STM3205P.map" -Wl,--gc-sections -static --specs=nano.specs -mfloat-abi=soft -mthumb -Wl,--start-group -lc -lm -Wl,--end-group
Finished building target: STM3205P.elf
 
arm-none-eabi-size  STM3205P.elf 
arm-none-eabi-objdump -h -S STM3205P.elf  > "STM3205P.list"
   text	   data	    bss	    dec	    hex	filename
  11340	     24	   1832	  13196	   338c	STM3205P.elf
Finished building: default.size.stdout
 
Finished building: STM3205P.list
 
17:51:10 **** Incremental Build of configuration Debug for project STM3205P ****
make -j12 all 
arm-none-eabi-size  STM3205P.elf 
   text	   data	    bss	    dec	    hex	filename
  11340	     24	   1832	  13196	   338c	STM3205P.elf
Finished building: default.size.stdout
 
17:52:07 **** Incremental Build of configuration Debug for project STM3205P ****
make -j12 all 
arm-none-eabi-gcc "../Core/Src/display.c" -mcpu=cortex-m3 -std=gnu11 -g3 -DDEBUG -DUSE_HAL_DRIVER -DSTM32F103x6 -c -I../Core/Inc -I../Drivers/STM32F1xx_HAL_Driver/Inc/Legacy -I../Drivers/STM32F1xx_HAL_Driver/Inc -I../Drivers/CMSIS/Device/ST/STM32F1xx/Include -I../Drivers/CMSIS/Include -O0 -ffunction-sections -fdata-sections -Wall -fstack-usage -fcyclomatic-complexity -MMD -MP -MF"Core/Src/display.d" -MT"Core/Src/display.o" --specs=nano.specs -mfloat-abi=soft -mthumb -o "Core/Src/display.o"
arm-none-eabi-gcc -o "STM3205P.elf" @"objects.list"   -mcpu=cortex-m3 -T"C:\Users\lucas\Documents\Github\STM3205P\3.Firmware\STM3205P\STM32F103C6TX_FLASH.ld" --specs=nosys.specs -Wl,-Map="STM3205P.map" -Wl,--gc-sections -static --specs=nano.specs -mfloat-abi=soft -mthumb -Wl,--start-group -lc -lm -Wl,--end-group
Finished building target: STM3205P.elf
 
arm-none-eabi-size  STM3205P.elf 
arm-none-eabi-objdump -h -S STM3205P.elf  > "STM3205P.list"
   text	   data	    bss	    dec	    hex	filename
  11340	     24	   1832	  13196	   338c	STM3205P.elf
Finished building: default.size.stdout
 
Finished building: STM3205P.list
 
17:52:50 **** Incremental Build of configuration Debug for project STM3205P ****
make -j12 all 
arm-none-eabi-size  STM3205P.elf 
   text	   data	    bss	    dec	    hex	filename
  11340	     24	   1832	  13196	   338c	STM3205P.elf
Finished building: default.size.stdout
 
17:54:24 **** Incremental Build of configuration Debug for project STM3205P ****
make -j12 all 
arm-none-eabi-gcc "../Core/Src/display.c" -mcpu=cortex-m3 -std=gnu11 -g3 -DDEBUG -DUSE_HAL_DRIVER -DSTM32F103x6 -c -I../Core/Inc -I../Drivers/STM32F1xx_HAL_Driver/Inc/Legacy -I../Drivers/STM32F1xx_HAL_Driver/Inc -I../Drivers/CMSIS/Device/ST/STM32F1xx/Include -I../Drivers/CMSIS/Include -O0 -ffunction-sections -fdata-sections -Wall -fstack-usage -fcyclomatic-complexity -MMD -MP -MF"Core/Src/display.d" -MT"Core/Src/display.o" --specs=nano.specs -mfloat-abi=soft -mthumb -o "Core/Src/display.o"
arm-none-eabi-gcc -o "STM3205P.elf" @"objects.list"   -mcpu=cortex-m3 -T"C:\Users\lucas\Documents\Github\STM3205P\3.Firmware\STM3205P\STM32F103C6TX_FLASH.ld" --specs=nosys.specs -Wl,-Map="STM3205P.map" -Wl,--gc-sections -static --specs=nano.specs -mfloat-abi=soft -mthumb -Wl,--start-group -lc -lm -Wl,--end-group
Finished building target: STM3205P.elf
 
arm-none-eabi-size  STM3205P.elf 
arm-none-eabi-objdump -h -S STM3205P.elf  > "STM3205P.list"
   text	   data	    bss	    dec	    hex	filename
  11340	     24	   1832	  13196	   338c	STM3205P.elf
Finished building: default.size.stdout
 
Finished building: STM3205P.list
 
17:55:39 **** Incremental Build of configuration Debug for project STM3205P ****
make -j12 all 
arm-none-eabi-gcc "../Core/Src/display.c" -mcpu=cortex-m3 -std=gnu11 -g3 -DDEBUG -DUSE_HAL_DRIVER -DSTM32F103x6 -c -I../Core/Inc -I../Drivers/STM32F1xx_HAL_Driver/Inc/Legacy -I../Drivers/STM32F1xx_HAL_Driver/Inc -I../Drivers/CMSIS/Device/ST/STM32F1xx/Include -I../Drivers/CMSIS/Include -O0 -ffunction-sections -fdata-sections -Wall -fstack-usage -fcyclomatic-complexity -MMD -MP -MF"Core/Src/display.d" -MT"Core/Src/display.o" --specs=nano.specs -mfloat-abi=soft -mthumb -o "Core/Src/display.o"
arm-none-eabi-gcc -o "STM3205P.elf" @"objects.list"   -mcpu=cortex-m3 -T"C:\Users\lucas\Documents\Github\STM3205P\3.Firmware\STM3205P\STM32F103C6TX_FLASH.ld" --specs=nosys.specs -Wl,-Map="STM3205P.map" -Wl,--gc-sections -static --specs=nano.specs -mfloat-abi=soft -mthumb -Wl,--start-group -lc -lm -Wl,--end-group
Finished building target: STM3205P.elf
 
arm-none-eabi-size  STM3205P.elf 
arm-none-eabi-objdump -h -S STM3205P.elf  > "STM3205P.list"
   text	   data	    bss	    dec	    hex	filename
  11340	     24	   1832	  13196	   338c	STM3205P.elf
Finished building: default.size.stdout
 
Finished building: STM3205P.list
 
17:56:28 **** Incremental Build of configuration Debug for project STM3205P ****
make -j12 all 
arm-none-eabi-gcc "../Core/Src/display.c" -mcpu=cortex-m3 -std=gnu11 -g3 -DDEBUG -DUSE_HAL_DRIVER -DSTM32F103x6 -c -I../Core/Inc -I../Drivers/STM32F1xx_HAL_Driver/Inc/Legacy -I../Drivers/STM32F1xx_HAL_Driver/Inc -I../Drivers/CMSIS/Device/ST/STM32F1xx/Include -I../Drivers/CMSIS/Include -O0 -ffunction-sections -fdata-sections -Wall -fstack-usage -fcyclomatic-complexity -MMD -MP -MF"Core/Src/display.d" -MT"Core/Src/display.o" --specs=nano.specs -mfloat-abi=soft -mthumb -o "Core/Src/display.o"
arm-none-eabi-gcc -o "STM3205P.elf" @"objects.list"   -mcpu=cortex-m3 -T"C:\Users\lucas\Documents\Github\STM3205P\3.Firmware\STM3205P\STM32F103C6TX_FLASH.ld" --specs=nosys.specs -Wl,-Map="STM3205P.map" -Wl,--gc-sections -static --specs=nano.specs -mfloat-abi=soft -mthumb -Wl,--start-group -lc -lm -Wl,--end-group
Finished building target: STM3205P.elf
 
arm-none-eabi-size  STM3205P.elf 
arm-none-eabi-objdump -h -S STM3205P.elf  > "STM3205P.list"
   text	   data	    bss	    dec	    hex	filename
  11340	     24	   1832	  13196	   338c	STM3205P.elf
Finished building: default.size.stdout
 
Finished building: STM3205P.list
 
17:59:56 **** Incremental Build of configuration Debug for project STM3205P ****
make -j12 all 
arm-none-eabi-gcc "../Core/Src/display.c" -mcpu=cortex-m3 -std=gnu11 -g3 -DDEBUG -DUSE_HAL_DRIVER -DSTM32F103x6 -c -I../Core/Inc -I../Drivers/STM32F1xx_HAL_Driver/Inc/Legacy -I../Drivers/STM32F1xx_HAL_Driver/Inc -I../Drivers/CMSIS/Device/ST/STM32F1xx/Include -I../Drivers/CMSIS/Include -O0 -ffunction-sections -fdata-sections -Wall -fstack-usage -fcyclomatic-complexity -MMD -MP -MF"Core/Src/display.d" -MT"Core/Src/display.o" --specs=nano.specs -mfloat-abi=soft -mthumb -o "Core/Src/display.o"
arm-none-eabi-gcc -o "STM3205P.elf" @"objects.list"   -mcpu=cortex-m3 -T"C:\Users\lucas\Documents\Github\STM3205P\3.Firmware\STM3205P\STM32F103C6TX_FLASH.ld" --specs=nosys.specs -Wl,-Map="STM3205P.map" -Wl,--gc-sections -static --specs=nano.specs -mfloat-abi=soft -mthumb -Wl,--start-group -lc -lm -Wl,--end-group
Finished building target: STM3205P.elf
 
arm-none-eabi-size  STM3205P.elf 
arm-none-eabi-objdump -h -S STM3205P.elf  > "STM3205P.list"
   text	   data	    bss	    dec	    hex	filename
  11340	     24	   1832	  13196	   338c	STM3205P.elf
Finished building: default.size.stdout
 
Finished building: STM3205P.list
 
18:01:11 **** Incremental Build of configuration Debug for project STM3205P ****
make -j12 all 
arm-none-eabi-gcc "../Core/Src/display.c" -mcpu=cortex-m3 -std=gnu11 -g3 -DDEBUG -DUSE_HAL_DRIVER -DSTM32F103x6 -c -I../Core/Inc -I../Drivers/STM32F1xx_HAL_Driver/Inc/Legacy -I../Drivers/STM32F1xx_HAL_Driver/Inc -I../Drivers/CMSIS/Device/ST/STM32F1xx/Include -I../Drivers/CMSIS/Include -O0 -ffunction-sections -fdata-sections -Wall -fstack-usage -fcyclomatic-complexity -MMD -MP -MF"Core/Src/display.d" -MT"Core/Src/display.o" --specs=nano.specs -mfloat-abi=soft -mthumb -o "Core/Src/display.o"
arm-none-eabi-gcc -o "STM3205P.elf" @"objects.list"   -mcpu=cortex-m3 -T"C:\Users\lucas\Documents\Github\STM3205P\3.Firmware\STM3205P\STM32F103C6TX_FLASH.ld" --specs=nosys.specs -Wl,-Map="STM3205P.map" -Wl,--gc-sections -static --specs=nano.specs -mfloat-abi=soft -mthumb -Wl,--start-group -lc -lm -Wl,--end-group
Finished building target: STM3205P.elf
 
arm-none-eabi-size  STM3205P.elf 
arm-none-eabi-objdump -h -S STM3205P.elf  > "STM3205P.list"
   text	   data	    bss	    dec	    hex	filename
  11340	     24	   1832	  13196	   338c	STM3205P.elf
Finished building: default.size.stdout
 
Finished building: STM3205P.list
 
18:01:47 **** Incremental Build of configuration Debug for project STM3205P ****
make -j12 all 
arm-none-eabi-gcc "../Core/Src/display.c" -mcpu=cortex-m3 -std=gnu11 -g3 -DDEBUG -DUSE_HAL_DRIVER -DSTM32F103x6 -c -I../Core/Inc -I../Drivers/STM32F1xx_HAL_Driver/Inc/Legacy -I../Drivers/STM32F1xx_HAL_Driver/Inc -I../Drivers/CMSIS/Device/ST/STM32F1xx/Include -I../Drivers/CMSIS/Include -O0 -ffunction-sections -fdata-sections -Wall -fstack-usage -fcyclomatic-complexity -MMD -MP -MF"Core/Src/display.d" -MT"Core/Src/display.o" --specs=nano.specs -mfloat-abi=soft -mthumb -o "Core/Src/display.o"
arm-none-eabi-gcc -o "STM3205P.elf" @"objects.list"   -mcpu=cortex-m3 -T"C:\Users\lucas\Documents\Github\STM3205P\3.Firmware\STM3205P\STM32F103C6TX_FLASH.ld" --specs=nosys.specs -Wl,-Map="STM3205P.map" -Wl,--gc-sections -static --specs=nano.specs -mfloat-abi=soft -mthumb -Wl,--start-group -lc -lm -Wl,--end-group
Finished building target: STM3205P.elf
 
arm-none-eabi-size  STM3205P.elf 
arm-none-eabi-objdump -h -S STM3205P.elf  > "STM3205P.list"
   text	   data	    bss	    dec	    hex	filename
  11340	     24	   1832	  13196	   338c	STM3205P.elf
Finished building: default.size.stdout
 
Finished building: STM3205P.list
 
18:02:19 **** Incremental Build of configuration Debug for project STM3205P ****
make -j12 all 
arm-none-eabi-gcc "../Core/Src/display.c" -mcpu=cortex-m3 -std=gnu11 -g3 -DDEBUG -DUSE_HAL_DRIVER -DSTM32F103x6 -c -I../Core/Inc -I../Drivers/STM32F1xx_HAL_Driver/Inc/Legacy -I../Drivers/STM32F1xx_HAL_Driver/Inc -I../Drivers/CMSIS/Device/ST/STM32F1xx/Include -I../Drivers/CMSIS/Include -O0 -ffunction-sections -fdata-sections -Wall -fstack-usage -fcyclomatic-complexity -MMD -MP -MF"Core/Src/display.d" -MT"Core/Src/display.o" --specs=nano.specs -mfloat-abi=soft -mthumb -o "Core/Src/display.o"
arm-none-eabi-gcc -o "STM3205P.elf" @"objects.list"   -mcpu=cortex-m3 -T"C:\Users\lucas\Documents\Github\STM3205P\3.Firmware\STM3205P\STM32F103C6TX_FLASH.ld" --specs=nosys.specs -Wl,-Map="STM3205P.map" -Wl,--gc-sections -static --specs=nano.specs -mfloat-abi=soft -mthumb -Wl,--start-group -lc -lm -Wl,--end-group
Finished building target: STM3205P.elf
 
arm-none-eabi-size  STM3205P.elf 
arm-none-eabi-objdump -h -S STM3205P.elf  > "STM3205P.list"
   text	   data	    bss	    dec	    hex	filename
  11340	     24	   1832	  13196	   338c	STM3205P.elf
Finished building: default.size.stdout
 
Finished building: STM3205P.list
 
18:02:47 **** Incremental Build of configuration Debug for project STM3205P ****
make -j12 all 
arm-none-eabi-gcc "../Core/Src/display.c" -mcpu=cortex-m3 -std=gnu11 -g3 -DDEBUG -DUSE_HAL_DRIVER -DSTM32F103x6 -c -I../Core/Inc -I../Drivers/STM32F1xx_HAL_Driver/Inc/Legacy -I../Drivers/STM32F1xx_HAL_Driver/Inc -I../Drivers/CMSIS/Device/ST/STM32F1xx/Include -I../Drivers/CMSIS/Include -O0 -ffunction-sections -fdata-sections -Wall -fstack-usage -fcyclomatic-complexity -MMD -MP -MF"Core/Src/display.d" -MT"Core/Src/display.o" --specs=nano.specs -mfloat-abi=soft -mthumb -o "Core/Src/display.o"
arm-none-eabi-gcc -o "STM3205P.elf" @"objects.list"   -mcpu=cortex-m3 -T"C:\Users\lucas\Documents\Github\STM3205P\3.Firmware\STM3205P\STM32F103C6TX_FLASH.ld" --specs=nosys.specs -Wl,-Map="STM3205P.map" -Wl,--gc-sections -static --specs=nano.specs -mfloat-abi=soft -mthumb -Wl,--start-group -lc -lm -Wl,--end-group
Finished building target: STM3205P.elf
 
arm-none-eabi-size  STM3205P.elf 
arm-none-eabi-objdump -h -S STM3205P.elf  > "STM3205P.list"
   text	   data	    bss	    dec	    hex	filename
  11340	     24	   1832	  13196	   338c	STM3205P.elf
Finished building: default.size.stdout
 
Finished building: STM3205P.list
 
18:16:01 **** Incremental Build of configuration Debug for project STM3205P ****
make -j12 all 
arm-none-eabi-gcc "../Core/Src/display.c" -mcpu=cortex-m3 -std=gnu11 -g3 -DDEBUG -DUSE_HAL_DRIVER -DSTM32F103x6 -c -I../Core/Inc -I../Drivers/STM32F1xx_HAL_Driver/Inc/Legacy -I../Drivers/STM32F1xx_HAL_Driver/Inc -I../Drivers/CMSIS/Device/ST/STM32F1xx/Include -I../Drivers/CMSIS/Include -O0 -ffunction-sections -fdata-sections -Wall -fstack-usage -fcyclomatic-complexity -MMD -MP -MF"Core/Src/display.d" -MT"Core/Src/display.o" --specs=nano.specs -mfloat-abi=soft -mthumb -o "Core/Src/display.o"
arm-none-eabi-gcc -o "STM3205P.elf" @"objects.list"   -mcpu=cortex-m3 -T"C:\Users\lucas\Documents\Github\STM3205P\3.Firmware\STM3205P\STM32F103C6TX_FLASH.ld" --specs=nosys.specs -Wl,-Map="STM3205P.map" -Wl,--gc-sections -static --specs=nano.specs -mfloat-abi=soft -mthumb -Wl,--start-group -lc -lm -Wl,--end-group
Finished building target: STM3205P.elf
 
arm-none-eabi-size  STM3205P.elf 
arm-none-eabi-objdump -h -S STM3205P.elf  > "STM3205P.list"
   text	   data	    bss	    dec	    hex	filename
  11340	     24	   1832	  13196	   338c	STM3205P.elf
Finished building: default.size.stdout
 
Finished building: STM3205P.list
 
18:16:50 **** Incremental Build of configuration Debug for project STM3205P ****
make -j12 all 
arm-none-eabi-gcc "../Core/Src/display.c" -mcpu=cortex-m3 -std=gnu11 -g3 -DDEBUG -DUSE_HAL_DRIVER -DSTM32F103x6 -c -I../Core/Inc -I../Drivers/STM32F1xx_HAL_Driver/Inc/Legacy -I../Drivers/STM32F1xx_HAL_Driver/Inc -I../Drivers/CMSIS/Device/ST/STM32F1xx/Include -I../Drivers/CMSIS/Include -O0 -ffunction-sections -fdata-sections -Wall -fstack-usage -fcyclomatic-complexity -MMD -MP -MF"Core/Src/display.d" -MT"Core/Src/display.o" --specs=nano.specs -mfloat-abi=soft -mthumb -o "Core/Src/display.o"
arm-none-eabi-gcc -o "STM3205P.elf" @"objects.list"   -mcpu=cortex-m3 -T"C:\Users\lucas\Documents\Github\STM3205P\3.Firmware\STM3205P\STM32F103C6TX_FLASH.ld" --specs=nosys.specs -Wl,-Map="STM3205P.map" -Wl,--gc-sections -static --specs=nano.specs -mfloat-abi=soft -mthumb -Wl,--start-group -lc -lm -Wl,--end-group
Finished building target: STM3205P.elf
 
arm-none-eabi-size  STM3205P.elf 
arm-none-eabi-objdump -h -S STM3205P.elf  > "STM3205P.list"
   text	   data	    bss	    dec	    hex	filename
  11340	     24	   1832	  13196	   338c	STM3205P.elf
Finished building: default.size.stdout
 
Finished building: STM3205P.list
 
18:39:48 **** Incremental Build of configuration Debug for project STM3205P ****
make -j12 all 
arm-none-eabi-gcc "../Core/Src/display.c" -mcpu=cortex-m3 -std=gnu11 -g3 -DDEBUG -DUSE_HAL_DRIVER -DSTM32F103x6 -c -I../Core/Inc -I../Drivers/STM32F1xx_HAL_Driver/Inc/Legacy -I../Drivers/STM32F1xx_HAL_Driver/Inc -I../Drivers/CMSIS/Device/ST/STM32F1xx/Include -I../Drivers/CMSIS/Include -O0 -ffunction-sections -fdata-sections -Wall -fstack-usage -fcyclomatic-complexity -MMD -MP -MF"Core/Src/display.d" -MT"Core/Src/display.o" --specs=nano.specs -mfloat-abi=soft -mthumb -o "Core/Src/display.o"
arm-none-eabi-gcc -o "STM3205P.elf" @"objects.list"   -mcpu=cortex-m3 -T"C:\Users\lucas\Documents\Github\STM3205P\3.Firmware\STM3205P\STM32F103C6TX_FLASH.ld" --specs=nosys.specs -Wl,-Map="STM3205P.map" -Wl,--gc-sections -static --specs=nano.specs -mfloat-abi=soft -mthumb -Wl,--start-group -lc -lm -Wl,--end-group
Finished building target: STM3205P.elf
 
arm-none-eabi-size  STM3205P.elf 
arm-none-eabi-objdump -h -S STM3205P.elf  > "STM3205P.list"
   text	   data	    bss	    dec	    hex	filename
  11340	     24	   1832	  13196	   338c	STM3205P.elf
Finished building: default.size.stdout
 
Finished building: STM3205P.list
 
18:40:18 **** Incremental Build of configuration Debug for project STM3205P ****
make -j12 all 
arm-none-eabi-gcc "../Core/Src/main.c" -mcpu=cortex-m3 -std=gnu11 -g3 -DDEBUG -DUSE_HAL_DRIVER -DSTM32F103x6 -c -I../Core/Inc -I../Drivers/STM32F1xx_HAL_Driver/Inc/Legacy -I../Drivers/STM32F1xx_HAL_Driver/Inc -I../Drivers/CMSIS/Device/ST/STM32F1xx/Include -I../Drivers/CMSIS/Include -O0 -ffunction-sections -fdata-sections -Wall -fstack-usage -fcyclomatic-complexity -MMD -MP -MF"Core/Src/main.d" -MT"Core/Src/main.o" --specs=nano.specs -mfloat-abi=soft -mthumb -o "Core/Src/main.o"
arm-none-eabi-gcc -o "STM3205P.elf" @"objects.list"   -mcpu=cortex-m3 -T"C:\Users\lucas\Documents\Github\STM3205P\3.Firmware\STM3205P\STM32F103C6TX_FLASH.ld" --specs=nosys.specs -Wl,-Map="STM3205P.map" -Wl,--gc-sections -static --specs=nano.specs -mfloat-abi=soft -mthumb -Wl,--start-group -lc -lm -Wl,--end-group
Finished building target: STM3205P.elf
 
arm-none-eabi-size  STM3205P.elf 
arm-none-eabi-objdump -h -S STM3205P.elf  > "STM3205P.list"
   text	   data	    bss	    dec	    hex	filename
  11492	     24	   1832	  13348	   3424	STM3205P.elf
Finished building: default.size.stdout
 
Finished building: STM3205P.list
 
18:43:19 **** Incremental Build of configuration Debug for project STM3205P ****
make -j12 all 
arm-none-eabi-gcc "../Core/Src/display.c" -mcpu=cortex-m3 -std=gnu11 -g3 -DDEBUG -DUSE_HAL_DRIVER -DSTM32F103x6 -c -I../Core/Inc -I../Drivers/STM32F1xx_HAL_Driver/Inc/Legacy -I../Drivers/STM32F1xx_HAL_Driver/Inc -I../Drivers/CMSIS/Device/ST/STM32F1xx/Include -I../Drivers/CMSIS/Include -O0 -ffunction-sections -fdata-sections -Wall -fstack-usage -fcyclomatic-complexity -MMD -MP -MF"Core/Src/display.d" -MT"Core/Src/display.o" --specs=nano.specs -mfloat-abi=soft -mthumb -o "Core/Src/display.o"
arm-none-eabi-gcc -o "STM3205P.elf" @"objects.list"   -mcpu=cortex-m3 -T"C:\Users\lucas\Documents\Github\STM3205P\3.Firmware\STM3205P\STM32F103C6TX_FLASH.ld" --specs=nosys.specs -Wl,-Map="STM3205P.map" -Wl,--gc-sections -static --specs=nano.specs -mfloat-abi=soft -mthumb -Wl,--start-group -lc -lm -Wl,--end-group
Finished building target: STM3205P.elf
 
arm-none-eabi-size  STM3205P.elf 
arm-none-eabi-objdump -h -S STM3205P.elf  > "STM3205P.list"
   text	   data	    bss	    dec	    hex	filename
  11488	     12	   1844	  13344	   3420	STM3205P.elf
Finished building: default.size.stdout
 
Finished building: STM3205P.list
 
18:53:58 **** Incremental Build of configuration Debug for project STM3205P ****
make -j12 all 
arm-none-eabi-gcc "../Core/Src/display.c" -mcpu=cortex-m3 -std=gnu11 -g3 -DDEBUG -DUSE_HAL_DRIVER -DSTM32F103x6 -c -I../Core/Inc -I../Drivers/STM32F1xx_HAL_Driver/Inc/Legacy -I../Drivers/STM32F1xx_HAL_Driver/Inc -I../Drivers/CMSIS/Device/ST/STM32F1xx/Include -I../Drivers/CMSIS/Include -O0 -ffunction-sections -fdata-sections -Wall -fstack-usage -fcyclomatic-complexity -MMD -MP -MF"Core/Src/display.d" -MT"Core/Src/display.o" --specs=nano.specs -mfloat-abi=soft -mthumb -o "Core/Src/display.o"
arm-none-eabi-gcc -o "STM3205P.elf" @"objects.list"   -mcpu=cortex-m3 -T"C:\Users\lucas\Documents\Github\STM3205P\3.Firmware\STM3205P\STM32F103C6TX_FLASH.ld" --specs=nosys.specs -Wl,-Map="STM3205P.map" -Wl,--gc-sections -static --specs=nano.specs -mfloat-abi=soft -mthumb -Wl,--start-group -lc -lm -Wl,--end-group
Finished building target: STM3205P.elf
 
arm-none-eabi-size  STM3205P.elf 
arm-none-eabi-objdump -h -S STM3205P.elf  > "STM3205P.list"
   text	   data	    bss	    dec	    hex	filename
  11488	     12	   1844	  13344	   3420	STM3205P.elf
Finished building: default.size.stdout
 
Finished building: STM3205P.list
 
19:03:04 **** Incremental Build of configuration Debug for project STM3205P ****
make -j12 all 
arm-none-eabi-gcc "../Core/Src/display.c" -mcpu=cortex-m3 -std=gnu11 -g3 -DDEBUG -DUSE_HAL_DRIVER -DSTM32F103x6 -c -I../Core/Inc -I../Drivers/STM32F1xx_HAL_Driver/Inc/Legacy -I../Drivers/STM32F1xx_HAL_Driver/Inc -I../Drivers/CMSIS/Device/ST/STM32F1xx/Include -I../Drivers/CMSIS/Include -O0 -ffunction-sections -fdata-sections -Wall -fstack-usage -fcyclomatic-complexity -MMD -MP -MF"Core/Src/display.d" -MT"Core/Src/display.o" --specs=nano.specs -mfloat-abi=soft -mthumb -o "Core/Src/display.o"
arm-none-eabi-gcc -o "STM3205P.elf" @"objects.list"   -mcpu=cortex-m3 -T"C:\Users\lucas\Documents\Github\STM3205P\3.Firmware\STM3205P\STM32F103C6TX_FLASH.ld" --specs=nosys.specs -Wl,-Map="STM3205P.map" -Wl,--gc-sections -static --specs=nano.specs -mfloat-abi=soft -mthumb -Wl,--start-group -lc -lm -Wl,--end-group
Finished building target: STM3205P.elf
 
arm-none-eabi-size  STM3205P.elf 
arm-none-eabi-objdump -h -S STM3205P.elf  > "STM3205P.list"
   text	   data	    bss	    dec	    hex	filename
  11488	     12	   1844	  13344	   3420	STM3205P.elf
Finished building: default.size.stdout
 
Finished building: STM3205P.list
 
19:19:28 **** Incremental Build of configuration Debug for project STM3205P ****
make -j12 all 
arm-none-eabi-gcc "../Core/Src/display.c" -mcpu=cortex-m3 -std=gnu11 -g3 -DDEBUG -DUSE_HAL_DRIVER -DSTM32F103x6 -c -I../Core/Inc -I../Drivers/STM32F1xx_HAL_Driver/Inc/Legacy -I../Drivers/STM32F1xx_HAL_Driver/Inc -I../Drivers/CMSIS/Device/ST/STM32F1xx/Include -I../Drivers/CMSIS/Include -O0 -ffunction-sections -fdata-sections -Wall -fstack-usage -fcyclomatic-complexity -MMD -MP -MF"Core/Src/display.d" -MT"Core/Src/display.o" --specs=nano.specs -mfloat-abi=soft -mthumb -o "Core/Src/display.o"
arm-none-eabi-gcc "../Core/Src/main.c" -mcpu=cortex-m3 -std=gnu11 -g3 -DDEBUG -DUSE_HAL_DRIVER -DSTM32F103x6 -c -I../Core/Inc -I../Drivers/STM32F1xx_HAL_Driver/Inc/Legacy -I../Drivers/STM32F1xx_HAL_Driver/Inc -I../Drivers/CMSIS/Device/ST/STM32F1xx/Include -I../Drivers/CMSIS/Include -O0 -ffunction-sections -fdata-sections -Wall -fstack-usage -fcyclomatic-complexity -MMD -MP -MF"Core/Src/main.d" -MT"Core/Src/main.o" --specs=nano.specs -mfloat-abi=soft -mthumb -o "Core/Src/main.o"
arm-none-eabi-gcc -o "STM3205P.elf" @"objects.list"   -mcpu=cortex-m3 -T"C:\Users\lucas\Documents\Github\STM3205P\3.Firmware\STM3205P\STM32F103C6TX_FLASH.ld" --specs=nosys.specs -Wl,-Map="STM3205P.map" -Wl,--gc-sections -static --specs=nano.specs -mfloat-abi=soft -mthumb -Wl,--start-group -lc -lm -Wl,--end-group
Finished building target: STM3205P.elf
 
arm-none-eabi-size  STM3205P.elf 
arm-none-eabi-objdump -h -S STM3205P.elf  > "STM3205P.list"
   text	   data	    bss	    dec	    hex	filename
  11712	     12	   1844	  13568	   3500	STM3205P.elf
Finished building: default.size.stdout
 
Finished building: STM3205P.list
 
19:19:32 **** Incremental Build of configuration Debug for project STM3205P ****
make -j12 all 
arm-none-eabi-size  STM3205P.elf 
   text	   data	    bss	    dec	    hex	filename
  11712	     12	   1844	  13568	   3500	STM3205P.elf
Finished building: default.size.stdout
 
19:21:55 **** Incremental Build of configuration Debug for project STM3205P ****
make -j12 all 
arm-none-eabi-gcc "../Core/Src/display.c" -mcpu=cortex-m3 -std=gnu11 -g3 -DDEBUG -DUSE_HAL_DRIVER -DSTM32F103x6 -c -I../Core/Inc -I../Drivers/STM32F1xx_HAL_Driver/Inc/Legacy -I../Drivers/STM32F1xx_HAL_Driver/Inc -I../Drivers/CMSIS/Device/ST/STM32F1xx/Include -I../Drivers/CMSIS/Include -O0 -ffunction-sections -fdata-sections -Wall -fstack-usage -fcyclomatic-complexity -MMD -MP -MF"Core/Src/display.d" -MT"Core/Src/display.o" --specs=nano.specs -mfloat-abi=soft -mthumb -o "Core/Src/display.o"
arm-none-eabi-gcc "../Core/Src/main.c" -mcpu=cortex-m3 -std=gnu11 -g3 -DDEBUG -DUSE_HAL_DRIVER -DSTM32F103x6 -c -I../Core/Inc -I../Drivers/STM32F1xx_HAL_Driver/Inc/Legacy -I../Drivers/STM32F1xx_HAL_Driver/Inc -I../Drivers/CMSIS/Device/ST/STM32F1xx/Include -I../Drivers/CMSIS/Include -O0 -ffunction-sections -fdata-sections -Wall -fstack-usage -fcyclomatic-complexity -MMD -MP -MF"Core/Src/main.d" -MT"Core/Src/main.o" --specs=nano.specs -mfloat-abi=soft -mthumb -o "Core/Src/main.o"
arm-none-eabi-gcc -o "STM3205P.elf" @"objects.list"   -mcpu=cortex-m3 -T"C:\Users\lucas\Documents\Github\STM3205P\3.Firmware\STM3205P\STM32F103C6TX_FLASH.ld" --specs=nosys.specs -Wl,-Map="STM3205P.map" -Wl,--gc-sections -static --specs=nano.specs -mfloat-abi=soft -mthumb -Wl,--start-group -lc -lm -Wl,--end-group
Finished building target: STM3205P.elf
 
arm-none-eabi-size  STM3205P.elf 
arm-none-eabi-objdump -h -S STM3205P.elf  > "STM3205P.list"
   text	   data	    bss	    dec	    hex	filename
  11916	     12	   1844	  13772	   35cc	STM3205P.elf
Finished building: default.size.stdout
 
Finished building: STM3205P.list
 
19:27:55 **** Incremental Build of configuration Debug for project STM3205P ****
make -j12 all 
arm-none-eabi-gcc "../Core/Src/display.c" -mcpu=cortex-m3 -std=gnu11 -g3 -DDEBUG -DUSE_HAL_DRIVER -DSTM32F103x6 -c -I../Core/Inc -I../Drivers/STM32F1xx_HAL_Driver/Inc/Legacy -I../Drivers/STM32F1xx_HAL_Driver/Inc -I../Drivers/CMSIS/Device/ST/STM32F1xx/Include -I../Drivers/CMSIS/Include -O0 -ffunction-sections -fdata-sections -Wall -fstack-usage -fcyclomatic-complexity -MMD -MP -MF"Core/Src/display.d" -MT"Core/Src/display.o" --specs=nano.specs -mfloat-abi=soft -mthumb -o "Core/Src/display.o"
arm-none-eabi-gcc "../Core/Src/main.c" -mcpu=cortex-m3 -std=gnu11 -g3 -DDEBUG -DUSE_HAL_DRIVER -DSTM32F103x6 -c -I../Core/Inc -I../Drivers/STM32F1xx_HAL_Driver/Inc/Legacy -I../Drivers/STM32F1xx_HAL_Driver/Inc -I../Drivers/CMSIS/Device/ST/STM32F1xx/Include -I../Drivers/CMSIS/Include -O0 -ffunction-sections -fdata-sections -Wall -fstack-usage -fcyclomatic-complexity -MMD -MP -MF"Core/Src/main.d" -MT"Core/Src/main.o" --specs=nano.specs -mfloat-abi=soft -mthumb -o "Core/Src/main.o"
arm-none-eabi-gcc -o "STM3205P.elf" @"objects.list"   -mcpu=cortex-m3 -T"C:\Users\lucas\Documents\Github\STM3205P\3.Firmware\STM3205P\STM32F103C6TX_FLASH.ld" --specs=nosys.specs -Wl,-Map="STM3205P.map" -Wl,--gc-sections -static --specs=nano.specs -mfloat-abi=soft -mthumb -Wl,--start-group -lc -lm -Wl,--end-group
Finished building target: STM3205P.elf
 
arm-none-eabi-size  STM3205P.elf 
arm-none-eabi-objdump -h -S STM3205P.elf  > "STM3205P.list"
   text	   data	    bss	    dec	    hex	filename
  12148	     12	   1844	  14004	   36b4	STM3205P.elf
Finished building: default.size.stdout
 
Finished building: STM3205P.list
 
19:32:50 **** Incremental Build of configuration Debug for project STM3205P ****
make -j12 all 
arm-none-eabi-gcc "../Core/Src/display.c" -mcpu=cortex-m3 -std=gnu11 -g3 -DDEBUG -DUSE_HAL_DRIVER -DSTM32F103x6 -c -I../Core/Inc -I../Drivers/STM32F1xx_HAL_Driver/Inc/Legacy -I../Drivers/STM32F1xx_HAL_Driver/Inc -I../Drivers/CMSIS/Device/ST/STM32F1xx/Include -I../Drivers/CMSIS/Include -O0 -ffunction-sections -fdata-sections -Wall -fstack-usage -fcyclomatic-complexity -MMD -MP -MF"Core/Src/display.d" -MT"Core/Src/display.o" --specs=nano.specs -mfloat-abi=soft -mthumb -o "Core/Src/display.o"
arm-none-eabi-gcc "../Core/Src/main.c" -mcpu=cortex-m3 -std=gnu11 -g3 -DDEBUG -DUSE_HAL_DRIVER -DSTM32F103x6 -c -I../Core/Inc -I../Drivers/STM32F1xx_HAL_Driver/Inc/Legacy -I../Drivers/STM32F1xx_HAL_Driver/Inc -I../Drivers/CMSIS/Device/ST/STM32F1xx/Include -I../Drivers/CMSIS/Include -O0 -ffunction-sections -fdata-sections -Wall -fstack-usage -fcyclomatic-complexity -MMD -MP -MF"Core/Src/main.d" -MT"Core/Src/main.o" --specs=nano.specs -mfloat-abi=soft -mthumb -o "Core/Src/main.o"
arm-none-eabi-gcc -o "STM3205P.elf" @"objects.list"   -mcpu=cortex-m3 -T"C:\Users\lucas\Documents\Github\STM3205P\3.Firmware\STM3205P\STM32F103C6TX_FLASH.ld" --specs=nosys.specs -Wl,-Map="STM3205P.map" -Wl,--gc-sections -static --specs=nano.specs -mfloat-abi=soft -mthumb -Wl,--start-group -lc -lm -Wl,--end-group
Finished building target: STM3205P.elf
 
arm-none-eabi-size  STM3205P.elf 
arm-none-eabi-objdump -h -S STM3205P.elf  > "STM3205P.list"
   text	   data	    bss	    dec	    hex	filename
  12148	     12	   1844	  14004	   36b4	STM3205P.elf
Finished building: default.size.stdout
 
Finished building: STM3205P.list
 
19:35:41 **** Incremental Build of configuration Debug for project STM3205P ****
make -j12 all 
arm-none-eabi-gcc "../Core/Src/display.c" -mcpu=cortex-m3 -std=gnu11 -g3 -DDEBUG -DUSE_HAL_DRIVER -DSTM32F103x6 -c -I../Core/Inc -I../Drivers/STM32F1xx_HAL_Driver/Inc/Legacy -I../Drivers/STM32F1xx_HAL_Driver/Inc -I../Drivers/CMSIS/Device/ST/STM32F1xx/Include -I../Drivers/CMSIS/Include -O0 -ffunction-sections -fdata-sections -Wall -fstack-usage -fcyclomatic-complexity -MMD -MP -MF"Core/Src/display.d" -MT"Core/Src/display.o" --specs=nano.specs -mfloat-abi=soft -mthumb -o "Core/Src/display.o"
arm-none-eabi-gcc "../Core/Src/main.c" -mcpu=cortex-m3 -std=gnu11 -g3 -DDEBUG -DUSE_HAL_DRIVER -DSTM32F103x6 -c -I../Core/Inc -I../Drivers/STM32F1xx_HAL_Driver/Inc/Legacy -I../Drivers/STM32F1xx_HAL_Driver/Inc -I../Drivers/CMSIS/Device/ST/STM32F1xx/Include -I../Drivers/CMSIS/Include -O0 -ffunction-sections -fdata-sections -Wall -fstack-usage -fcyclomatic-complexity -MMD -MP -MF"Core/Src/main.d" -MT"Core/Src/main.o" --specs=nano.specs -mfloat-abi=soft -mthumb -o "Core/Src/main.o"
arm-none-eabi-gcc -o "STM3205P.elf" @"objects.list"   -mcpu=cortex-m3 -T"C:\Users\lucas\Documents\Github\STM3205P\3.Firmware\STM3205P\STM32F103C6TX_FLASH.ld" --specs=nosys.specs -Wl,-Map="STM3205P.map" -Wl,--gc-sections -static --specs=nano.specs -mfloat-abi=soft -mthumb -Wl,--start-group -lc -lm -Wl,--end-group
Finished building target: STM3205P.elf
 
arm-none-eabi-size  STM3205P.elf 
arm-none-eabi-objdump -h -S STM3205P.elf  > "STM3205P.list"
   text	   data	    bss	    dec	    hex	filename
  12148	     12	   1844	  14004	   36b4	STM3205P.elf
Finished building: default.size.stdout
 
Finished building: STM3205P.list
 
19:39:30 **** Incremental Build of configuration Debug for project STM3205P ****
make -j12 all 
arm-none-eabi-gcc "../Core/Src/main.c" -mcpu=cortex-m3 -std=gnu11 -g3 -DDEBUG -DUSE_HAL_DRIVER -DSTM32F103x6 -c -I../Core/Inc -I../Drivers/STM32F1xx_HAL_Driver/Inc/Legacy -I../Drivers/STM32F1xx_HAL_Driver/Inc -I../Drivers/CMSIS/Device/ST/STM32F1xx/Include -I../Drivers/CMSIS/Include -O0 -ffunction-sections -fdata-sections -Wall -fstack-usage -fcyclomatic-complexity -MMD -MP -MF"Core/Src/main.d" -MT"Core/Src/main.o" --specs=nano.specs -mfloat-abi=soft -mthumb -o "Core/Src/main.o"
arm-none-eabi-gcc -o "STM3205P.elf" @"objects.list"   -mcpu=cortex-m3 -T"C:\Users\lucas\Documents\Github\STM3205P\3.Firmware\STM3205P\STM32F103C6TX_FLASH.ld" --specs=nosys.specs -Wl,-Map="STM3205P.map" -Wl,--gc-sections -static --specs=nano.specs -mfloat-abi=soft -mthumb -Wl,--start-group -lc -lm -Wl,--end-group
Finished building target: STM3205P.elf
 
arm-none-eabi-size  STM3205P.elf 
arm-none-eabi-objdump -h -S STM3205P.elf  > "STM3205P.list"
   text	   data	    bss	    dec	    hex	filename
  12444	     12	   1844	  14300	   37dc	STM3205P.elf
Finished building: default.size.stdout
 
Finished building: STM3205P.list
 
19:43:43 **** Incremental Build of configuration Debug for project STM3205P ****
make -j12 all 
arm-none-eabi-gcc "../Core/Src/main.c" -mcpu=cortex-m3 -std=gnu11 -g3 -DDEBUG -DUSE_HAL_DRIVER -DSTM32F103x6 -c -I../Core/Inc -I../Drivers/STM32F1xx_HAL_Driver/Inc/Legacy -I../Drivers/STM32F1xx_HAL_Driver/Inc -I../Drivers/CMSIS/Device/ST/STM32F1xx/Include -I../Drivers/CMSIS/Include -O0 -ffunction-sections -fdata-sections -Wall -fstack-usage -fcyclomatic-complexity -MMD -MP -MF"Core/Src/main.d" -MT"Core/Src/main.o" --specs=nano.specs -mfloat-abi=soft -mthumb -o "Core/Src/main.o"
arm-none-eabi-gcc -o "STM3205P.elf" @"objects.list"   -mcpu=cortex-m3 -T"C:\Users\lucas\Documents\Github\STM3205P\3.Firmware\STM3205P\STM32F103C6TX_FLASH.ld" --specs=nosys.specs -Wl,-Map="STM3205P.map" -Wl,--gc-sections -static --specs=nano.specs -mfloat-abi=soft -mthumb -Wl,--start-group -lc -lm -Wl,--end-group
Finished building target: STM3205P.elf
 
arm-none-eabi-size  STM3205P.elf 
arm-none-eabi-objdump -h -S STM3205P.elf  > "STM3205P.list"
   text	   data	    bss	    dec	    hex	filename
  12740	     12	   1844	  14596	   3904	STM3205P.elf
Finished building: default.size.stdout
 
Finished building: STM3205P.list
 
19:45:33 **** Incremental Build of configuration Debug for project STM3205P ****
make -j12 all 
arm-none-eabi-gcc "../Core/Src/main.c" -mcpu=cortex-m3 -std=gnu11 -g3 -DDEBUG -DUSE_HAL_DRIVER -DSTM32F103x6 -c -I../Core/Inc -I../Drivers/STM32F1xx_HAL_Driver/Inc/Legacy -I../Drivers/STM32F1xx_HAL_Driver/Inc -I../Drivers/CMSIS/Device/ST/STM32F1xx/Include -I../Drivers/CMSIS/Include -O0 -ffunction-sections -fdata-sections -Wall -fstack-usage -fcyclomatic-complexity -MMD -MP -MF"Core/Src/main.d" -MT"Core/Src/main.o" --specs=nano.specs -mfloat-abi=soft -mthumb -o "Core/Src/main.o"
arm-none-eabi-gcc -o "STM3205P.elf" @"objects.list"   -mcpu=cortex-m3 -T"C:\Users\lucas\Documents\Github\STM3205P\3.Firmware\STM3205P\STM32F103C6TX_FLASH.ld" --specs=nosys.specs -Wl,-Map="STM3205P.map" -Wl,--gc-sections -static --specs=nano.specs -mfloat-abi=soft -mthumb -Wl,--start-group -lc -lm -Wl,--end-group
Finished building target: STM3205P.elf
 
arm-none-eabi-size  STM3205P.elf 
arm-none-eabi-objdump -h -S STM3205P.elf  > "STM3205P.list"
   text	   data	    bss	    dec	    hex	filename
  13028	     12	   1844	  14884	   3a24	STM3205P.elf
Finished building: default.size.stdout
 
Finished building: STM3205P.list
 
20:20:16 **** Incremental Build of configuration Debug for project STM3205P ****
make -j12 all 
arm-none-eabi-gcc "../Core/Src/display.c" -mcpu=cortex-m3 -std=gnu11 -g3 -DDEBUG -DUSE_HAL_DRIVER -DSTM32F103x6 -c -I../Core/Inc -I../Drivers/STM32F1xx_HAL_Driver/Inc/Legacy -I../Drivers/STM32F1xx_HAL_Driver/Inc -I../Drivers/CMSIS/Device/ST/STM32F1xx/Include -I../Drivers/CMSIS/Include -O0 -ffunction-sections -fdata-sections -Wall -fstack-usage -fcyclomatic-complexity -MMD -MP -MF"Core/Src/display.d" -MT"Core/Src/display.o" --specs=nano.specs -mfloat-abi=soft -mthumb -o "Core/Src/display.o"
arm-none-eabi-gcc "../Core/Src/main.c" -mcpu=cortex-m3 -std=gnu11 -g3 -DDEBUG -DUSE_HAL_DRIVER -DSTM32F103x6 -c -I../Core/Inc -I../Drivers/STM32F1xx_HAL_Driver/Inc/Legacy -I../Drivers/STM32F1xx_HAL_Driver/Inc -I../Drivers/CMSIS/Device/ST/STM32F1xx/Include -I../Drivers/CMSIS/Include -O0 -ffunction-sections -fdata-sections -Wall -fstack-usage -fcyclomatic-complexity -MMD -MP -MF"Core/Src/main.d" -MT"Core/Src/main.o" --specs=nano.specs -mfloat-abi=soft -mthumb -o "Core/Src/main.o"
In file included from ../Core/Src/display.c:23:
../Core/Src/display.h:118:57: error: unknown type name 'bool'
  118 | extern void display_SetNumberOnMemory(uint8_t bus_high, bool dot_high, uint8_t bus_low, bool dot_low, uint8_t display);
      |                                                         ^~~~
../Core/Src/display.h:27:1: note: 'bool' is defined in header '<stdbool.h>'; did you forget to '#include <stdbool.h>'?
   26 | #include "math.h"
  +++ |+#include <stdbool.h>
   27 | 
../Core/Src/display.h:118:89: error: unknown type name 'bool'
  118 | extern void display_SetNumberOnMemory(uint8_t bus_high, bool dot_high, uint8_t bus_low, bool dot_low, uint8_t display);
      |                                                                                         ^~~~
../Core/Src/display.h:118:89: note: 'bool' is defined in header '<stdbool.h>'; did you forget to '#include <stdbool.h>'?
In file included from ../Core/Src/main.c:21:
../Core/Src/display.h:118:57: error: unknown type name 'bool'
  118 | extern void display_SetNumberOnMemory(uint8_t bus_high, bool dot_high, uint8_t bus_low, bool dot_low, uint8_t display);
      |                                                         ^~~~
../Core/Src/display.c:283:6: error: conflicting types for 'display_PrepareData'; have 'void(float,  float)'
  283 | void display_PrepareData(float voltage, float current)
      |      ^~~~~~~~~~~~~~~~~~~
../Core/Src/display.h:27:1: note: 'bool' is defined in header '<stdbool.h>'; did you forget to '#include <stdbool.h>'?
   26 | #include "math.h"
  +++ |+#include <stdbool.h>
   27 | 
../Core/Src/display.c:284:1: note: an argument type that has a default promotion cannot match an empty parameter name list declaration
  284 | {
      | ^
../Core/Src/display.h:118:89: error: unknown type name 'bool'
  118 | extern void display_SetNumberOnMemory(uint8_t bus_high, bool dot_high, uint8_t bus_low, bool dot_low, uint8_t display);
      |                                                                                         ^~~~
../Core/Src/display.h:116:13: note: previous declaration of 'display_PrepareData' with type 'void()'
  116 | extern void display_PrepareData();
      |             ^~~~~~~~~~~~~~~~~~~
../Core/Src/display.h:118:89: note: 'bool' is defined in header '<stdbool.h>'; did you forget to '#include <stdbool.h>'?
../Core/Src/display.c: In function 'display_PrepareData':
../Core/Src/display.c:305:49: error: 'value' undeclared (first use in this function)
  305 |                 voltage_int = (uint16_t)(roundf(value * 1000)); // Convert to integer
      |                                                 ^~~~~
../Core/Src/display.c:305:49: note: each undeclared identifier is reported only once for each function it appears in
../Core/Src/main.c: In function 'main':
../Core/Src/main.c:93:18: warning: unused variable 'disp_delay' [-Wunused-variable]
   93 |         uint16_t disp_delay = 200;
      |                  ^~~~~~~~~~
../Core/Src/display.c:329:9: warning: implicit declaration of function 'display_SetNumberOnMemory'; did you mean 'display_SetCharOnMemory'? [-Wimplicit-function-declaration]
  329 |         display_SetNumberOnMemory(vd1, true, cd1, true, 1);
      |         ^~~~~~~~~~~~~~~~~~~~~~~~~
      |         display_SetCharOnMemory
../Core/Src/display.c:329:40: error: 'true' undeclared (first use in this function)
  329 |         display_SetNumberOnMemory(vd1, true, cd1, true, 1);
      |                                        ^~~~
../Core/Src/display.c:24:1: note: 'true' is defined in header '<stdbool.h>'; did you forget to '#include <stdbool.h>'?
   23 | #include "display.h"
  +++ |+#include <stdbool.h>
   24 | 
../Core/Src/display.c:330:48: error: 'false' undeclared (first use in this function)
  330 |                 display_SetNumberOnMemory(vd2, false, cd2, false, 2);
      |                                                ^~~~~
../Core/Src/display.c:330:48: note: 'false' is defined in header '<stdbool.h>'; did you forget to '#include <stdbool.h>'?
../Core/Src/display.c: At top level:
../Core/Src/display.c:399:50: error: unknown type name 'bool'
  399 | void display_SetNumberOnMemory(uint8_t bus_high, bool dot_high, uint8_t bus_low, bool dot_low, uint8_t display)
      |                                                  ^~~~
../Core/Src/display.c:399:50: note: 'bool' is defined in header '<stdbool.h>'; did you forget to '#include <stdbool.h>'?
../Core/Src/display.c:399:82: error: unknown type name 'bool'
  399 | void display_SetNumberOnMemory(uint8_t bus_high, bool dot_high, uint8_t bus_low, bool dot_low, uint8_t display)
      |                                                                                  ^~~~
../Core/Src/display.c:399:82: note: 'bool' is defined in header '<stdbool.h>'; did you forget to '#include <stdbool.h>'?
make: *** [Core/Src/subdir.mk:37: Core/Src/main.o] Error 1
make: *** Waiting for unfinished jobs....
../Core/Src/display.c: In function 'display_GetNumberData':
../Core/Src/display.c:500:1: warning: control reaches end of non-void function [-Wreturn-type]
  500 | }
      | ^
make: *** [Core/Src/subdir.mk:37: Core/Src/display.o] Error 1
"make -j12 all" terminated with exit code 2. Build might be incomplete.
20:22:41 **** Incremental Build of configuration Debug for project STM3205P ****
make -j12 all 
arm-none-eabi-gcc "../Core/Src/display.c" -mcpu=cortex-m3 -std=gnu11 -g3 -DDEBUG -DUSE_HAL_DRIVER -DSTM32F103x6 -c -I../Core/Inc -I../Drivers/STM32F1xx_HAL_Driver/Inc/Legacy -I../Drivers/STM32F1xx_HAL_Driver/Inc -I../Drivers/CMSIS/Device/ST/STM32F1xx/Include -I../Drivers/CMSIS/Include -O0 -ffunction-sections -fdata-sections -Wall -fstack-usage -fcyclomatic-complexity -MMD -MP -MF"Core/Src/display.d" -MT"Core/Src/display.o" --specs=nano.specs -mfloat-abi=soft -mthumb -o "Core/Src/display.o"
arm-none-eabi-gcc "../Core/Src/main.c" -mcpu=cortex-m3 -std=gnu11 -g3 -DDEBUG -DUSE_HAL_DRIVER -DSTM32F103x6 -c -I../Core/Inc -I../Drivers/STM32F1xx_HAL_Driver/Inc/Legacy -I../Drivers/STM32F1xx_HAL_Driver/Inc -I../Drivers/CMSIS/Device/ST/STM32F1xx/Include -I../Drivers/CMSIS/Include -O0 -ffunction-sections -fdata-sections -Wall -fstack-usage -fcyclomatic-complexity -MMD -MP -MF"Core/Src/main.d" -MT"Core/Src/main.o" --specs=nano.specs -mfloat-abi=soft -mthumb -o "Core/Src/main.o"
../Core/Src/display.c:283:6: error: conflicting types for 'display_PrepareData'; have 'void(float,  float)'
  283 | void display_PrepareData(float voltage, float current)
      |      ^~~~~~~~~~~~~~~~~~~
../Core/Src/display.c:284:1: note: an argument type that has a default promotion cannot match an empty parameter name list declaration
  284 | {
      | ^
In file included from ../Core/Src/display.c:23:
../Core/Src/display.h:117:13: note: previous declaration of 'display_PrepareData' with type 'void()'
  117 | extern void display_PrepareData();
      |             ^~~~~~~~~~~~~~~~~~~
../Core/Src/display.c: In function 'display_SetNumberOnMemory':
../Core/Src/display.c:401:26: error: too few arguments to function 'display_GetNumberData'
  401 |         uint16_t dataH = display_GetNumberData(bus_high);
      |                          ^~~~~~~~~~~~~~~~~~~~~
../Core/Src/display.h:120:16: note: declared here
  120 | extern uint8_t display_GetNumberData(uint8_t number, uint8_t display);
      |                ^~~~~~~~~~~~~~~~~~~~~
../Core/Src/display.c:402:26: error: too few arguments to function 'display_GetNumberData'
  402 |         uint16_t dataL = display_GetNumberData(bus_low);
      |                          ^~~~~~~~~~~~~~~~~~~~~
../Core/Src/display.h:120:16: note: declared here
  120 | extern uint8_t display_GetNumberData(uint8_t number, uint8_t display);
      |                ^~~~~~~~~~~~~~~~~~~~~
../Core/Src/display.c: In function 'display_GetNumberData':
../Core/Src/display.c:500:1: warning: control reaches end of non-void function [-Wreturn-type]
  500 | }
      | ^
../Core/Src/main.c: In function 'main':
../Core/Src/main.c:93:18: warning: unused variable 'disp_delay' [-Wunused-variable]
   93 |         uint16_t disp_delay = 200;
      |                  ^~~~~~~~~~
make: *** [Core/Src/subdir.mk:37: Core/Src/display.o] Error 1
make: *** Waiting for unfinished jobs....
"make -j12 all" terminated with exit code 2. Build might be incomplete.
20:23:11 **** Incremental Build of configuration Debug for project STM3205P ****
make -j12 all 
arm-none-eabi-gcc "../Core/Src/display.c" -mcpu=cortex-m3 -std=gnu11 -g3 -DDEBUG -DUSE_HAL_DRIVER -DSTM32F103x6 -c -I../Core/Inc -I../Drivers/STM32F1xx_HAL_Driver/Inc/Legacy -I../Drivers/STM32F1xx_HAL_Driver/Inc -I../Drivers/CMSIS/Device/ST/STM32F1xx/Include -I../Drivers/CMSIS/Include -O0 -ffunction-sections -fdata-sections -Wall -fstack-usage -fcyclomatic-complexity -MMD -MP -MF"Core/Src/display.d" -MT"Core/Src/display.o" --specs=nano.specs -mfloat-abi=soft -mthumb -o "Core/Src/display.o"
arm-none-eabi-gcc "../Core/Src/main.c" -mcpu=cortex-m3 -std=gnu11 -g3 -DDEBUG -DUSE_HAL_DRIVER -DSTM32F103x6 -c -I../Core/Inc -I../Drivers/STM32F1xx_HAL_Driver/Inc/Legacy -I../Drivers/STM32F1xx_HAL_Driver/Inc -I../Drivers/CMSIS/Device/ST/STM32F1xx/Include -I../Drivers/CMSIS/Include -O0 -ffunction-sections -fdata-sections -Wall -fstack-usage -fcyclomatic-complexity -MMD -MP -MF"Core/Src/main.d" -MT"Core/Src/main.o" --specs=nano.specs -mfloat-abi=soft -mthumb -o "Core/Src/main.o"
../Core/Src/display.c: In function 'display_SetNumberOnMemory':
../Core/Src/display.c:401:26: error: too few arguments to function 'display_GetNumberData'
  401 |         uint16_t dataH = display_GetNumberData(bus_high);
      |                          ^~~~~~~~~~~~~~~~~~~~~
In file included from ../Core/Src/display.c:23:
../Core/Src/display.h:119:16: note: declared here
  119 | extern uint8_t display_GetNumberData(uint8_t number, uint8_t display);
      |                ^~~~~~~~~~~~~~~~~~~~~
../Core/Src/display.c:402:26: error: too few arguments to function 'display_GetNumberData'
  402 |         uint16_t dataL = display_GetNumberData(bus_low);
      |                          ^~~~~~~~~~~~~~~~~~~~~
../Core/Src/display.h:119:16: note: declared here
  119 | extern uint8_t display_GetNumberData(uint8_t number, uint8_t display);
      |                ^~~~~~~~~~~~~~~~~~~~~
../Core/Src/display.c: In function 'display_GetNumberData':
../Core/Src/display.c:500:1: warning: control reaches end of non-void function [-Wreturn-type]
  500 | }
      | ^
make: *** [Core/Src/subdir.mk:37: Core/Src/display.o] Error 1
make: *** Waiting for unfinished jobs....
../Core/Src/main.c: In function 'main':
../Core/Src/main.c:93:18: warning: unused variable 'disp_delay' [-Wunused-variable]
   93 |         uint16_t disp_delay = 200;
      |                  ^~~~~~~~~~
"make -j12 all" terminated with exit code 2. Build might be incomplete.
20:23:47 **** Incremental Build of configuration Debug for project STM3205P ****
make -j12 all 
arm-none-eabi-gcc "../Core/Src/display.c" -mcpu=cortex-m3 -std=gnu11 -g3 -DDEBUG -DUSE_HAL_DRIVER -DSTM32F103x6 -c -I../Core/Inc -I../Drivers/STM32F1xx_HAL_Driver/Inc/Legacy -I../Drivers/STM32F1xx_HAL_Driver/Inc -I../Drivers/CMSIS/Device/ST/STM32F1xx/Include -I../Drivers/CMSIS/Include -O0 -ffunction-sections -fdata-sections -Wall -fstack-usage -fcyclomatic-complexity -MMD -MP -MF"Core/Src/display.d" -MT"Core/Src/display.o" --specs=nano.specs -mfloat-abi=soft -mthumb -o "Core/Src/display.o"
../Core/Src/display.c: In function 'display_GetNumberData':
../Core/Src/display.c:500:1: warning: control reaches end of non-void function [-Wreturn-type]
  500 | }
      | ^
arm-none-eabi-gcc -o "STM3205P.elf" @"objects.list"   -mcpu=cortex-m3 -T"C:\Users\lucas\Documents\Github\STM3205P\3.Firmware\STM3205P\STM32F103C6TX_FLASH.ld" --specs=nosys.specs -Wl,-Map="STM3205P.map" -Wl,--gc-sections -static --specs=nano.specs -mfloat-abi=soft -mthumb -Wl,--start-group -lc -lm -Wl,--end-group
Finished building target: STM3205P.elf
 
arm-none-eabi-size  STM3205P.elf 
arm-none-eabi-objdump -h -S STM3205P.elf  > "STM3205P.list"
   text	   data	    bss	    dec	    hex	filename
  11460	     12	   1844	  13316	   3404	STM3205P.elf
Finished building: default.size.stdout
 
Finished building: STM3205P.list
 
20:24:05 **** Incremental Build of configuration Debug for project STM3205P ****
make -j12 all 
arm-none-eabi-gcc "../Core/Src/display.c" -mcpu=cortex-m3 -std=gnu11 -g3 -DDEBUG -DUSE_HAL_DRIVER -DSTM32F103x6 -c -I../Core/Inc -I../Drivers/STM32F1xx_HAL_Driver/Inc/Legacy -I../Drivers/STM32F1xx_HAL_Driver/Inc -I../Drivers/CMSIS/Device/ST/STM32F1xx/Include -I../Drivers/CMSIS/Include -O0 -ffunction-sections -fdata-sections -Wall -fstack-usage -fcyclomatic-complexity -MMD -MP -MF"Core/Src/display.d" -MT"Core/Src/display.o" --specs=nano.specs -mfloat-abi=soft -mthumb -o "Core/Src/display.o"
arm-none-eabi-gcc -o "STM3205P.elf" @"objects.list"   -mcpu=cortex-m3 -T"C:\Users\lucas\Documents\Github\STM3205P\3.Firmware\STM3205P\STM32F103C6TX_FLASH.ld" --specs=nosys.specs -Wl,-Map="STM3205P.map" -Wl,--gc-sections -static --specs=nano.specs -mfloat-abi=soft -mthumb -Wl,--start-group -lc -lm -Wl,--end-group
Finished building target: STM3205P.elf
 
arm-none-eabi-size  STM3205P.elf 
arm-none-eabi-objdump -h -S STM3205P.elf  > "STM3205P.list"
   text	   data	    bss	    dec	    hex	filename
  11460	     12	   1844	  13316	   3404	STM3205P.elf
Finished building: default.size.stdout
 
Finished building: STM3205P.list
 
20:25:32 **** Incremental Build of configuration Debug for project STM3205P ****
make -j12 all 
arm-none-eabi-gcc "../Core/Src/main.c" -mcpu=cortex-m3 -std=gnu11 -g3 -DDEBUG -DUSE_HAL_DRIVER -DSTM32F103x6 -c -I../Core/Inc -I../Drivers/STM32F1xx_HAL_Driver/Inc/Legacy -I../Drivers/STM32F1xx_HAL_Driver/Inc -I../Drivers/CMSIS/Device/ST/STM32F1xx/Include -I../Drivers/CMSIS/Include -O0 -ffunction-sections -fdata-sections -Wall -fstack-usage -fcyclomatic-complexity -MMD -MP -MF"Core/Src/main.d" -MT"Core/Src/main.o" --specs=nano.specs -mfloat-abi=soft -mthumb -o "Core/Src/main.o"
arm-none-eabi-gcc -o "STM3205P.elf" @"objects.list"   -mcpu=cortex-m3 -T"C:\Users\lucas\Documents\Github\STM3205P\3.Firmware\STM3205P\STM32F103C6TX_FLASH.ld" --specs=nosys.specs -Wl,-Map="STM3205P.map" -Wl,--gc-sections -static --specs=nano.specs -mfloat-abi=soft -mthumb -Wl,--start-group -lc -lm -Wl,--end-group
Finished building target: STM3205P.elf
 
arm-none-eabi-size  STM3205P.elf 
arm-none-eabi-objdump -h -S STM3205P.elf  > "STM3205P.list"
   text	   data	    bss	    dec	    hex	filename
  14000	     12	   1844	  15856	   3df0	STM3205P.elf
Finished building: default.size.stdout
 
Finished building: STM3205P.list
 
20:48:04 **** Incremental Build of configuration Debug for project STM3205P ****
make -j12 all 
arm-none-eabi-gcc "../Core/Src/display.c" -mcpu=cortex-m3 -std=gnu11 -g3 -DDEBUG -DUSE_HAL_DRIVER -DSTM32F103x6 -c -I../Core/Inc -I../Drivers/STM32F1xx_HAL_Driver/Inc/Legacy -I../Drivers/STM32F1xx_HAL_Driver/Inc -I../Drivers/CMSIS/Device/ST/STM32F1xx/Include -I../Drivers/CMSIS/Include -O0 -ffunction-sections -fdata-sections -Wall -fstack-usage -fcyclomatic-complexity -MMD -MP -MF"Core/Src/display.d" -MT"Core/Src/display.o" --specs=nano.specs -mfloat-abi=soft -mthumb -o "Core/Src/display.o"
arm-none-eabi-gcc "../Core/Src/main.c" -mcpu=cortex-m3 -std=gnu11 -g3 -DDEBUG -DUSE_HAL_DRIVER -DSTM32F103x6 -c -I../Core/Inc -I../Drivers/STM32F1xx_HAL_Driver/Inc/Legacy -I../Drivers/STM32F1xx_HAL_Driver/Inc -I../Drivers/CMSIS/Device/ST/STM32F1xx/Include -I../Drivers/CMSIS/Include -O0 -ffunction-sections -fdata-sections -Wall -fstack-usage -fcyclomatic-complexity -MMD -MP -MF"Core/Src/main.d" -MT"Core/Src/main.o" --specs=nano.specs -mfloat-abi=soft -mthumb -o "Core/Src/main.o"
../Core/Src/display.c: In function 'display_PrepareData':
../Core/Src/display.c:300:9: warning: implicit declaration of function 'display_Float2Digits' [-Wimplicit-function-declaration]
  300 |         display_Float2Digits(voltage, &v_digits);
      |         ^~~~~~~~~~~~~~~~~~~~
../Core/Src/display.c: At top level:
../Core/Src/display.c:486:6: warning: conflicting types for 'display_Float2Digits'; have 'void(float,  Digits4_t *)'
  486 | void display_Float2Digits(float value, Digits4_t *digits)
      |      ^~~~~~~~~~~~~~~~~~~~
../Core/Src/display.c:300:9: note: previous implicit declaration of 'display_Float2Digits' with type 'void(float,  Digits4_t *)'
  300 |         display_Float2Digits(voltage, &v_digits);
      |         ^~~~~~~~~~~~~~~~~~~~
../Core/Src/display.c: In function 'display_Float2Digits':
../Core/Src/display.c:493:47: error: 'voltage' undeclared (first use in this function)
  493 |                 value_int = (uint16_t)(roundf(voltage * 1000));
      |                                               ^~~~~~~
../Core/Src/display.c:493:47: note: each undeclared identifier is reported only once for each function it appears in
make: *** [Core/Src/subdir.mk:37: Core/Src/display.o] Error 1
make: *** Waiting for unfinished jobs....
"make -j12 all" terminated with exit code 2. Build might be incomplete.
20:48:25 **** Incremental Build of configuration Debug for project STM3205P ****
make -j12 all 
arm-none-eabi-gcc "../Core/Src/display.c" -mcpu=cortex-m3 -std=gnu11 -g3 -DDEBUG -DUSE_HAL_DRIVER -DSTM32F103x6 -c -I../Core/Inc -I../Drivers/STM32F1xx_HAL_Driver/Inc/Legacy -I../Drivers/STM32F1xx_HAL_Driver/Inc -I../Drivers/CMSIS/Device/ST/STM32F1xx/Include -I../Drivers/CMSIS/Include -O0 -ffunction-sections -fdata-sections -Wall -fstack-usage -fcyclomatic-complexity -MMD -MP -MF"Core/Src/display.d" -MT"Core/Src/display.o" --specs=nano.specs -mfloat-abi=soft -mthumb -o "Core/Src/display.o"
arm-none-eabi-gcc "../Core/Src/main.c" -mcpu=cortex-m3 -std=gnu11 -g3 -DDEBUG -DUSE_HAL_DRIVER -DSTM32F103x6 -c -I../Core/Inc -I../Drivers/STM32F1xx_HAL_Driver/Inc/Legacy -I../Drivers/STM32F1xx_HAL_Driver/Inc -I../Drivers/CMSIS/Device/ST/STM32F1xx/Include -I../Drivers/CMSIS/Include -O0 -ffunction-sections -fdata-sections -Wall -fstack-usage -fcyclomatic-complexity -MMD -MP -MF"Core/Src/main.d" -MT"Core/Src/main.o" --specs=nano.specs -mfloat-abi=soft -mthumb -o "Core/Src/main.o"
../Core/Src/display.c: In function 'display_Float2Digits':
../Core/Src/display.c:493:47: error: 'voltage' undeclared (first use in this function)
  493 |                 value_int = (uint16_t)(roundf(voltage * 1000));
      |                                               ^~~~~~~
../Core/Src/display.c:493:47: note: each undeclared identifier is reported only once for each function it appears in
make: *** [Core/Src/subdir.mk:37: Core/Src/display.o] Error 1
make: *** Waiting for unfinished jobs....
"make -j12 all" terminated with exit code 2. Build might be incomplete.
20:48:41 **** Incremental Build of configuration Debug for project STM3205P ****
make -j12 all 
arm-none-eabi-gcc "../Core/Src/display.c" -mcpu=cortex-m3 -std=gnu11 -g3 -DDEBUG -DUSE_HAL_DRIVER -DSTM32F103x6 -c -I../Core/Inc -I../Drivers/STM32F1xx_HAL_Driver/Inc/Legacy -I../Drivers/STM32F1xx_HAL_Driver/Inc -I../Drivers/CMSIS/Device/ST/STM32F1xx/Include -I../Drivers/CMSIS/Include -O0 -ffunction-sections -fdata-sections -Wall -fstack-usage -fcyclomatic-complexity -MMD -MP -MF"Core/Src/display.d" -MT"Core/Src/display.o" --specs=nano.specs -mfloat-abi=soft -mthumb -o "Core/Src/display.o"
../Core/Src/display.c: In function 'display_PrepareData':
../Core/Src/display.c:290:20: warning: 'v_digits.dot_position' is used uninitialized [-Wuninitialized]
  290 |         if(v_digits.dot_position)
      |            ~~~~~~~~^~~~~~~~~~~~~
../Core/Src/display.c:285:19: note: 'v_digits' declared here
  285 |         Digits4_t v_digits;
      |                   ^~~~~~~~
../Core/Src/display.c:292:31: warning: 'v_digits.dot_position' may be used uninitialized [-Wmaybe-uninitialized]
  292 |                 v_dot[v_digits.dot_position - 1] = 1;
      |                       ~~~~~~~~^~~~~~~~~~~~~
../Core/Src/display.c:285:19: note: 'v_digits' declared here
  285 |         Digits4_t v_digits;
      |                   ^~~~~~~~
../Core/Src/display.c:295:20: warning: 'c_digits.dot_position' is used uninitialized [-Wuninitialized]
  295 |         if(c_digits.dot_position)
      |            ~~~~~~~~^~~~~~~~~~~~~
../Core/Src/display.c:286:19: note: 'c_digits' declared here
  286 |         Digits4_t c_digits;
      |                   ^~~~~~~~
../Core/Src/display.c:297:31: warning: 'c_digits.dot_position' may be used uninitialized [-Wmaybe-uninitialized]
  297 |                 c_dot[c_digits.dot_position - 1] = 1;
      |                       ~~~~~~~~^~~~~~~~~~~~~
../Core/Src/display.c:286:19: note: 'c_digits' declared here
  286 |         Digits4_t c_digits;
      |                   ^~~~~~~~
arm-none-eabi-gcc -o "STM3205P.elf" @"objects.list"   -mcpu=cortex-m3 -T"C:\Users\lucas\Documents\Github\STM3205P\3.Firmware\STM3205P\STM32F103C6TX_FLASH.ld" --specs=nosys.specs -Wl,-Map="STM3205P.map" -Wl,--gc-sections -static --specs=nano.specs -mfloat-abi=soft -mthumb -Wl,--start-group -lc -lm -Wl,--end-group
Finished building target: STM3205P.elf
 
arm-none-eabi-size  STM3205P.elf 
arm-none-eabi-objdump -h -S STM3205P.elf  > "STM3205P.list"
   text	   data	    bss	    dec	    hex	filename
  13996	     12	   1844	  15852	   3dec	STM3205P.elf
Finished building: default.size.stdout
 
Finished building: STM3205P.list
 
20:48:56 **** Incremental Build of configuration Debug for project STM3205P ****
make -j12 all 
arm-none-eabi-gcc "../Core/Src/display.c" -mcpu=cortex-m3 -std=gnu11 -g3 -DDEBUG -DUSE_HAL_DRIVER -DSTM32F103x6 -c -I../Core/Inc -I../Drivers/STM32F1xx_HAL_Driver/Inc/Legacy -I../Drivers/STM32F1xx_HAL_Driver/Inc -I../Drivers/CMSIS/Device/ST/STM32F1xx/Include -I../Drivers/CMSIS/Include -O0 -ffunction-sections -fdata-sections -Wall -fstack-usage -fcyclomatic-complexity -MMD -MP -MF"Core/Src/display.d" -MT"Core/Src/display.o" --specs=nano.specs -mfloat-abi=soft -mthumb -o "Core/Src/display.o"
arm-none-eabi-gcc -o "STM3205P.elf" @"objects.list"   -mcpu=cortex-m3 -T"C:\Users\lucas\Documents\Github\STM3205P\3.Firmware\STM3205P\STM32F103C6TX_FLASH.ld" --specs=nosys.specs -Wl,-Map="STM3205P.map" -Wl,--gc-sections -static --specs=nano.specs -mfloat-abi=soft -mthumb -Wl,--start-group -lc -lm -Wl,--end-group
Finished building target: STM3205P.elf
 
arm-none-eabi-size  STM3205P.elf 
arm-none-eabi-objdump -h -S STM3205P.elf  > "STM3205P.list"
   text	   data	    bss	    dec	    hex	filename
  13996	     12	   1844	  15852	   3dec	STM3205P.elf
Finished building: default.size.stdout
 
Finished building: STM3205P.list
 
20:49:00 **** Incremental Build of configuration Debug for project STM3205P ****
make -j12 all 
arm-none-eabi-size  STM3205P.elf 
   text	   data	    bss	    dec	    hex	filename
  13996	     12	   1844	  15852	   3dec	STM3205P.elf
Finished building: default.size.stdout
 
20:50:01 **** Incremental Build of configuration Debug for project STM3205P ****
make -j12 all 
arm-none-eabi-size  STM3205P.elf 
   text	   data	    bss	    dec	    hex	filename
  13996	     12	   1844	  15852	   3dec	STM3205P.elf
Finished building: default.size.stdout
 
20:50:17 **** Incremental Build of configuration Debug for project STM3205P ****
make -j12 all 
arm-none-eabi-size  STM3205P.elf 
   text	   data	    bss	    dec	    hex	filename
  13996	     12	   1844	  15852	   3dec	STM3205P.elf
Finished building: default.size.stdout
 
20:50:35 **** Incremental Build of configuration Debug for project STM3205P ****
make -j12 all 
arm-none-eabi-size  STM3205P.elf 
   text	   data	    bss	    dec	    hex	filename
  13996	     12	   1844	  15852	   3dec	STM3205P.elf
Finished building: default.size.stdout
 
20:51:53 **** Incremental Build of configuration Debug for project STM3205P ****
make -j12 all 
arm-none-eabi-gcc "../Core/Src/display.c" -mcpu=cortex-m3 -std=gnu11 -g3 -DDEBUG -DUSE_HAL_DRIVER -DSTM32F103x6 -c -I../Core/Inc -I../Drivers/STM32F1xx_HAL_Driver/Inc/Legacy -I../Drivers/STM32F1xx_HAL_Driver/Inc -I../Drivers/CMSIS/Device/ST/STM32F1xx/Include -I../Drivers/CMSIS/Include -O0 -ffunction-sections -fdata-sections -Wall -fstack-usage -fcyclomatic-complexity -MMD -MP -MF"Core/Src/display.d" -MT"Core/Src/display.o" --specs=nano.specs -mfloat-abi=soft -mthumb -o "Core/Src/display.o"
arm-none-eabi-gcc -o "STM3205P.elf" @"objects.list"   -mcpu=cortex-m3 -T"C:\Users\lucas\Documents\Github\STM3205P\3.Firmware\STM3205P\STM32F103C6TX_FLASH.ld" --specs=nosys.specs -Wl,-Map="STM3205P.map" -Wl,--gc-sections -static --specs=nano.specs -mfloat-abi=soft -mthumb -Wl,--start-group -lc -lm -Wl,--end-group
Finished building target: STM3205P.elf
 
arm-none-eabi-size  STM3205P.elf 
arm-none-eabi-objdump -h -S STM3205P.elf  > "STM3205P.list"
   text	   data	    bss	    dec	    hex	filename
  13988	     12	   1844	  15844	   3de4	STM3205P.elf
Finished building: default.size.stdout
 
Finished building: STM3205P.list
 
18:37:28 **** Build of configuration Debug for project STM3205P ****
make -j12 all 
arm-none-eabi-gcc "../Core/Src/main.c" -mcpu=cortex-m3 -std=gnu11 -g3 -DDEBUG -DUSE_HAL_DRIVER -DSTM32F103x6 -c -I../Core/Inc -I../Drivers/STM32F1xx_HAL_Driver/Inc/Legacy -I../Drivers/STM32F1xx_HAL_Driver/Inc -I../Drivers/CMSIS/Device/ST/STM32F1xx/Include -I../Drivers/CMSIS/Include -O0 -ffunction-sections -fdata-sections -Wall -fstack-usage -fcyclomatic-complexity -MMD -MP -MF"Core/Src/main.d" -MT"Core/Src/main.o" --specs=nano.specs -mfloat-abi=soft -mthumb -o "Core/Src/main.o"
arm-none-eabi-gcc "../Core/Src/stm32f1xx_hal_msp.c" -mcpu=cortex-m3 -std=gnu11 -g3 -DDEBUG -DUSE_HAL_DRIVER -DSTM32F103x6 -c -I../Core/Inc -I../Drivers/STM32F1xx_HAL_Driver/Inc/Legacy -I../Drivers/STM32F1xx_HAL_Driver/Inc -I../Drivers/CMSIS/Device/ST/STM32F1xx/Include -I../Drivers/CMSIS/Include -O0 -ffunction-sections -fdata-sections -Wall -fstack-usage -fcyclomatic-complexity -MMD -MP -MF"Core/Src/stm32f1xx_hal_msp.d" -MT"Core/Src/stm32f1xx_hal_msp.o" --specs=nano.specs -mfloat-abi=soft -mthumb -o "Core/Src/stm32f1xx_hal_msp.o"
arm-none-eabi-gcc "../Core/Src/stm32f1xx_it.c" -mcpu=cortex-m3 -std=gnu11 -g3 -DDEBUG -DUSE_HAL_DRIVER -DSTM32F103x6 -c -I../Core/Inc -I../Drivers/STM32F1xx_HAL_Driver/Inc/Legacy -I../Drivers/STM32F1xx_HAL_Driver/Inc -I../Drivers/CMSIS/Device/ST/STM32F1xx/Include -I../Drivers/CMSIS/Include -O0 -ffunction-sections -fdata-sections -Wall -fstack-usage -fcyclomatic-complexity -MMD -MP -MF"Core/Src/stm32f1xx_it.d" -MT"Core/Src/stm32f1xx_it.o" --specs=nano.specs -mfloat-abi=soft -mthumb -o "Core/Src/stm32f1xx_it.o"
../Core/Src/main.c: In function 'HAL_TIM_PeriodElapsedCallback':
../Core/Src/main.c:75:9: warning: implicit declaration of function 'display_DisplayNext' [-Wimplicit-function-declaration]
   75 |         display_DisplayNext();
      |         ^~~~~~~~~~~~~~~~~~~
../Core/Src/main.c: In function 'HAL_ADC_ConvCpltCallback':
../Core/Src/main.c:86:18: warning: unused variable 'value1' [-Wunused-variable]
   86 |         uint16_t value1 = HAL_ADC_GetValue(&hadc1);
      |                  ^~~~~~
../Core/Src/main.c:90:18: warning: unused variable 'value2' [-Wunused-variable]
   90 |         uint16_t value2 = HAL_ADC_GetValue(&hadc2);
      |                  ^~~~~~
../Core/Src/main.c: In function 'main':
../Core/Src/main.c:137:3: warning: implicit declaration of function 'display_Init'; did you mean 'display3_Pin'? [-Wimplicit-function-declaration]
  137 |   display_Init();
      |   ^~~~~~~~~~~~
      |   display3_Pin
../Core/Src/main.c:105:18: warning: unused variable 'disp_delay' [-Wunused-variable]
  105 |         uint16_t disp_delay = 200;
      |                  ^~~~~~~~~~
arm-none-eabi-gcc -o "STM3205P.elf" @"objects.list"   -mcpu=cortex-m3 -T"C:\Users\lucas\Documents\Github\STM3205P\3.Firmware\STM3205P\STM32F103C6TX_FLASH.ld" --specs=nosys.specs -Wl,-Map="STM3205P.map" -Wl,--gc-sections -static --specs=nano.specs -mfloat-abi=soft -mthumb -Wl,--start-group -lc -lm -Wl,--end-group
Finished building target: STM3205P.elf
 
arm-none-eabi-size  STM3205P.elf 
arm-none-eabi-objdump -h -S STM3205P.elf  > "STM3205P.list"
   text	   data	    bss	    dec	    hex	filename
  12352	     12	   1844	  14208	   3780	STM3205P.elf
Finished building: default.size.stdout
 
Finished building: STM3205P.list
 
18:46:27 **** Incremental Build of configuration Debug for project STM3205P ****
make -j12 all 
arm-none-eabi-gcc "../Core/Src/main.c" -mcpu=cortex-m3 -std=gnu11 -g3 -DDEBUG -DUSE_HAL_DRIVER -DSTM32F103x6 -c -I../Core/Inc -I../Drivers/STM32F1xx_HAL_Driver/Inc/Legacy -I../Drivers/STM32F1xx_HAL_Driver/Inc -I../Drivers/CMSIS/Device/ST/STM32F1xx/Include -I../Drivers/CMSIS/Include -O0 -ffunction-sections -fdata-sections -Wall -fstack-usage -fcyclomatic-complexity -MMD -MP -MF"Core/Src/main.d" -MT"Core/Src/main.o" --specs=nano.specs -mfloat-abi=soft -mthumb -o "Core/Src/main.o"
../Core/Src/main.c: In function 'HAL_TIM_PeriodElapsedCallback':
../Core/Src/main.c:80:9: warning: implicit declaration of function 'display_DisplayNext' [-Wimplicit-function-declaration]
   80 |         display_DisplayNext();
      |         ^~~~~~~~~~~~~~~~~~~
../Core/Src/main.c:86:17: warning: implicit declaration of function 'display_PrepareData' [-Wimplicit-function-declaration]
   86 |                 display_PrepareData(fvalue1, fvalue2);
      |                 ^~~~~~~~~~~~~~~~~~~
../Core/Src/main.c: In function 'main':
../Core/Src/main.c:153:3: warning: implicit declaration of function 'display_Init'; did you mean 'display3_Pin'? [-Wimplicit-function-declaration]
  153 |   display_Init();
      |   ^~~~~~~~~~~~
      |   display3_Pin
../Core/Src/main.c:121:18: warning: unused variable 'disp_delay' [-Wunused-variable]
  121 |         uint16_t disp_delay = 200;
      |                  ^~~~~~~~~~
arm-none-eabi-gcc -o "STM3205P.elf" @"objects.list"   -mcpu=cortex-m3 -T"C:\Users\lucas\Documents\Github\STM3205P\3.Firmware\STM3205P\STM32F103C6TX_FLASH.ld" --specs=nosys.specs -Wl,-Map="STM3205P.map" -Wl,--gc-sections -static --specs=nano.specs -mfloat-abi=soft -mthumb -Wl,--start-group -lc -lm -Wl,--end-group
Finished building target: STM3205P.elf
 
arm-none-eabi-size  STM3205P.elf 
arm-none-eabi-objdump -h -S STM3205P.elf  > "STM3205P.list"
   text	   data	    bss	    dec	    hex	filename
  16124	     12	   1852	  17988	   4644	STM3205P.elf
Finished building: default.size.stdout
 
Finished building: STM3205P.list
 
18:46:51 **** Incremental Build of configuration Debug for project STM3205P ****
make -j12 all 
arm-none-eabi-gcc "../Core/Src/main.c" -mcpu=cortex-m3 -std=gnu11 -g3 -DDEBUG -DUSE_HAL_DRIVER -DSTM32F103x6 -c -I../Core/Inc -I../Drivers/STM32F1xx_HAL_Driver/Inc/Legacy -I../Drivers/STM32F1xx_HAL_Driver/Inc -I../Drivers/CMSIS/Device/ST/STM32F1xx/Include -I../Drivers/CMSIS/Include -O0 -ffunction-sections -fdata-sections -Wall -fstack-usage -fcyclomatic-complexity -MMD -MP -MF"Core/Src/main.d" -MT"Core/Src/main.o" --specs=nano.specs -mfloat-abi=soft -mthumb -o "Core/Src/main.o"
../Core/Src/main.c: In function 'main':
../Core/Src/main.c:121:18: warning: unused variable 'disp_delay' [-Wunused-variable]
  121 |         uint16_t disp_delay = 200;
      |                  ^~~~~~~~~~
arm-none-eabi-gcc -o "STM3205P.elf" @"objects.list"   -mcpu=cortex-m3 -T"C:\Users\lucas\Documents\Github\STM3205P\3.Firmware\STM3205P\STM32F103C6TX_FLASH.ld" --specs=nosys.specs -Wl,-Map="STM3205P.map" -Wl,--gc-sections -static --specs=nano.specs -mfloat-abi=soft -mthumb -Wl,--start-group -lc -lm -Wl,--end-group
Finished building target: STM3205P.elf
 
arm-none-eabi-size  STM3205P.elf 
arm-none-eabi-objdump -h -S STM3205P.elf  > "STM3205P.list"
   text	   data	    bss	    dec	    hex	filename
  15216	     12	   1852	  17080	   42b8	STM3205P.elf
Finished building: default.size.stdout
 
Finished building: STM3205P.list
 
18:47:04 **** Incremental Build of configuration Debug for project STM3205P ****
make -j12 all 
arm-none-eabi-gcc "../Core/Src/main.c" -mcpu=cortex-m3 -std=gnu11 -g3 -DDEBUG -DUSE_HAL_DRIVER -DSTM32F103x6 -c -I../Core/Inc -I../Drivers/STM32F1xx_HAL_Driver/Inc/Legacy -I../Drivers/STM32F1xx_HAL_Driver/Inc -I../Drivers/CMSIS/Device/ST/STM32F1xx/Include -I../Drivers/CMSIS/Include -O0 -ffunction-sections -fdata-sections -Wall -fstack-usage -fcyclomatic-complexity -MMD -MP -MF"Core/Src/main.d" -MT"Core/Src/main.o" --specs=nano.specs -mfloat-abi=soft -mthumb -o "Core/Src/main.o"
arm-none-eabi-gcc -o "STM3205P.elf" @"objects.list"   -mcpu=cortex-m3 -T"C:\Users\lucas\Documents\Github\STM3205P\3.Firmware\STM3205P\STM32F103C6TX_FLASH.ld" --specs=nosys.specs -Wl,-Map="STM3205P.map" -Wl,--gc-sections -static --specs=nano.specs -mfloat-abi=soft -mthumb -Wl,--start-group -lc -lm -Wl,--end-group
Finished building target: STM3205P.elf
 
arm-none-eabi-size  STM3205P.elf 
arm-none-eabi-objdump -h -S STM3205P.elf  > "STM3205P.list"
   text	   data	    bss	    dec	    hex	filename
  15212	     12	   1852	  17076	   42b4	STM3205P.elf
Finished building: default.size.stdout
 
Finished building: STM3205P.list
 
18:47:51 **** Incremental Build of configuration Debug for project STM3205P ****
make -j12 all 
arm-none-eabi-gcc "../Core/Src/main.c" -mcpu=cortex-m3 -std=gnu11 -g3 -DDEBUG -DUSE_HAL_DRIVER -DSTM32F103x6 -c -I../Core/Inc -I../Drivers/STM32F1xx_HAL_Driver/Inc/Legacy -I../Drivers/STM32F1xx_HAL_Driver/Inc -I../Drivers/CMSIS/Device/ST/STM32F1xx/Include -I../Drivers/CMSIS/Include -O0 -ffunction-sections -fdata-sections -Wall -fstack-usage -fcyclomatic-complexity -MMD -MP -MF"Core/Src/main.d" -MT"Core/Src/main.o" --specs=nano.specs -mfloat-abi=soft -mthumb -o "Core/Src/main.o"
arm-none-eabi-gcc -o "STM3205P.elf" @"objects.list"   -mcpu=cortex-m3 -T"C:\Users\lucas\Documents\Github\STM3205P\3.Firmware\STM3205P\STM32F103C6TX_FLASH.ld" --specs=nosys.specs -Wl,-Map="STM3205P.map" -Wl,--gc-sections -static --specs=nano.specs -mfloat-abi=soft -mthumb -Wl,--start-group -lc -lm -Wl,--end-group
Finished building target: STM3205P.elf
 
arm-none-eabi-size  STM3205P.elf 
arm-none-eabi-objdump -h -S STM3205P.elf  > "STM3205P.list"
   text	   data	    bss	    dec	    hex	filename
  15212	     12	   1852	  17076	   42b4	STM3205P.elf
Finished building: default.size.stdout
 
Finished building: STM3205P.list
 
