19:05:03 **** Incremental Build of configuration Debug for project STM3205P ****
make -j12 all 
arm-none-eabi-gcc "../Core/Src/RingBuffer.c" -mcpu=cortex-m3 -std=gnu11 -g3 -DDEBUG -DUSE_HAL_DRIVER -DSTM32F103x6 -c -I../Core/Inc -I../Drivers/STM32F1xx_HAL_Driver/Inc/Legacy -I../Drivers/STM32F1xx_HAL_Driver/Inc -I../Drivers/CMSIS/Device/ST/STM32F1xx/Include -I../Drivers/CMSIS/Include -O0 -ffunction-sections -fdata-sections -Wall -fstack-usage -fcyclomatic-complexity -MMD -MP -MF"Core/Src/RingBuffer.d" -MT"Core/Src/RingBuffer.o" --specs=nano.specs -mfloat-abi=soft -mthumb -o "Core/Src/RingBuffer.o"
arm-none-eabi-gcc "../Core/Src/display.c" -mcpu=cortex-m3 -std=gnu11 -g3 -DDEBUG -DUSE_HAL_DRIVER -DSTM32F103x6 -c -I../Core/Inc -I../Drivers/STM32F1xx_HAL_Driver/Inc/Legacy -I../Drivers/STM32F1xx_HAL_Driver/Inc -I../Drivers/CMSIS/Device/ST/STM32F1xx/Include -I../Drivers/CMSIS/Include -O0 -ffunction-sections -fdata-sections -Wall -fstack-usage -fcyclomatic-complexity -MMD -MP -MF"Core/Src/display.d" -MT"Core/Src/display.o" --specs=nano.specs -mfloat-abi=soft -mthumb -o "Core/Src/display.o"
arm-none-eabi-gcc "../Core/Src/main.c" -mcpu=cortex-m3 -std=gnu11 -g3 -DDEBUG -DUSE_HAL_DRIVER -DSTM32F103x6 -c -I../Core/Inc -I../Drivers/STM32F1xx_HAL_Driver/Inc/Legacy -I../Drivers/STM32F1xx_HAL_Driver/Inc -I../Drivers/CMSIS/Device/ST/STM32F1xx/Include -I../Drivers/CMSIS/Include -O0 -ffunction-sections -fdata-sections -Wall -fstack-usage -fcyclomatic-complexity -MMD -MP -MF"Core/Src/main.d" -MT"Core/Src/main.o" --specs=nano.specs -mfloat-abi=soft -mthumb -o "Core/Src/main.o"
arm-none-eabi-gcc "../Core/Src/stm32f1xx_hal_msp.c" -mcpu=cortex-m3 -std=gnu11 -g3 -DDEBUG -DUSE_HAL_DRIVER -DSTM32F103x6 -c -I../Core/Inc -I../Drivers/STM32F1xx_HAL_Driver/Inc/Legacy -I../Drivers/STM32F1xx_HAL_Driver/Inc -I../Drivers/CMSIS/Device/ST/STM32F1xx/Include -I../Drivers/CMSIS/Include -O0 -ffunction-sections -fdata-sections -Wall -fstack-usage -fcyclomatic-complexity -MMD -MP -MF"Core/Src/stm32f1xx_hal_msp.d" -MT"Core/Src/stm32f1xx_hal_msp.o" --specs=nano.specs -mfloat-abi=soft -mthumb -o "Core/Src/stm32f1xx_hal_msp.o"
arm-none-eabi-gcc "../Core/Src/stm32f1xx_it.c" -mcpu=cortex-m3 -std=gnu11 -g3 -DDEBUG -DUSE_HAL_DRIVER -DSTM32F103x6 -c -I../Core/Inc -I../Drivers/STM32F1xx_HAL_Driver/Inc/Legacy -I../Drivers/STM32F1xx_HAL_Driver/Inc -I../Drivers/CMSIS/Device/ST/STM32F1xx/Include -I../Drivers/CMSIS/Include -O0 -ffunction-sections -fdata-sections -Wall -fstack-usage -fcyclomatic-complexity -MMD -MP -MF"Core/Src/stm32f1xx_it.d" -MT"Core/Src/stm32f1xx_it.o" --specs=nano.specs -mfloat-abi=soft -mthumb -o "Core/Src/stm32f1xx_it.o"
arm-none-eabi-gcc "../Core/Src/syscalls.c" -mcpu=cortex-m3 -std=gnu11 -g3 -DDEBUG -DUSE_HAL_DRIVER -DSTM32F103x6 -c -I../Core/Inc -I../Drivers/STM32F1xx_HAL_Driver/Inc/Legacy -I../Drivers/STM32F1xx_HAL_Driver/Inc -I../Drivers/CMSIS/Device/ST/STM32F1xx/Include -I../Drivers/CMSIS/Include -O0 -ffunction-sections -fdata-sections -Wall -fstack-usage -fcyclomatic-complexity -MMD -MP -MF"Core/Src/syscalls.d" -MT"Core/Src/syscalls.o" --specs=nano.specs -mfloat-abi=soft -mthumb -o "Core/Src/syscalls.o"
arm-none-eabi-gcc "../Core/Src/sysmem.c" -mcpu=cortex-m3 -std=gnu11 -g3 -DDEBUG -DUSE_HAL_DRIVER -DSTM32F103x6 -c -I../Core/Inc -I../Drivers/STM32F1xx_HAL_Driver/Inc/Legacy -I../Drivers/STM32F1xx_HAL_Driver/Inc -I../Drivers/CMSIS/Device/ST/STM32F1xx/Include -I../Drivers/CMSIS/Include -O0 -ffunction-sections -fdata-sections -Wall -fstack-usage -fcyclomatic-complexity -MMD -MP -MF"Core/Src/sysmem.d" -MT"Core/Src/sysmem.o" --specs=nano.specs -mfloat-abi=soft -mthumb -o "Core/Src/sysmem.o"
arm-none-eabi-gcc "../Core/Src/system_stm32f1xx.c" -mcpu=cortex-m3 -std=gnu11 -g3 -DDEBUG -DUSE_HAL_DRIVER -DSTM32F103x6 -c -I../Core/Inc -I../Drivers/STM32F1xx_HAL_Driver/Inc/Legacy -I../Drivers/STM32F1xx_HAL_Driver/Inc -I../Drivers/CMSIS/Device/ST/STM32F1xx/Include -I../Drivers/CMSIS/Include -O0 -ffunction-sections -fdata-sections -Wall -fstack-usage -fcyclomatic-complexity -MMD -MP -MF"Core/Src/system_stm32f1xx.d" -MT"Core/Src/system_stm32f1xx.o" --specs=nano.specs -mfloat-abi=soft -mthumb -o "Core/Src/system_stm32f1xx.o"
../Core/Src/main.c: In function 'HAL_ADC_ConvCpltCallback':
../Core/Src/main.c:108:9: error: too few arguments to function 'RingBuffer_Put'
  108 |         RingBuffer_Put();
      |         ^~~~~~~~~~~~~~
In file included from ../Core/Src/main.c:25:
../Core/Src/RingBuffer.h:70:6: note: declared here
   70 | bool RingBuffer_Put(RingBuffer_t *rb, RBDataType data);
      |      ^~~~~~~~~~~~~~
../Core/Src/main.c:107:18: warning: unused variable 'value1' [-Wunused-variable]
  107 |         uint16_t value1 = HAL_ADC_GetValue(&hadc1);
      |                  ^~~~~~
../Core/Src/main.c: In function 'main':
../Core/Src/main.c:137:45: error: 'VoltageBuff' undeclared (first use in this function); did you mean 'VoltageBuf'?
  137 |   RingBuffer_Init(&RBVoltage,(RBDataType*) &VoltageBuff, 20);
      |                                             ^~~~~~~~~~~
      |                                             VoltageBuf
../Core/Src/main.c:137:45: note: each undeclared identifier is reported only once for each function it appears in
../Core/Src/main.c:137:19: warning: passing argument 1 of 'RingBuffer_Init' discards 'volatile' qualifier from pointer target type [-Wdiscarded-qualifiers]
  137 |   RingBuffer_Init(&RBVoltage,(RBDataType*) &VoltageBuff, 20);
      |                   ^~~~~~~~~~
../Core/Src/RingBuffer.h:56:36: note: expected 'RingBuffer_t *' but argument is of type 'volatile RingBuffer_t *'
   56 | void RingBuffer_Init(RingBuffer_t *rb, RBDataType* buffer, uint16_t size);
      |                      ~~~~~~~~~~~~~~^~
../Core/Src/main.c:138:45: error: 'CurrentBuff' undeclared (first use in this function); did you mean 'CurrentBuf'?
  138 |   RingBuffer_Init(&RBCurrent,(RBDataType*) &CurrentBuff, 20);
      |                                             ^~~~~~~~~~~
      |                                             CurrentBuf
../Core/Src/main.c:138:19: warning: passing argument 1 of 'RingBuffer_Init' discards 'volatile' qualifier from pointer target type [-Wdiscarded-qualifiers]
  138 |   RingBuffer_Init(&RBCurrent,(RBDataType*) &CurrentBuff, 20);
      |                   ^~~~~~~~~~
../Core/Src/RingBuffer.h:56:36: note: expected 'RingBuffer_t *' but argument is of type 'volatile RingBuffer_t *'
   56 | void RingBuffer_Init(RingBuffer_t *rb, RBDataType* buffer, uint16_t size);
      |                      ~~~~~~~~~~~~~~^~
make: *** [Core/Src/subdir.mk:40: Core/Src/main.o] Error 1
make: *** Waiting for unfinished jobs....
"make -j12 all" terminated with exit code 2. Build might be incomplete.
19:06:35 **** Incremental Build of configuration Debug for project STM3205P ****
make -j12 all 
arm-none-eabi-gcc "../Core/Src/main.c" -mcpu=cortex-m3 -std=gnu11 -g3 -DDEBUG -DUSE_HAL_DRIVER -DSTM32F103x6 -c -I../Core/Inc -I../Drivers/STM32F1xx_HAL_Driver/Inc/Legacy -I../Drivers/STM32F1xx_HAL_Driver/Inc -I../Drivers/CMSIS/Device/ST/STM32F1xx/Include -I../Drivers/CMSIS/Include -O0 -ffunction-sections -fdata-sections -Wall -fstack-usage -fcyclomatic-complexity -MMD -MP -MF"Core/Src/main.d" -MT"Core/Src/main.o" --specs=nano.specs -mfloat-abi=soft -mthumb -o "Core/Src/main.o"
../Core/Src/main.c: In function 'HAL_TIM_PeriodElapsedCallback':
../Core/Src/main.c:85:9: error: 'i_cnt' undeclared (first use in this function); did you mean 'int'?
   85 |         i_cnt++;
      |         ^~~~~
      |         int
../Core/Src/main.c:85:9: note: each undeclared identifier is reported only once for each function it appears in
../Core/Src/main.c:89:37: error: 'fvalue1' undeclared (first use in this function); did you mean 'false'?
   89 |                 display_PrepareData(fvalue1, fvalue2);
      |                                     ^~~~~~~
      |                                     false
../Core/Src/main.c:89:46: error: 'fvalue2' undeclared (first use in this function); did you mean 'false'?
   89 |                 display_PrepareData(fvalue1, fvalue2);
      |                                              ^~~~~~~
      |                                              false
../Core/Src/main.c: In function 'HAL_ADC_ConvCpltCallback':
../Core/Src/main.c:109:48: error: 'value1' undeclared (first use in this function); did you mean 'value2'?
  109 |         RingBuffer_Put(&RBVoltage,(RBDataType) value1);
      |                                                ^~~~~~
      |                                                value2
../Core/Src/main.c:108:18: warning: unused variable 'value2' [-Wunused-variable]
  108 |         uint16_t value2 = HAL_ADC_GetValue(&hadc2);
      |                  ^~~~~~
../Core/Src/main.c: In function 'main':
../Core/Src/main.c:133:45: error: 'VoltageBuff' undeclared (first use in this function); did you mean 'VoltageBuf'?
  133 |   RingBuffer_Init(&RBVoltage,(RBDataType*) &VoltageBuff, 20);
      |                                             ^~~~~~~~~~~
      |                                             VoltageBuf
../Core/Src/main.c:134:45: error: 'CurrentBuff' undeclared (first use in this function); did you mean 'CurrentBuf'?
  134 |   RingBuffer_Init(&RBCurrent,(RBDataType*) &CurrentBuff, 20);
      |                                             ^~~~~~~~~~~
      |                                             CurrentBuf
make: *** [Core/Src/subdir.mk:40: Core/Src/main.o] Error 1
"make -j12 all" terminated with exit code 2. Build might be incomplete.
19:07:48 **** Incremental Build of configuration Debug for project STM3205P ****
make -j12 all 
arm-none-eabi-gcc "../Core/Src/main.c" -mcpu=cortex-m3 -std=gnu11 -g3 -DDEBUG -DUSE_HAL_DRIVER -DSTM32F103x6 -c -I../Core/Inc -I../Drivers/STM32F1xx_HAL_Driver/Inc/Legacy -I../Drivers/STM32F1xx_HAL_Driver/Inc -I../Drivers/CMSIS/Device/ST/STM32F1xx/Include -I../Drivers/CMSIS/Include -O0 -ffunction-sections -fdata-sections -Wall -fstack-usage -fcyclomatic-complexity -MMD -MP -MF"Core/Src/main.d" -MT"Core/Src/main.o" --specs=nano.specs -mfloat-abi=soft -mthumb -o "Core/Src/main.o"
../Core/Src/main.c: In function 'main':
../Core/Src/main.c:130:45: error: 'VoltageBuff' undeclared (first use in this function); did you mean 'VoltageBuf'?
  130 |   RingBuffer_Init(&RBVoltage,(RBDataType*) &VoltageBuff, 20);
      |                                             ^~~~~~~~~~~
      |                                             VoltageBuf
../Core/Src/main.c:130:45: note: each undeclared identifier is reported only once for each function it appears in
../Core/Src/main.c:131:45: error: 'CurrentBuff' undeclared (first use in this function); did you mean 'CurrentBuf'?
  131 |   RingBuffer_Init(&RBCurrent,(RBDataType*) &CurrentBuff, 20);
      |                                             ^~~~~~~~~~~
      |                                             CurrentBuf
make: *** [Core/Src/subdir.mk:40: Core/Src/main.o] Error 1
"make -j12 all" terminated with exit code 2. Build might be incomplete.
19:08:15 **** Incremental Build of configuration Debug for project STM3205P ****
make -j12 all 
arm-none-eabi-gcc "../Core/Src/main.c" -mcpu=cortex-m3 -std=gnu11 -g3 -DDEBUG -DUSE_HAL_DRIVER -DSTM32F103x6 -c -I../Core/Inc -I../Drivers/STM32F1xx_HAL_Driver/Inc/Legacy -I../Drivers/STM32F1xx_HAL_Driver/Inc -I../Drivers/CMSIS/Device/ST/STM32F1xx/Include -I../Drivers/CMSIS/Include -O0 -ffunction-sections -fdata-sections -Wall -fstack-usage -fcyclomatic-complexity -MMD -MP -MF"Core/Src/main.d" -MT"Core/Src/main.o" --specs=nano.specs -mfloat-abi=soft -mthumb -o "Core/Src/main.o"
arm-none-eabi-gcc -o "STM3205P.elf" @"objects.list"   -mcpu=cortex-m3 -T"C:\Users\lucas\Documents\Github\STM3205P\3.Firmware\STM3205P\STM32F103C6TX_FLASH.ld" --specs=nosys.specs -Wl,-Map="STM3205P.map" -Wl,--gc-sections -static --specs=nano.specs -mfloat-abi=soft -mthumb -Wl,--start-group -lc -lm -Wl,--end-group
Finished building target: STM3205P.elf
 
arm-none-eabi-size  STM3205P.elf 
arm-none-eabi-objdump -h -S STM3205P.elf  > "STM3205P.list"
   text	   data	    bss	    dec	    hex	filename
  12688	     12	   1948	  14648	   3938	STM3205P.elf
Finished building: default.size.stdout
 
Finished building: STM3205P.list
 
