09:38:07 **** Incremental Build of configuration Debug for project STM3205P ****
make -j12 all 
arm-none-eabi-gcc "../Core/Src/main.c" -mcpu=cortex-m3 -std=gnu11 -g3 -DDEBUG -DUSE_HAL_DRIVER -DSTM32F103x6 -c -I../Core/Inc -I../Drivers/STM32F1xx_HAL_Driver/Inc/Legacy -I../Drivers/STM32F1xx_HAL_Driver/Inc -I../Drivers/CMSIS/Device/ST/STM32F1xx/Include -I../Drivers/CMSIS/Include -O0 -ffunction-sections -fdata-sections -Wall -fstack-usage -fcyclomatic-complexity -MMD -MP -MF"Core/Src/main.d" -MT"Core/Src/main.o" --specs=nano.specs -mfloat-abi=soft -mthumb -o "Core/Src/main.o"
arm-none-eabi-gcc -o "STM3205P.elf" @"objects.list"   -mcpu=cortex-m3 -T"C:\Users\lucas\Documents\Github\STM3205P\3.Firmware\STM3205P\STM32F103C6TX_FLASH.ld" --specs=nosys.specs -Wl,-Map="STM3205P.map" -Wl,--gc-sections -static --specs=nano.specs -mfloat-abi=soft -mthumb -Wl,--start-group -lc -lm -Wl,--end-group
Finished building target: STM3205P.elf
 
arm-none-eabi-size  STM3205P.elf 
arm-none-eabi-objdump -h -S STM3205P.elf  > "STM3205P.list"
   text	   data	    bss	    dec	    hex	filename
  12688	     12	   1948	  14648	   3938	STM3205P.elf
Finished building: default.size.stdout
 
Finished building: STM3205P.list
 
09:33:04 **** Build of configuration Debug for project ADCTest ****
make -j12 all 
arm-none-eabi-gcc "../Drivers/STM32F1xx_HAL_Driver/Src/stm32f1xx_hal.c" -mcpu=cortex-m3 -std=gnu11 -g3 -DDEBUG -DUSE_HAL_DRIVER -DSTM32F103xB -c -I../Core/Inc -I../Drivers/STM32F1xx_HAL_Driver/Inc/Legacy -I../Drivers/STM32F1xx_HAL_Driver/Inc -I../Drivers/CMSIS/Device/ST/STM32F1xx/Include -I../Drivers/CMSIS/Include -O0 -ffunction-sections -fdata-sections -Wall -fstack-usage -fcyclomatic-complexity -MMD -MP -MF"Drivers/STM32F1xx_HAL_Driver/Src/stm32f1xx_hal.d" -MT"Drivers/STM32F1xx_HAL_Driver/Src/stm32f1xx_hal.o" --specs=nano.specs -mfloat-abi=soft -mthumb -o "Drivers/STM32F1xx_HAL_Driver/Src/stm32f1xx_hal.o"
arm-none-eabi-gcc "../Drivers/STM32F1xx_HAL_Driver/Src/stm32f1xx_hal_adc.c" -mcpu=cortex-m3 -std=gnu11 -g3 -DDEBUG -DUSE_HAL_DRIVER -DSTM32F103xB -c -I../Core/Inc -I../Drivers/STM32F1xx_HAL_Driver/Inc/Legacy -I../Drivers/STM32F1xx_HAL_Driver/Inc -I../Drivers/CMSIS/Device/ST/STM32F1xx/Include -I../Drivers/CMSIS/Include -O0 -ffunction-sections -fdata-sections -Wall -fstack-usage -fcyclomatic-complexity -MMD -MP -MF"Drivers/STM32F1xx_HAL_Driver/Src/stm32f1xx_hal_adc.d" -MT"Drivers/STM32F1xx_HAL_Driver/Src/stm32f1xx_hal_adc.o" --specs=nano.specs -mfloat-abi=soft -mthumb -o "Drivers/STM32F1xx_HAL_Driver/Src/stm32f1xx_hal_adc.o"
arm-none-eabi-gcc "../Drivers/STM32F1xx_HAL_Driver/Src/stm32f1xx_hal_adc_ex.c" -mcpu=cortex-m3 -std=gnu11 -g3 -DDEBUG -DUSE_HAL_DRIVER -DSTM32F103xB -c -I../Core/Inc -I../Drivers/STM32F1xx_HAL_Driver/Inc/Legacy -I../Drivers/STM32F1xx_HAL_Driver/Inc -I../Drivers/CMSIS/Device/ST/STM32F1xx/Include -I../Drivers/CMSIS/Include -O0 -ffunction-sections -fdata-sections -Wall -fstack-usage -fcyclomatic-complexity -MMD -MP -MF"Drivers/STM32F1xx_HAL_Driver/Src/stm32f1xx_hal_adc_ex.d" -MT"Drivers/STM32F1xx_HAL_Driver/Src/stm32f1xx_hal_adc_ex.o" --specs=nano.specs -mfloat-abi=soft -mthumb -o "Drivers/STM32F1xx_HAL_Driver/Src/stm32f1xx_hal_adc_ex.o"
arm-none-eabi-gcc "../Drivers/STM32F1xx_HAL_Driver/Src/stm32f1xx_hal_cortex.c" -mcpu=cortex-m3 -std=gnu11 -g3 -DDEBUG -DUSE_HAL_DRIVER -DSTM32F103xB -c -I../Core/Inc -I../Drivers/STM32F1xx_HAL_Driver/Inc/Legacy -I../Drivers/STM32F1xx_HAL_Driver/Inc -I../Drivers/CMSIS/Device/ST/STM32F1xx/Include -I../Drivers/CMSIS/Include -O0 -ffunction-sections -fdata-sections -Wall -fstack-usage -fcyclomatic-complexity -MMD -MP -MF"Drivers/STM32F1xx_HAL_Driver/Src/stm32f1xx_hal_cortex.d" -MT"Drivers/STM32F1xx_HAL_Driver/Src/stm32f1xx_hal_cortex.o" --specs=nano.specs -mfloat-abi=soft -mthumb -o "Drivers/STM32F1xx_HAL_Driver/Src/stm32f1xx_hal_cortex.o"
arm-none-eabi-gcc "../Drivers/STM32F1xx_HAL_Driver/Src/stm32f1xx_hal_dma.c" -mcpu=cortex-m3 -std=gnu11 -g3 -DDEBUG -DUSE_HAL_DRIVER -DSTM32F103xB -c -I../Core/Inc -I../Drivers/STM32F1xx_HAL_Driver/Inc/Legacy -I../Drivers/STM32F1xx_HAL_Driver/Inc -I../Drivers/CMSIS/Device/ST/STM32F1xx/Include -I../Drivers/CMSIS/Include -O0 -ffunction-sections -fdata-sections -Wall -fstack-usage -fcyclomatic-complexity -MMD -MP -MF"Drivers/STM32F1xx_HAL_Driver/Src/stm32f1xx_hal_dma.d" -MT"Drivers/STM32F1xx_HAL_Driver/Src/stm32f1xx_hal_dma.o" --specs=nano.specs -mfloat-abi=soft -mthumb -o "Drivers/STM32F1xx_HAL_Driver/Src/stm32f1xx_hal_dma.o"
arm-none-eabi-gcc "../Drivers/STM32F1xx_HAL_Driver/Src/stm32f1xx_hal_exti.c" -mcpu=cortex-m3 -std=gnu11 -g3 -DDEBUG -DUSE_HAL_DRIVER -DSTM32F103xB -c -I../Core/Inc -I../Drivers/STM32F1xx_HAL_Driver/Inc/Legacy -I../Drivers/STM32F1xx_HAL_Driver/Inc -I../Drivers/CMSIS/Device/ST/STM32F1xx/Include -I../Drivers/CMSIS/Include -O0 -ffunction-sections -fdata-sections -Wall -fstack-usage -fcyclomatic-complexity -MMD -MP -MF"Drivers/STM32F1xx_HAL_Driver/Src/stm32f1xx_hal_exti.d" -MT"Drivers/STM32F1xx_HAL_Driver/Src/stm32f1xx_hal_exti.o" --specs=nano.specs -mfloat-abi=soft -mthumb -o "Drivers/STM32F1xx_HAL_Driver/Src/stm32f1xx_hal_exti.o"
arm-none-eabi-gcc "../Drivers/STM32F1xx_HAL_Driver/Src/stm32f1xx_hal_flash.c" -mcpu=cortex-m3 -std=gnu11 -g3 -DDEBUG -DUSE_HAL_DRIVER -DSTM32F103xB -c -I../Core/Inc -I../Drivers/STM32F1xx_HAL_Driver/Inc/Legacy -I../Drivers/STM32F1xx_HAL_Driver/Inc -I../Drivers/CMSIS/Device/ST/STM32F1xx/Include -I../Drivers/CMSIS/Include -O0 -ffunction-sections -fdata-sections -Wall -fstack-usage -fcyclomatic-complexity -MMD -MP -MF"Drivers/STM32F1xx_HAL_Driver/Src/stm32f1xx_hal_flash.d" -MT"Drivers/STM32F1xx_HAL_Driver/Src/stm32f1xx_hal_flash.o" --specs=nano.specs -mfloat-abi=soft -mthumb -o "Drivers/STM32F1xx_HAL_Driver/Src/stm32f1xx_hal_flash.o"
arm-none-eabi-gcc "../Drivers/STM32F1xx_HAL_Driver/Src/stm32f1xx_hal_flash_ex.c" -mcpu=cortex-m3 -std=gnu11 -g3 -DDEBUG -DUSE_HAL_DRIVER -DSTM32F103xB -c -I../Core/Inc -I../Drivers/STM32F1xx_HAL_Driver/Inc/Legacy -I../Drivers/STM32F1xx_HAL_Driver/Inc -I../Drivers/CMSIS/Device/ST/STM32F1xx/Include -I../Drivers/CMSIS/Include -O0 -ffunction-sections -fdata-sections -Wall -fstack-usage -fcyclomatic-complexity -MMD -MP -MF"Drivers/STM32F1xx_HAL_Driver/Src/stm32f1xx_hal_flash_ex.d" -MT"Drivers/STM32F1xx_HAL_Driver/Src/stm32f1xx_hal_flash_ex.o" --specs=nano.specs -mfloat-abi=soft -mthumb -o "Drivers/STM32F1xx_HAL_Driver/Src/stm32f1xx_hal_flash_ex.o"
arm-none-eabi-gcc "../Drivers/STM32F1xx_HAL_Driver/Src/stm32f1xx_hal_gpio.c" -mcpu=cortex-m3 -std=gnu11 -g3 -DDEBUG -DUSE_HAL_DRIVER -DSTM32F103xB -c -I../Core/Inc -I../Drivers/STM32F1xx_HAL_Driver/Inc/Legacy -I../Drivers/STM32F1xx_HAL_Driver/Inc -I../Drivers/CMSIS/Device/ST/STM32F1xx/Include -I../Drivers/CMSIS/Include -O0 -ffunction-sections -fdata-sections -Wall -fstack-usage -fcyclomatic-complexity -MMD -MP -MF"Drivers/STM32F1xx_HAL_Driver/Src/stm32f1xx_hal_gpio.d" -MT"Drivers/STM32F1xx_HAL_Driver/Src/stm32f1xx_hal_gpio.o" --specs=nano.specs -mfloat-abi=soft -mthumb -o "Drivers/STM32F1xx_HAL_Driver/Src/stm32f1xx_hal_gpio.o"
arm-none-eabi-gcc "../Drivers/STM32F1xx_HAL_Driver/Src/stm32f1xx_hal_gpio_ex.c" -mcpu=cortex-m3 -std=gnu11 -g3 -DDEBUG -DUSE_HAL_DRIVER -DSTM32F103xB -c -I../Core/Inc -I../Drivers/STM32F1xx_HAL_Driver/Inc/Legacy -I../Drivers/STM32F1xx_HAL_Driver/Inc -I../Drivers/CMSIS/Device/ST/STM32F1xx/Include -I../Drivers/CMSIS/Include -O0 -ffunction-sections -fdata-sections -Wall -fstack-usage -fcyclomatic-complexity -MMD -MP -MF"Drivers/STM32F1xx_HAL_Driver/Src/stm32f1xx_hal_gpio_ex.d" -MT"Drivers/STM32F1xx_HAL_Driver/Src/stm32f1xx_hal_gpio_ex.o" --specs=nano.specs -mfloat-abi=soft -mthumb -o "Drivers/STM32F1xx_HAL_Driver/Src/stm32f1xx_hal_gpio_ex.o"
arm-none-eabi-gcc "../Drivers/STM32F1xx_HAL_Driver/Src/stm32f1xx_hal_pwr.c" -mcpu=cortex-m3 -std=gnu11 -g3 -DDEBUG -DUSE_HAL_DRIVER -DSTM32F103xB -c -I../Core/Inc -I../Drivers/STM32F1xx_HAL_Driver/Inc/Legacy -I../Drivers/STM32F1xx_HAL_Driver/Inc -I../Drivers/CMSIS/Device/ST/STM32F1xx/Include -I../Drivers/CMSIS/Include -O0 -ffunction-sections -fdata-sections -Wall -fstack-usage -fcyclomatic-complexity -MMD -MP -MF"Drivers/STM32F1xx_HAL_Driver/Src/stm32f1xx_hal_pwr.d" -MT"Drivers/STM32F1xx_HAL_Driver/Src/stm32f1xx_hal_pwr.o" --specs=nano.specs -mfloat-abi=soft -mthumb -o "Drivers/STM32F1xx_HAL_Driver/Src/stm32f1xx_hal_pwr.o"
arm-none-eabi-gcc "../Drivers/STM32F1xx_HAL_Driver/Src/stm32f1xx_hal_rcc.c" -mcpu=cortex-m3 -std=gnu11 -g3 -DDEBUG -DUSE_HAL_DRIVER -DSTM32F103xB -c -I../Core/Inc -I../Drivers/STM32F1xx_HAL_Driver/Inc/Legacy -I../Drivers/STM32F1xx_HAL_Driver/Inc -I../Drivers/CMSIS/Device/ST/STM32F1xx/Include -I../Drivers/CMSIS/Include -O0 -ffunction-sections -fdata-sections -Wall -fstack-usage -fcyclomatic-complexity -MMD -MP -MF"Drivers/STM32F1xx_HAL_Driver/Src/stm32f1xx_hal_rcc.d" -MT"Drivers/STM32F1xx_HAL_Driver/Src/stm32f1xx_hal_rcc.o" --specs=nano.specs -mfloat-abi=soft -mthumb -o "Drivers/STM32F1xx_HAL_Driver/Src/stm32f1xx_hal_rcc.o"
arm-none-eabi-gcc "../Drivers/STM32F1xx_HAL_Driver/Src/stm32f1xx_hal_rcc_ex.c" -mcpu=cortex-m3 -std=gnu11 -g3 -DDEBUG -DUSE_HAL_DRIVER -DSTM32F103xB -c -I../Core/Inc -I../Drivers/STM32F1xx_HAL_Driver/Inc/Legacy -I../Drivers/STM32F1xx_HAL_Driver/Inc -I../Drivers/CMSIS/Device/ST/STM32F1xx/Include -I../Drivers/CMSIS/Include -O0 -ffunction-sections -fdata-sections -Wall -fstack-usage -fcyclomatic-complexity -MMD -MP -MF"Drivers/STM32F1xx_HAL_Driver/Src/stm32f1xx_hal_rcc_ex.d" -MT"Drivers/STM32F1xx_HAL_Driver/Src/stm32f1xx_hal_rcc_ex.o" --specs=nano.specs -mfloat-abi=soft -mthumb -o "Drivers/STM32F1xx_HAL_Driver/Src/stm32f1xx_hal_rcc_ex.o"
arm-none-eabi-gcc "../Drivers/STM32F1xx_HAL_Driver/Src/stm32f1xx_hal_tim.c" -mcpu=cortex-m3 -std=gnu11 -g3 -DDEBUG -DUSE_HAL_DRIVER -DSTM32F103xB -c -I../Core/Inc -I../Drivers/STM32F1xx_HAL_Driver/Inc/Legacy -I../Drivers/STM32F1xx_HAL_Driver/Inc -I../Drivers/CMSIS/Device/ST/STM32F1xx/Include -I../Drivers/CMSIS/Include -O0 -ffunction-sections -fdata-sections -Wall -fstack-usage -fcyclomatic-complexity -MMD -MP -MF"Drivers/STM32F1xx_HAL_Driver/Src/stm32f1xx_hal_tim.d" -MT"Drivers/STM32F1xx_HAL_Driver/Src/stm32f1xx_hal_tim.o" --specs=nano.specs -mfloat-abi=soft -mthumb -o "Drivers/STM32F1xx_HAL_Driver/Src/stm32f1xx_hal_tim.o"
arm-none-eabi-gcc "../Drivers/STM32F1xx_HAL_Driver/Src/stm32f1xx_hal_tim_ex.c" -mcpu=cortex-m3 -std=gnu11 -g3 -DDEBUG -DUSE_HAL_DRIVER -DSTM32F103xB -c -I../Core/Inc -I../Drivers/STM32F1xx_HAL_Driver/Inc/Legacy -I../Drivers/STM32F1xx_HAL_Driver/Inc -I../Drivers/CMSIS/Device/ST/STM32F1xx/Include -I../Drivers/CMSIS/Include -O0 -ffunction-sections -fdata-sections -Wall -fstack-usage -fcyclomatic-complexity -MMD -MP -MF"Drivers/STM32F1xx_HAL_Driver/Src/stm32f1xx_hal_tim_ex.d" -MT"Drivers/STM32F1xx_HAL_Driver/Src/stm32f1xx_hal_tim_ex.o" --specs=nano.specs -mfloat-abi=soft -mthumb -o "Drivers/STM32F1xx_HAL_Driver/Src/stm32f1xx_hal_tim_ex.o"
arm-none-eabi-gcc "../Drivers/STM32F1xx_HAL_Driver/Src/stm32f1xx_hal_uart.c" -mcpu=cortex-m3 -std=gnu11 -g3 -DDEBUG -DUSE_HAL_DRIVER -DSTM32F103xB -c -I../Core/Inc -I../Drivers/STM32F1xx_HAL_Driver/Inc/Legacy -I../Drivers/STM32F1xx_HAL_Driver/Inc -I../Drivers/CMSIS/Device/ST/STM32F1xx/Include -I../Drivers/CMSIS/Include -O0 -ffunction-sections -fdata-sections -Wall -fstack-usage -fcyclomatic-complexity -MMD -MP -MF"Drivers/STM32F1xx_HAL_Driver/Src/stm32f1xx_hal_uart.d" -MT"Drivers/STM32F1xx_HAL_Driver/Src/stm32f1xx_hal_uart.o" --specs=nano.specs -mfloat-abi=soft -mthumb -o "Drivers/STM32F1xx_HAL_Driver/Src/stm32f1xx_hal_uart.o"
arm-none-eabi-gcc -mcpu=cortex-m3 -g3 -DDEBUG -c -x assembler-with-cpp -MMD -MP -MF"Core/Startup/startup_stm32f103c8tx.d" -MT"Core/Startup/startup_stm32f103c8tx.o" --specs=nano.specs -mfloat-abi=soft -mthumb -o "Core/Startup/startup_stm32f103c8tx.o" "../Core/Startup/startup_stm32f103c8tx.s"
arm-none-eabi-gcc "../Core/Src/RingBuffer.c" -mcpu=cortex-m3 -std=gnu11 -g3 -DDEBUG -DUSE_HAL_DRIVER -DSTM32F103xB -c -I../Core/Inc -I../Drivers/STM32F1xx_HAL_Driver/Inc/Legacy -I../Drivers/STM32F1xx_HAL_Driver/Inc -I../Drivers/CMSIS/Device/ST/STM32F1xx/Include -I../Drivers/CMSIS/Include -O0 -ffunction-sections -fdata-sections -Wall -fstack-usage -fcyclomatic-complexity -MMD -MP -MF"Core/Src/RingBuffer.d" -MT"Core/Src/RingBuffer.o" --specs=nano.specs -mfloat-abi=soft -mthumb -o "Core/Src/RingBuffer.o"
arm-none-eabi-gcc "../Core/Src/main.c" -mcpu=cortex-m3 -std=gnu11 -g3 -DDEBUG -DUSE_HAL_DRIVER -DSTM32F103xB -c -I../Core/Inc -I../Drivers/STM32F1xx_HAL_Driver/Inc/Legacy -I../Drivers/STM32F1xx_HAL_Driver/Inc -I../Drivers/CMSIS/Device/ST/STM32F1xx/Include -I../Drivers/CMSIS/Include -O0 -ffunction-sections -fdata-sections -Wall -fstack-usage -fcyclomatic-complexity -MMD -MP -MF"Core/Src/main.d" -MT"Core/Src/main.o" --specs=nano.specs -mfloat-abi=soft -mthumb -o "Core/Src/main.o"
arm-none-eabi-gcc "../Core/Src/stm32f1xx_hal_msp.c" -mcpu=cortex-m3 -std=gnu11 -g3 -DDEBUG -DUSE_HAL_DRIVER -DSTM32F103xB -c -I../Core/Inc -I../Drivers/STM32F1xx_HAL_Driver/Inc/Legacy -I../Drivers/STM32F1xx_HAL_Driver/Inc -I../Drivers/CMSIS/Device/ST/STM32F1xx/Include -I../Drivers/CMSIS/Include -O0 -ffunction-sections -fdata-sections -Wall -fstack-usage -fcyclomatic-complexity -MMD -MP -MF"Core/Src/stm32f1xx_hal_msp.d" -MT"Core/Src/stm32f1xx_hal_msp.o" --specs=nano.specs -mfloat-abi=soft -mthumb -o "Core/Src/stm32f1xx_hal_msp.o"
arm-none-eabi-gcc "../Core/Src/stm32f1xx_it.c" -mcpu=cortex-m3 -std=gnu11 -g3 -DDEBUG -DUSE_HAL_DRIVER -DSTM32F103xB -c -I../Core/Inc -I../Drivers/STM32F1xx_HAL_Driver/Inc/Legacy -I../Drivers/STM32F1xx_HAL_Driver/Inc -I../Drivers/CMSIS/Device/ST/STM32F1xx/Include -I../Drivers/CMSIS/Include -O0 -ffunction-sections -fdata-sections -Wall -fstack-usage -fcyclomatic-complexity -MMD -MP -MF"Core/Src/stm32f1xx_it.d" -MT"Core/Src/stm32f1xx_it.o" --specs=nano.specs -mfloat-abi=soft -mthumb -o "Core/Src/stm32f1xx_it.o"
arm-none-eabi-gcc "../Core/Src/syscalls.c" -mcpu=cortex-m3 -std=gnu11 -g3 -DDEBUG -DUSE_HAL_DRIVER -DSTM32F103xB -c -I../Core/Inc -I../Drivers/STM32F1xx_HAL_Driver/Inc/Legacy -I../Drivers/STM32F1xx_HAL_Driver/Inc -I../Drivers/CMSIS/Device/ST/STM32F1xx/Include -I../Drivers/CMSIS/Include -O0 -ffunction-sections -fdata-sections -Wall -fstack-usage -fcyclomatic-complexity -MMD -MP -MF"Core/Src/syscalls.d" -MT"Core/Src/syscalls.o" --specs=nano.specs -mfloat-abi=soft -mthumb -o "Core/Src/syscalls.o"
arm-none-eabi-gcc "../Core/Src/sysmem.c" -mcpu=cortex-m3 -std=gnu11 -g3 -DDEBUG -DUSE_HAL_DRIVER -DSTM32F103xB -c -I../Core/Inc -I../Drivers/STM32F1xx_HAL_Driver/Inc/Legacy -I../Drivers/STM32F1xx_HAL_Driver/Inc -I../Drivers/CMSIS/Device/ST/STM32F1xx/Include -I../Drivers/CMSIS/Include -O0 -ffunction-sections -fdata-sections -Wall -fstack-usage -fcyclomatic-complexity -MMD -MP -MF"Core/Src/sysmem.d" -MT"Core/Src/sysmem.o" --specs=nano.specs -mfloat-abi=soft -mthumb -o "Core/Src/sysmem.o"
arm-none-eabi-gcc "../Core/Src/system_stm32f1xx.c" -mcpu=cortex-m3 -std=gnu11 -g3 -DDEBUG -DUSE_HAL_DRIVER -DSTM32F103xB -c -I../Core/Inc -I../Drivers/STM32F1xx_HAL_Driver/Inc/Legacy -I../Drivers/STM32F1xx_HAL_Driver/Inc -I../Drivers/CMSIS/Device/ST/STM32F1xx/Include -I../Drivers/CMSIS/Include -O0 -ffunction-sections -fdata-sections -Wall -fstack-usage -fcyclomatic-complexity -MMD -MP -MF"Core/Src/system_stm32f1xx.d" -MT"Core/Src/system_stm32f1xx.o" --specs=nano.specs -mfloat-abi=soft -mthumb -o "Core/Src/system_stm32f1xx.o"
../Core/Src/main.c: In function 'main':
../Core/Src/main.c:150:28: warning: implicit declaration of function 'RingBuffer_Read'; did you mean 'RingBuffer_Get'? [-Wimplicit-function-declaration]
  150 |           uint16_t count = RingBuffer_Read(&RBVoltage, data, sizeof(data));
      |                            ^~~~~~~~~~~~~~~
      |                            RingBuffer_Get
arm-none-eabi-gcc -o "ADCTest.elf" @"objects.list"   -mcpu=cortex-m3 -T"C:\Users\lucas\Documents\Github\STM3205P\3.Firmware\ADCTest\STM32F103C8TX_FLASH.ld" --specs=nosys.specs -Wl,-Map="ADCTest.map" -Wl,--gc-sections -static --specs=nano.specs -mfloat-abi=soft -mthumb -Wl,--start-group -lc -lm -Wl,--end-group
C:/ST/STM32CubeIDE_1.15.1/STM32CubeIDE/plugins/com.st.stm32cube.ide.mcu.externaltools.gnu-tools-for-stm32.13.3.rel1.win32_1.0.0.202411081344/tools/bin/../lib/gcc/arm-none-eabi/13.3.1/../../../../arm-none-eabi/bin/ld.exe: ./Core/Src/main.o: in function `main':
C:/Users/lucas/Documents/Github/STM3205P/3.Firmware/ADCTest/Debug/../Core/Src/main.c:150:(.text.main+0x36): undefined reference to `RingBuffer_Read'
collect2.exe: error: ld returned 1 exit status
make: *** [makefile:64: ADCTest.elf] Error 1
"make -j12 all" terminated with exit code 2. Build might be incomplete.
09:35:18 **** Incremental Build of configuration Debug for project ADCTest ****
make -j12 all 
arm-none-eabi-gcc "../Core/Src/main.c" -mcpu=cortex-m3 -std=gnu11 -g3 -DDEBUG -DUSE_HAL_DRIVER -DSTM32F103xB -c -I../Core/Inc -I../Drivers/STM32F1xx_HAL_Driver/Inc/Legacy -I../Drivers/STM32F1xx_HAL_Driver/Inc -I../Drivers/CMSIS/Device/ST/STM32F1xx/Include -I../Drivers/CMSIS/Include -O0 -ffunction-sections -fdata-sections -Wall -fstack-usage -fcyclomatic-complexity -MMD -MP -MF"Core/Src/main.d" -MT"Core/Src/main.o" --specs=nano.specs -mfloat-abi=soft -mthumb -o "Core/Src/main.o"
../Core/Src/main.c: In function 'main':
../Core/Src/main.c:141:30: warning: passing argument 2 of 'RingBuffer_Init' from incompatible pointer type [-Wincompatible-pointer-types]
  141 |   RingBuffer_Init(&RBVoltage,&VoltageBuff,200);
      |                              ^~~~~~~~~~~~
      |                              |
      |                              uint16_t (*)[200] {aka short unsigned int (*)[200]}
In file included from ../Core/Src/main.c:26:
../Core/Src/RingBuffer.h:56:52: note: expected 'uint16_t *' {aka 'short unsigned int *'} but argument is of type 'uint16_t (*)[200]' {aka 'short unsigned int (*)[200]'}
   56 | void RingBuffer_Init(RingBuffer_t *rb, RBDataType* buffer, uint16_t size);
      |                                                    ^
../Core/Src/main.c:142:30: warning: passing argument 2 of 'RingBuffer_Init' from incompatible pointer type [-Wincompatible-pointer-types]
  142 |   RingBuffer_Init(&RBCurrent,&CurrentBuff,200);
      |                              ^~~~~~~~~~~~
      |                              |
      |                              uint16_t (*)[200] {aka short unsigned int (*)[200]}
../Core/Src/RingBuffer.h:56:52: note: expected 'uint16_t *' {aka 'short unsigned int *'} but argument is of type 'uint16_t (*)[200]' {aka 'short unsigned int (*)[200]'}
   56 | void RingBuffer_Init(RingBuffer_t *rb, RBDataType* buffer, uint16_t size);
      |                                                    ^
../Core/Src/main.c:153:55: warning: passing argument 2 of 'RingBuffer_Get' from incompatible pointer type [-Wincompatible-pointer-types]
  153 |           uint16_t count = RingBuffer_Get(&RBVoltage, data);
      |                                                       ^~~~
      |                                                       |
      |                                                       uint8_t * {aka unsigned char *}
../Core/Src/RingBuffer.h:78:51: note: expected 'uint16_t *' {aka 'short unsigned int *'} but argument is of type 'uint8_t *' {aka 'unsigned char *'}
   78 | bool RingBuffer_Get(RingBuffer_t *rb, RBDataType *data);
      |                                                   ^
arm-none-eabi-gcc -o "ADCTest.elf" @"objects.list"   -mcpu=cortex-m3 -T"C:\Users\lucas\Documents\Github\STM3205P\3.Firmware\ADCTest\STM32F103C8TX_FLASH.ld" --specs=nosys.specs -Wl,-Map="ADCTest.map" -Wl,--gc-sections -static --specs=nano.specs -mfloat-abi=soft -mthumb -Wl,--start-group -lc -lm -Wl,--end-group
Finished building target: ADCTest.elf
 
arm-none-eabi-size  ADCTest.elf 
arm-none-eabi-objdump -h -S ADCTest.elf  > "ADCTest.list"
   text	   data	    bss	    dec	    hex	filename
  13816	     92	   2964	  16872	   41e8	ADCTest.elf
Finished building: default.size.stdout
 
Finished building: ADCTest.list
 
09:35:37 **** Incremental Build of configuration Debug for project ADCTest ****
make -j12 all 
arm-none-eabi-gcc "../Core/Src/main.c" -mcpu=cortex-m3 -std=gnu11 -g3 -DDEBUG -DUSE_HAL_DRIVER -DSTM32F103xB -c -I../Core/Inc -I../Drivers/STM32F1xx_HAL_Driver/Inc/Legacy -I../Drivers/STM32F1xx_HAL_Driver/Inc -I../Drivers/CMSIS/Device/ST/STM32F1xx/Include -I../Drivers/CMSIS/Include -O0 -ffunction-sections -fdata-sections -Wall -fstack-usage -fcyclomatic-complexity -MMD -MP -MF"Core/Src/main.d" -MT"Core/Src/main.o" --specs=nano.specs -mfloat-abi=soft -mthumb -o "Core/Src/main.o"
../Core/Src/main.c: In function 'main':
../Core/Src/main.c:141:30: warning: passing argument 2 of 'RingBuffer_Init' from incompatible pointer type [-Wincompatible-pointer-types]
  141 |   RingBuffer_Init(&RBVoltage,&VoltageBuff,200);
      |                              ^~~~~~~~~~~~
      |                              |
      |                              uint16_t (*)[200] {aka short unsigned int (*)[200]}
In file included from ../Core/Src/main.c:26:
../Core/Src/RingBuffer.h:56:52: note: expected 'uint16_t *' {aka 'short unsigned int *'} but argument is of type 'uint16_t (*)[200]' {aka 'short unsigned int (*)[200]'}
   56 | void RingBuffer_Init(RingBuffer_t *rb, RBDataType* buffer, uint16_t size);
      |                                                    ^
../Core/Src/main.c:142:30: warning: passing argument 2 of 'RingBuffer_Init' from incompatible pointer type [-Wincompatible-pointer-types]
  142 |   RingBuffer_Init(&RBCurrent,&CurrentBuff,200);
      |                              ^~~~~~~~~~~~
      |                              |
      |                              uint16_t (*)[200] {aka short unsigned int (*)[200]}
../Core/Src/RingBuffer.h:56:52: note: expected 'uint16_t *' {aka 'short unsigned int *'} but argument is of type 'uint16_t (*)[200]' {aka 'short unsigned int (*)[200]'}
   56 | void RingBuffer_Init(RingBuffer_t *rb, RBDataType* buffer, uint16_t size);
      |                                                    ^
arm-none-eabi-gcc -o "ADCTest.elf" @"objects.list"   -mcpu=cortex-m3 -T"C:\Users\lucas\Documents\Github\STM3205P\3.Firmware\ADCTest\STM32F103C8TX_FLASH.ld" --specs=nosys.specs -Wl,-Map="ADCTest.map" -Wl,--gc-sections -static --specs=nano.specs -mfloat-abi=soft -mthumb -Wl,--start-group -lc -lm -Wl,--end-group
Finished building target: ADCTest.elf
 
arm-none-eabi-size  ADCTest.elf 
arm-none-eabi-objdump -h -S ADCTest.elf  > "ADCTest.list"
   text	   data	    bss	    dec	    hex	filename
  13820	     92	   2964	  16876	   41ec	ADCTest.elf
Finished building: default.size.stdout
 
Finished building: ADCTest.list
 
09:36:26 **** Incremental Build of configuration Debug for project ADCTest ****
make -j12 all 
arm-none-eabi-size  ADCTest.elf 
   text	   data	    bss	    dec	    hex	filename
  13820	     92	   2964	  16876	   41ec	ADCTest.elf
Finished building: default.size.stdout
 
09:40:03 **** Incremental Build of configuration Debug for project ADCTest ****
make -j12 all 
arm-none-eabi-size  ADCTest.elf 
   text	   data	    bss	    dec	    hex	filename
  13820	     92	   2964	  16876	   41ec	ADCTest.elf
Finished building: default.size.stdout
 
09:40:20 **** Incremental Build of configuration Debug for project ADCTest ****
make -j12 all 
arm-none-eabi-size  ADCTest.elf 
   text	   data	    bss	    dec	    hex	filename
  13820	     92	   2964	  16876	   41ec	ADCTest.elf
Finished building: default.size.stdout
 
09:56:22 **** Incremental Build of configuration Debug for project ADCTest ****
make -j12 all 
arm-none-eabi-size  ADCTest.elf 
   text	   data	    bss	    dec	    hex	filename
  13820	     92	   2964	  16876	   41ec	ADCTest.elf
Finished building: default.size.stdout
 
10:13:59 **** Incremental Build of configuration Debug for project ADCTest ****
make -j12 all 
arm-none-eabi-gcc "../Core/Src/RingBuffer.c" -mcpu=cortex-m3 -std=gnu11 -g3 -DDEBUG -DUSE_HAL_DRIVER -DSTM32F103xB -c -I../Core/Inc -I../Drivers/STM32F1xx_HAL_Driver/Inc/Legacy -I../Drivers/STM32F1xx_HAL_Driver/Inc -I../Drivers/CMSIS/Device/ST/STM32F1xx/Include -I../Drivers/CMSIS/Include -O0 -ffunction-sections -fdata-sections -Wall -fstack-usage -fcyclomatic-complexity -MMD -MP -MF"Core/Src/RingBuffer.d" -MT"Core/Src/RingBuffer.o" --specs=nano.specs -mfloat-abi=soft -mthumb -o "Core/Src/RingBuffer.o"
arm-none-eabi-gcc "../Core/Src/main.c" -mcpu=cortex-m3 -std=gnu11 -g3 -DDEBUG -DUSE_HAL_DRIVER -DSTM32F103xB -c -I../Core/Inc -I../Drivers/STM32F1xx_HAL_Driver/Inc/Legacy -I../Drivers/STM32F1xx_HAL_Driver/Inc -I../Drivers/CMSIS/Device/ST/STM32F1xx/Include -I../Drivers/CMSIS/Include -O0 -ffunction-sections -fdata-sections -Wall -fstack-usage -fcyclomatic-complexity -MMD -MP -MF"Core/Src/main.d" -MT"Core/Src/main.o" --specs=nano.specs -mfloat-abi=soft -mthumb -o "Core/Src/main.o"
../Core/Src/main.c: In function 'main':
../Core/Src/main.c:141:30: warning: passing argument 2 of 'RingBuffer_Init' from incompatible pointer type [-Wincompatible-pointer-types]
  141 |   RingBuffer_Init(&RBVoltage,&VoltageBuff,200);
      |                              ^~~~~~~~~~~~
      |                              |
      |                              uint16_t (*)[200] {aka short unsigned int (*)[200]}
In file included from ../Core/Src/main.c:26:
../Core/Src/RingBuffer.h:56:52: note: expected 'uint16_t *' {aka 'short unsigned int *'} but argument is of type 'uint16_t (*)[200]' {aka 'short unsigned int (*)[200]'}
   56 | void RingBuffer_Init(RingBuffer_t *rb, RBDataType* buffer, uint16_t size);
      |                                                    ^
../Core/Src/main.c:142:30: warning: passing argument 2 of 'RingBuffer_Init' from incompatible pointer type [-Wincompatible-pointer-types]
  142 |   RingBuffer_Init(&RBCurrent,&CurrentBuff,200);
      |                              ^~~~~~~~~~~~
      |                              |
      |                              uint16_t (*)[200] {aka short unsigned int (*)[200]}
../Core/Src/RingBuffer.h:56:52: note: expected 'uint16_t *' {aka 'short unsigned int *'} but argument is of type 'uint16_t (*)[200]' {aka 'short unsigned int (*)[200]'}
   56 | void RingBuffer_Init(RingBuffer_t *rb, RBDataType* buffer, uint16_t size);
      |                                                    ^
arm-none-eabi-gcc -o "ADCTest.elf" @"objects.list"   -mcpu=cortex-m3 -T"C:\Users\lucas\Documents\Github\STM3205P\3.Firmware\ADCTest\STM32F103C8TX_FLASH.ld" --specs=nosys.specs -Wl,-Map="ADCTest.map" -Wl,--gc-sections -static --specs=nano.specs -mfloat-abi=soft -mthumb -Wl,--start-group -lc -lm -Wl,--end-group
Finished building target: ADCTest.elf
 
arm-none-eabi-size  ADCTest.elf 
arm-none-eabi-objdump -h -S ADCTest.elf  > "ADCTest.list"
   text	   data	    bss	    dec	    hex	filename
  13756	     92	   2964	  16812	   41ac	ADCTest.elf
Finished building: default.size.stdout
 
Finished building: ADCTest.list
 
10:15:58 **** Incremental Build of configuration Debug for project ADCTest ****
make -j12 all 
arm-none-eabi-gcc "../Core/Src/main.c" -mcpu=cortex-m3 -std=gnu11 -g3 -DDEBUG -DUSE_HAL_DRIVER -DSTM32F103xB -c -I../Core/Inc -I../Drivers/STM32F1xx_HAL_Driver/Inc/Legacy -I../Drivers/STM32F1xx_HAL_Driver/Inc -I../Drivers/CMSIS/Device/ST/STM32F1xx/Include -I../Drivers/CMSIS/Include -O0 -ffunction-sections -fdata-sections -Wall -fstack-usage -fcyclomatic-complexity -MMD -MP -MF"Core/Src/main.d" -MT"Core/Src/main.o" --specs=nano.specs -mfloat-abi=soft -mthumb -o "Core/Src/main.o"
arm-none-eabi-gcc -o "ADCTest.elf" @"objects.list"   -mcpu=cortex-m3 -T"C:\Users\lucas\Documents\Github\STM3205P\3.Firmware\ADCTest\STM32F103C8TX_FLASH.ld" --specs=nosys.specs -Wl,-Map="ADCTest.map" -Wl,--gc-sections -static --specs=nano.specs -mfloat-abi=soft -mthumb -Wl,--start-group -lc -lm -Wl,--end-group
Finished building target: ADCTest.elf
 
arm-none-eabi-size  ADCTest.elf 
arm-none-eabi-objdump -h -S ADCTest.elf  > "ADCTest.list"
   text	   data	    bss	    dec	    hex	filename
  13756	     92	   2964	  16812	   41ac	ADCTest.elf
Finished building: default.size.stdout
 
Finished building: ADCTest.list
 
10:16:10 **** Incremental Build of configuration Debug for project ADCTest ****
make -j12 all 
arm-none-eabi-size  ADCTest.elf 
   text	   data	    bss	    dec	    hex	filename
  13756	     92	   2964	  16812	   41ac	ADCTest.elf
Finished building: default.size.stdout
 
10:18:14 **** Incremental Build of configuration Debug for project ADCTest ****
make -j12 all 
arm-none-eabi-gcc "../Core/Src/main.c" -mcpu=cortex-m3 -std=gnu11 -g3 -DDEBUG -DUSE_HAL_DRIVER -DSTM32F103xB -c -I../Core/Inc -I../Drivers/STM32F1xx_HAL_Driver/Inc/Legacy -I../Drivers/STM32F1xx_HAL_Driver/Inc -I../Drivers/CMSIS/Device/ST/STM32F1xx/Include -I../Drivers/CMSIS/Include -O0 -ffunction-sections -fdata-sections -Wall -fstack-usage -fcyclomatic-complexity -MMD -MP -MF"Core/Src/main.d" -MT"Core/Src/main.o" --specs=nano.specs -mfloat-abi=soft -mthumb -o "Core/Src/main.o"
arm-none-eabi-gcc -o "ADCTest.elf" @"objects.list"   -mcpu=cortex-m3 -T"C:\Users\lucas\Documents\Github\STM3205P\3.Firmware\ADCTest\STM32F103C8TX_FLASH.ld" --specs=nosys.specs -Wl,-Map="ADCTest.map" -Wl,--gc-sections -static --specs=nano.specs -mfloat-abi=soft -mthumb -Wl,--start-group -lc -lm -Wl,--end-group
Finished building target: ADCTest.elf
 
arm-none-eabi-size  ADCTest.elf 
arm-none-eabi-objdump -h -S ADCTest.elf  > "ADCTest.list"
   text	   data	    bss	    dec	    hex	filename
  14512	     92	   2964	  17568	   44a0	ADCTest.elf
Finished building: default.size.stdout
 
Finished building: ADCTest.list
 
10:18:31 **** Incremental Build of configuration Debug for project ADCTest ****
make -j12 all 
arm-none-eabi-size  ADCTest.elf 
   text	   data	    bss	    dec	    hex	filename
  14512	     92	   2964	  17568	   44a0	ADCTest.elf
Finished building: default.size.stdout
 
10:23:27 **** Incremental Build of configuration Debug for project ADCTest ****
make -j12 all 
arm-none-eabi-gcc "../Core/Src/main.c" -mcpu=cortex-m3 -std=gnu11 -g3 -DDEBUG -DUSE_HAL_DRIVER -DSTM32F103xB -c -I../Core/Inc -I../Drivers/STM32F1xx_HAL_Driver/Inc/Legacy -I../Drivers/STM32F1xx_HAL_Driver/Inc -I../Drivers/CMSIS/Device/ST/STM32F1xx/Include -I../Drivers/CMSIS/Include -O0 -ffunction-sections -fdata-sections -Wall -fstack-usage -fcyclomatic-complexity -MMD -MP -MF"Core/Src/main.d" -MT"Core/Src/main.o" --specs=nano.specs -mfloat-abi=soft -mthumb -o "Core/Src/main.o"
arm-none-eabi-gcc "../Core/Src/stm32f1xx_hal_msp.c" -mcpu=cortex-m3 -std=gnu11 -g3 -DDEBUG -DUSE_HAL_DRIVER -DSTM32F103xB -c -I../Core/Inc -I../Drivers/STM32F1xx_HAL_Driver/Inc/Legacy -I../Drivers/STM32F1xx_HAL_Driver/Inc -I../Drivers/CMSIS/Device/ST/STM32F1xx/Include -I../Drivers/CMSIS/Include -O0 -ffunction-sections -fdata-sections -Wall -fstack-usage -fcyclomatic-complexity -MMD -MP -MF"Core/Src/stm32f1xx_hal_msp.d" -MT"Core/Src/stm32f1xx_hal_msp.o" --specs=nano.specs -mfloat-abi=soft -mthumb -o "Core/Src/stm32f1xx_hal_msp.o"
../Core/Src/main.c: In function 'UART_Print':
../Core/Src/main.c:100:45: warning: implicit declaration of function 'strlen' [-Wimplicit-function-declaration]
  100 |     HAL_UART_Transmit(huart, (uint8_t*)msg, strlen(msg), HAL_MAX_DELAY);
      |                                             ^~~~~~
../Core/Src/main.c:25:1: note: include '<string.h>' or provide a declaration of 'strlen'
   24 | #include "RingBuffer.h"
  +++ |+#include <string.h>
   25 | /* USER CODE END Includes */
../Core/Src/main.c:100:45: warning: incompatible implicit declaration of built-in function 'strlen' [-Wbuiltin-declaration-mismatch]
  100 |     HAL_UART_Transmit(huart, (uint8_t*)msg, strlen(msg), HAL_MAX_DELAY);
      |                                             ^~~~~~
../Core/Src/main.c:100:45: note: include '<string.h>' or provide a declaration of 'strlen'
arm-none-eabi-gcc -o "ADCTest.elf" @"objects.list"   -mcpu=cortex-m3 -T"C:\Users\lucas\Documents\Github\STM3205P\3.Firmware\ADCTest\STM32F103C8TX_FLASH.ld" --specs=nosys.specs -Wl,-Map="ADCTest.map" -Wl,--gc-sections -static --specs=nano.specs -mfloat-abi=soft -mthumb -Wl,--start-group -lc -lm -Wl,--end-group
Finished building target: ADCTest.elf
 
arm-none-eabi-size  ADCTest.elf 
arm-none-eabi-objdump -h -S ADCTest.elf  > "ADCTest.list"
   text	   data	    bss	    dec	    hex	filename
  10928	     12	   2636	  13576	   3508	ADCTest.elf
Finished building: default.size.stdout
 
Finished building: ADCTest.list
 
10:25:57 **** Incremental Build of configuration Debug for project ADCTest ****
make -j12 all 
arm-none-eabi-gcc "../Core/Src/main.c" -mcpu=cortex-m3 -std=gnu11 -g3 -DDEBUG -DUSE_HAL_DRIVER -DSTM32F103xB -c -I../Core/Inc -I../Drivers/STM32F1xx_HAL_Driver/Inc/Legacy -I../Drivers/STM32F1xx_HAL_Driver/Inc -I../Drivers/CMSIS/Device/ST/STM32F1xx/Include -I../Drivers/CMSIS/Include -O0 -ffunction-sections -fdata-sections -Wall -fstack-usage -fcyclomatic-complexity -MMD -MP -MF"Core/Src/main.d" -MT"Core/Src/main.o" --specs=nano.specs -mfloat-abi=soft -mthumb -o "Core/Src/main.o"
../Core/Src/main.c: In function 'UART_Print':
../Core/Src/main.c:100:45: warning: implicit declaration of function 'strlen' [-Wimplicit-function-declaration]
  100 |     HAL_UART_Transmit(huart, (uint8_t*)msg, strlen(msg), HAL_MAX_DELAY);
      |                                             ^~~~~~
../Core/Src/main.c:25:1: note: include '<string.h>' or provide a declaration of 'strlen'
   24 | #include "RingBuffer.h"
  +++ |+#include <string.h>
   25 | /* USER CODE END Includes */
../Core/Src/main.c:100:45: warning: incompatible implicit declaration of built-in function 'strlen' [-Wbuiltin-declaration-mismatch]
  100 |     HAL_UART_Transmit(huart, (uint8_t*)msg, strlen(msg), HAL_MAX_DELAY);
      |                                             ^~~~~~
../Core/Src/main.c:100:45: note: include '<string.h>' or provide a declaration of 'strlen'
../Core/Src/main.c: In function 'main':
../Core/Src/main.c:163:14: warning: implicit declaration of function 'RingBuffer_GetSingle'; did you mean 'RingBuffer_Size'? [-Wimplicit-function-declaration]
  163 |       while (RingBuffer_GetSingle(&RBVoltage, &value))
      |              ^~~~~~~~~~~~~~~~~~~~
      |              RingBuffer_Size
../Core/Src/main.c:165:19: warning: implicit declaration of function 'snprintf' [-Wimplicit-function-declaration]
  165 |           int n = snprintf(msg, sizeof(msg), "V:%u\r\n", (unsigned int)value);
      |                   ^~~~~~~~
../Core/Src/main.c:25:1: note: include '<stdio.h>' or provide a declaration of 'snprintf'
   24 | #include "RingBuffer.h"
  +++ |+#include <stdio.h>
   25 | /* USER CODE END Includes */
../Core/Src/main.c:165:19: warning: incompatible implicit declaration of built-in function 'snprintf' [-Wbuiltin-declaration-mismatch]
  165 |           int n = snprintf(msg, sizeof(msg), "V:%u\r\n", (unsigned int)value);
      |                   ^~~~~~~~
../Core/Src/main.c:165:19: note: include '<stdio.h>' or provide a declaration of 'snprintf'
../Core/Src/main.c:172:19: warning: incompatible implicit declaration of built-in function 'snprintf' [-Wbuiltin-declaration-mismatch]
  172 |           int n = snprintf(msg, sizeof(msg), "I:%u\r\n", (unsigned int)value);
      |                   ^~~~~~~~
../Core/Src/main.c:172:19: note: include '<stdio.h>' or provide a declaration of 'snprintf'
arm-none-eabi-gcc -o "ADCTest.elf" @"objects.list"   -mcpu=cortex-m3 -T"C:\Users\lucas\Documents\Github\STM3205P\3.Firmware\ADCTest\STM32F103C8TX_FLASH.ld" --specs=nosys.specs -Wl,-Map="ADCTest.map" -Wl,--gc-sections -static --specs=nano.specs -mfloat-abi=soft -mthumb -Wl,--start-group -lc -lm -Wl,--end-group
C:/ST/STM32CubeIDE_1.15.1/STM32CubeIDE/plugins/com.st.stm32cube.ide.mcu.externaltools.gnu-tools-for-stm32.13.3.rel1.win32_1.0.0.202411081344/tools/bin/../lib/gcc/arm-none-eabi/13.3.1/../../../../arm-none-eabi/bin/ld.exe: ./Core/Src/main.o: in function `main':
C:/Users/lucas/Documents/Github/STM3205P/3.Firmware/ADCTest/Debug/../Core/Src/main.c:163:(.text.main+0x80): undefined reference to `RingBuffer_GetSingle'
C:/ST/STM32CubeIDE_1.15.1/STM32CubeIDE/plugins/com.st.stm32cube.ide.mcu.externaltools.gnu-tools-for-stm32.13.3.rel1.win32_1.0.0.202411081344/tools/bin/../lib/gcc/arm-none-eabi/13.3.1/../../../../arm-none-eabi/bin/ld.exe: C:/Users/lucas/Documents/Github/STM3205P/3.Firmware/ADCTest/Debug/../Core/Src/main.c:170:(.text.main+0xb2): undefined reference to `RingBuffer_GetSingle'
collect2.exe: error: ld returned 1 exit status
make: *** [makefile:64: ADCTest.elf] Error 1
"make -j12 all" terminated with exit code 2. Build might be incomplete.
10:26:29 **** Incremental Build of configuration Debug for project ADCTest ****
make -j12 all 
arm-none-eabi-gcc -o "ADCTest.elf" @"objects.list"   -mcpu=cortex-m3 -T"C:\Users\lucas\Documents\Github\STM3205P\3.Firmware\ADCTest\STM32F103C8TX_FLASH.ld" --specs=nosys.specs -Wl,-Map="ADCTest.map" -Wl,--gc-sections -static --specs=nano.specs -mfloat-abi=soft -mthumb -Wl,--start-group -lc -lm -Wl,--end-group
C:/ST/STM32CubeIDE_1.15.1/STM32CubeIDE/plugins/com.st.stm32cube.ide.mcu.externaltools.gnu-tools-for-stm32.13.3.rel1.win32_1.0.0.202411081344/tools/bin/../lib/gcc/arm-none-eabi/13.3.1/../../../../arm-none-eabi/bin/ld.exe: ./Core/Src/main.o: in function `main':
C:/Users/lucas/Documents/Github/STM3205P/3.Firmware/ADCTest/Debug/../Core/Src/main.c:163:(.text.main+0x80): undefined reference to `RingBuffer_GetSingle'
C:/ST/STM32CubeIDE_1.15.1/STM32CubeIDE/plugins/com.st.stm32cube.ide.mcu.externaltools.gnu-tools-for-stm32.13.3.rel1.win32_1.0.0.202411081344/tools/bin/../lib/gcc/arm-none-eabi/13.3.1/../../../../arm-none-eabi/bin/ld.exe: C:/Users/lucas/Documents/Github/STM3205P/3.Firmware/ADCTest/Debug/../Core/Src/main.c:170:(.text.main+0xb2): undefined reference to `RingBuffer_GetSingle'
collect2.exe: error: ld returned 1 exit status
make: *** [makefile:64: ADCTest.elf] Error 1
"make -j12 all" terminated with exit code 2. Build might be incomplete.
10:26:56 **** Incremental Build of configuration Debug for project ADCTest ****
make -j12 all 
arm-none-eabi-gcc "../Core/Src/main.c" -mcpu=cortex-m3 -std=gnu11 -g3 -DDEBUG -DUSE_HAL_DRIVER -DSTM32F103xB -c -I../Core/Inc -I../Drivers/STM32F1xx_HAL_Driver/Inc/Legacy -I../Drivers/STM32F1xx_HAL_Driver/Inc -I../Drivers/CMSIS/Device/ST/STM32F1xx/Include -I../Drivers/CMSIS/Include -O0 -ffunction-sections -fdata-sections -Wall -fstack-usage -fcyclomatic-complexity -MMD -MP -MF"Core/Src/main.d" -MT"Core/Src/main.o" --specs=nano.specs -mfloat-abi=soft -mthumb -o "Core/Src/main.o"
../Core/Src/main.c: In function 'UART_Print':
../Core/Src/main.c:100:45: warning: implicit declaration of function 'strlen' [-Wimplicit-function-declaration]
  100 |     HAL_UART_Transmit(huart, (uint8_t*)msg, strlen(msg), HAL_MAX_DELAY);
      |                                             ^~~~~~
../Core/Src/main.c:25:1: note: include '<string.h>' or provide a declaration of 'strlen'
   24 | #include "RingBuffer.h"
  +++ |+#include <string.h>
   25 | /* USER CODE END Includes */
../Core/Src/main.c:100:45: warning: incompatible implicit declaration of built-in function 'strlen' [-Wbuiltin-declaration-mismatch]
  100 |     HAL_UART_Transmit(huart, (uint8_t*)msg, strlen(msg), HAL_MAX_DELAY);
      |                                             ^~~~~~
../Core/Src/main.c:100:45: note: include '<string.h>' or provide a declaration of 'strlen'
../Core/Src/main.c: In function 'main':
../Core/Src/main.c:165:19: warning: implicit declaration of function 'snprintf' [-Wimplicit-function-declaration]
  165 |           int n = snprintf(msg, sizeof(msg), "V:%u\r\n", (unsigned int)value);
      |                   ^~~~~~~~
../Core/Src/main.c:25:1: note: include '<stdio.h>' or provide a declaration of 'snprintf'
   24 | #include "RingBuffer.h"
  +++ |+#include <stdio.h>
   25 | /* USER CODE END Includes */
../Core/Src/main.c:165:19: warning: incompatible implicit declaration of built-in function 'snprintf' [-Wbuiltin-declaration-mismatch]
  165 |           int n = snprintf(msg, sizeof(msg), "V:%u\r\n", (unsigned int)value);
      |                   ^~~~~~~~
../Core/Src/main.c:165:19: note: include '<stdio.h>' or provide a declaration of 'snprintf'
../Core/Src/main.c:172:19: warning: incompatible implicit declaration of built-in function 'snprintf' [-Wbuiltin-declaration-mismatch]
  172 |           int n = snprintf(msg, sizeof(msg), "I:%u\r\n", (unsigned int)value);
      |                   ^~~~~~~~
../Core/Src/main.c:172:19: note: include '<stdio.h>' or provide a declaration of 'snprintf'
arm-none-eabi-gcc -o "ADCTest.elf" @"objects.list"   -mcpu=cortex-m3 -T"C:\Users\lucas\Documents\Github\STM3205P\3.Firmware\ADCTest\STM32F103C8TX_FLASH.ld" --specs=nosys.specs -Wl,-Map="ADCTest.map" -Wl,--gc-sections -static --specs=nano.specs -mfloat-abi=soft -mthumb -Wl,--start-group -lc -lm -Wl,--end-group
Finished building target: ADCTest.elf
 
arm-none-eabi-size  ADCTest.elf 
arm-none-eabi-objdump -h -S ADCTest.elf  > "ADCTest.list"
   text	   data	    bss	    dec	    hex	filename
  14512	     92	   2964	  17568	   44a0	ADCTest.elf
Finished building: default.size.stdout
 
Finished building: ADCTest.list
 
10:27:31 **** Incremental Build of configuration Debug for project ADCTest ****
make -j12 all 
arm-none-eabi-gcc "../Core/Src/main.c" -mcpu=cortex-m3 -std=gnu11 -g3 -DDEBUG -DUSE_HAL_DRIVER -DSTM32F103xB -c -I../Core/Inc -I../Drivers/STM32F1xx_HAL_Driver/Inc/Legacy -I../Drivers/STM32F1xx_HAL_Driver/Inc -I../Drivers/CMSIS/Device/ST/STM32F1xx/Include -I../Drivers/CMSIS/Include -O0 -ffunction-sections -fdata-sections -Wall -fstack-usage -fcyclomatic-complexity -MMD -MP -MF"Core/Src/main.d" -MT"Core/Src/main.o" --specs=nano.specs -mfloat-abi=soft -mthumb -o "Core/Src/main.o"
arm-none-eabi-gcc -o "ADCTest.elf" @"objects.list"   -mcpu=cortex-m3 -T"C:\Users\lucas\Documents\Github\STM3205P\3.Firmware\ADCTest\STM32F103C8TX_FLASH.ld" --specs=nosys.specs -Wl,-Map="ADCTest.map" -Wl,--gc-sections -static --specs=nano.specs -mfloat-abi=soft -mthumb -Wl,--start-group -lc -lm -Wl,--end-group
Finished building target: ADCTest.elf
 
arm-none-eabi-size  ADCTest.elf 
arm-none-eabi-objdump -h -S ADCTest.elf  > "ADCTest.list"
   text	   data	    bss	    dec	    hex	filename
  14512	     92	   2964	  17568	   44a0	ADCTest.elf
Finished building: default.size.stdout
 
Finished building: ADCTest.list
 
10:27:36 **** Incremental Build of configuration Debug for project ADCTest ****
make -j12 all 
arm-none-eabi-size  ADCTest.elf 
   text	   data	    bss	    dec	    hex	filename
  14512	     92	   2964	  17568	   44a0	ADCTest.elf
Finished building: default.size.stdout
 
10:27:39 **** Incremental Build of configuration Debug for project ADCTest ****
make -j12 all 
arm-none-eabi-size  ADCTest.elf 
   text	   data	    bss	    dec	    hex	filename
  14512	     92	   2964	  17568	   44a0	ADCTest.elf
Finished building: default.size.stdout
 
10:45:57 **** Incremental Build of configuration Debug for project ADCTest ****
make -j12 all 
arm-none-eabi-gcc "../Core/Src/main.c" -mcpu=cortex-m3 -std=gnu11 -g3 -DDEBUG -DUSE_HAL_DRIVER -DSTM32F103xB -c -I../Core/Inc -I../Drivers/STM32F1xx_HAL_Driver/Inc/Legacy -I../Drivers/STM32F1xx_HAL_Driver/Inc -I../Drivers/CMSIS/Device/ST/STM32F1xx/Include -I../Drivers/CMSIS/Include -O0 -ffunction-sections -fdata-sections -Wall -fstack-usage -fcyclomatic-complexity -MMD -MP -MF"Core/Src/main.d" -MT"Core/Src/main.o" --specs=nano.specs -mfloat-abi=soft -mthumb -o "Core/Src/main.o"
arm-none-eabi-gcc "../Core/Src/stm32f1xx_hal_msp.c" -mcpu=cortex-m3 -std=gnu11 -g3 -DDEBUG -DUSE_HAL_DRIVER -DSTM32F103xB -c -I../Core/Inc -I../Drivers/STM32F1xx_HAL_Driver/Inc/Legacy -I../Drivers/STM32F1xx_HAL_Driver/Inc -I../Drivers/CMSIS/Device/ST/STM32F1xx/Include -I../Drivers/CMSIS/Include -O0 -ffunction-sections -fdata-sections -Wall -fstack-usage -fcyclomatic-complexity -MMD -MP -MF"Core/Src/stm32f1xx_hal_msp.d" -MT"Core/Src/stm32f1xx_hal_msp.o" --specs=nano.specs -mfloat-abi=soft -mthumb -o "Core/Src/stm32f1xx_hal_msp.o"
arm-none-eabi-gcc -o "ADCTest.elf" @"objects.list"   -mcpu=cortex-m3 -T"C:\Users\lucas\Documents\Github\STM3205P\3.Firmware\ADCTest\STM32F103C8TX_FLASH.ld" --specs=nosys.specs -Wl,-Map="ADCTest.map" -Wl,--gc-sections -static --specs=nano.specs -mfloat-abi=soft -mthumb -Wl,--start-group -lc -lm -Wl,--end-group
Finished building target: ADCTest.elf
 
arm-none-eabi-size  ADCTest.elf 
arm-none-eabi-objdump -h -S ADCTest.elf  > "ADCTest.list"
   text	   data	    bss	    dec	    hex	filename
  14628	     92	   2964	  17684	   4514	ADCTest.elf
Finished building: default.size.stdout
 
Finished building: ADCTest.list
 
10:46:05 **** Incremental Build of configuration Debug for project ADCTest ****
make -j12 all 
arm-none-eabi-size  ADCTest.elf 
   text	   data	    bss	    dec	    hex	filename
  14628	     92	   2964	  17684	   4514	ADCTest.elf
Finished building: default.size.stdout
 
10:51:42 **** Build of configuration Debug for project STM3205P ****
make -j12 all 
arm-none-eabi-gcc "../Core/Src/RingBuffer.c" -mcpu=cortex-m3 -std=gnu11 -g3 -DDEBUG -DUSE_HAL_DRIVER -DSTM32F103x6 -c -I../Core/Inc -I../Drivers/STM32F1xx_HAL_Driver/Inc/Legacy -I../Drivers/STM32F1xx_HAL_Driver/Inc -I../Drivers/CMSIS/Device/ST/STM32F1xx/Include -I../Drivers/CMSIS/Include -O0 -ffunction-sections -fdata-sections -Wall -fstack-usage -fcyclomatic-complexity -MMD -MP -MF"Core/Src/RingBuffer.d" -MT"Core/Src/RingBuffer.o" --specs=nano.specs -mfloat-abi=soft -mthumb -o "Core/Src/RingBuffer.o"
arm-none-eabi-gcc "../Core/Src/main.c" -mcpu=cortex-m3 -std=gnu11 -g3 -DDEBUG -DUSE_HAL_DRIVER -DSTM32F103x6 -c -I../Core/Inc -I../Drivers/STM32F1xx_HAL_Driver/Inc/Legacy -I../Drivers/STM32F1xx_HAL_Driver/Inc -I../Drivers/CMSIS/Device/ST/STM32F1xx/Include -I../Drivers/CMSIS/Include -O0 -ffunction-sections -fdata-sections -Wall -fstack-usage -fcyclomatic-complexity -MMD -MP -MF"Core/Src/main.d" -MT"Core/Src/main.o" --specs=nano.specs -mfloat-abi=soft -mthumb -o "Core/Src/main.o"
arm-none-eabi-gcc -o "STM3205P.elf" @"objects.list"   -mcpu=cortex-m3 -T"C:\Users\lucas\Documents\Github\STM3205P\3.Firmware\STM3205P\STM32F103C6TX_FLASH.ld" --specs=nosys.specs -Wl,-Map="STM3205P.map" -Wl,--gc-sections -static --specs=nano.specs -mfloat-abi=soft -mthumb -Wl,--start-group -lc -lm -Wl,--end-group
Finished building target: STM3205P.elf
 
arm-none-eabi-size  STM3205P.elf 
arm-none-eabi-objdump -h -S STM3205P.elf  > "STM3205P.list"
   text	   data	    bss	    dec	    hex	filename
  12804	     12	   1948	  14764	   39ac	STM3205P.elf
Finished building: default.size.stdout
 
Finished building: STM3205P.list
 
10:52:58 **** Incremental Build of configuration Debug for project STM3205P ****
make -j12 all 
arm-none-eabi-size  STM3205P.elf 
   text	   data	    bss	    dec	    hex	filename
  12804	     12	   1948	  14764	   39ac	STM3205P.elf
Finished building: default.size.stdout
 
10:53:45 **** Incremental Build of configuration Debug for project STM3205P ****
make -j12 all 
arm-none-eabi-gcc "../Core/Src/main.c" -mcpu=cortex-m3 -std=gnu11 -g3 -DDEBUG -DUSE_HAL_DRIVER -DSTM32F103x6 -c -I../Core/Inc -I../Drivers/STM32F1xx_HAL_Driver/Inc/Legacy -I../Drivers/STM32F1xx_HAL_Driver/Inc -I../Drivers/CMSIS/Device/ST/STM32F1xx/Include -I../Drivers/CMSIS/Include -O0 -ffunction-sections -fdata-sections -Wall -fstack-usage -fcyclomatic-complexity -MMD -MP -MF"Core/Src/main.d" -MT"Core/Src/main.o" --specs=nano.specs -mfloat-abi=soft -mthumb -o "Core/Src/main.o"
../Core/Src/main.c: In function 'HAL_TIM_PeriodElapsedCallback':
../Core/Src/main.c:87:37: error: 'fvalue1' undeclared (first use in this function); did you mean 'false'?
   87 |                 display_PrepareData(fvalue1, fvalue2);
      |                                     ^~~~~~~
      |                                     false
../Core/Src/main.c:87:37: note: each undeclared identifier is reported only once for each function it appears in
../Core/Src/main.c:87:46: error: 'fvalue2' undeclared (first use in this function); did you mean 'false'?
   87 |                 display_PrepareData(fvalue1, fvalue2);
      |                                              ^~~~~~~
      |                                              false
make: *** [Core/Src/subdir.mk:40: Core/Src/main.o] Error 1
"make -j12 all" terminated with exit code 2. Build might be incomplete.
11:01:51 **** Incremental Build of configuration Debug for project STM3205P ****
make -j12 all 
arm-none-eabi-gcc "../Core/Src/main.c" -mcpu=cortex-m3 -std=gnu11 -g3 -DDEBUG -DUSE_HAL_DRIVER -DSTM32F103x6 -c -I../Core/Inc -I../Drivers/STM32F1xx_HAL_Driver/Inc/Legacy -I../Drivers/STM32F1xx_HAL_Driver/Inc -I../Drivers/CMSIS/Device/ST/STM32F1xx/Include -I../Drivers/CMSIS/Include -O0 -ffunction-sections -fdata-sections -Wall -fstack-usage -fcyclomatic-complexity -MMD -MP -MF"Core/Src/main.d" -MT"Core/Src/main.o" --specs=nano.specs -mfloat-abi=soft -mthumb -o "Core/Src/main.o"
arm-none-eabi-gcc -o "STM3205P.elf" @"objects.list"   -mcpu=cortex-m3 -T"C:\Users\lucas\Documents\Github\STM3205P\3.Firmware\STM3205P\STM32F103C6TX_FLASH.ld" --specs=nosys.specs -Wl,-Map="STM3205P.map" -Wl,--gc-sections -static --specs=nano.specs -mfloat-abi=soft -mthumb -Wl,--start-group -lc -lm -Wl,--end-group
Finished building target: STM3205P.elf
 
arm-none-eabi-size  STM3205P.elf 
arm-none-eabi-objdump -h -S STM3205P.elf  > "STM3205P.list"
   text	   data	    bss	    dec	    hex	filename
  17828	     12	   2668	  20508	   501c	STM3205P.elf
Finished building: default.size.stdout
 
Finished building: STM3205P.list
 
11:03:41 **** Incremental Build of configuration Debug for project STM3205P ****
make -j12 all 
arm-none-eabi-gcc "../Core/Src/main.c" -mcpu=cortex-m3 -std=gnu11 -g3 -DDEBUG -DUSE_HAL_DRIVER -DSTM32F103x6 -c -I../Core/Inc -I../Drivers/STM32F1xx_HAL_Driver/Inc/Legacy -I../Drivers/STM32F1xx_HAL_Driver/Inc -I../Drivers/CMSIS/Device/ST/STM32F1xx/Include -I../Drivers/CMSIS/Include -O0 -ffunction-sections -fdata-sections -Wall -fstack-usage -fcyclomatic-complexity -MMD -MP -MF"Core/Src/main.d" -MT"Core/Src/main.o" --specs=nano.specs -mfloat-abi=soft -mthumb -o "Core/Src/main.o"
../Core/Src/main.c: In function 'HAL_TIM_PeriodElapsedCallback':
../Core/Src/main.c:96:13: warning: implicit declaration of function 'RingBuffer_Clear'; did you mean 'RingBuffer_Get'? [-Wimplicit-function-declaration]
   96 |             RingBuffer_Clear(&RBVoltage);
      |             ^~~~~~~~~~~~~~~~
      |             RingBuffer_Get
arm-none-eabi-gcc -o "STM3205P.elf" @"objects.list"   -mcpu=cortex-m3 -T"C:\Users\lucas\Documents\Github\STM3205P\3.Firmware\STM3205P\STM32F103C6TX_FLASH.ld" --specs=nosys.specs -Wl,-Map="STM3205P.map" -Wl,--gc-sections -static --specs=nano.specs -mfloat-abi=soft -mthumb -Wl,--start-group -lc -lm -Wl,--end-group
C:/ST/STM32CubeIDE_1.15.1/STM32CubeIDE/plugins/com.st.stm32cube.ide.mcu.externaltools.gnu-tools-for-stm32.13.3.rel1.win32_1.0.0.202411081344/tools/bin/../lib/gcc/arm-none-eabi/13.3.1/../../../../arm-none-eabi/bin/ld.exe: ./Core/Src/main.o: in function `HAL_TIM_PeriodElapsedCallback':
C:/Users/lucas/Documents/Github/STM3205P/3.Firmware/STM3205P/Debug/../Core/Src/main.c:96:(.text.HAL_TIM_PeriodElapsedCallback+0xa0): undefined reference to `RingBuffer_Clear'
C:/ST/STM32CubeIDE_1.15.1/STM32CubeIDE/plugins/com.st.stm32cube.ide.mcu.externaltools.gnu-tools-for-stm32.13.3.rel1.win32_1.0.0.202411081344/tools/bin/../lib/gcc/arm-none-eabi/13.3.1/../../../../arm-none-eabi/bin/ld.exe: C:/Users/lucas/Documents/Github/STM3205P/3.Firmware/STM3205P/Debug/../Core/Src/main.c:97:(.text.HAL_TIM_PeriodElapsedCallback+0xa6): undefined reference to `RingBuffer_Clear'
collect2.exe: error: ld returned 1 exit status
make: *** [makefile:64: STM3205P.elf] Error 1
"make -j12 all" terminated with exit code 2. Build might be incomplete.
11:04:12 **** Incremental Build of configuration Debug for project STM3205P ****
make -j12 all 
arm-none-eabi-gcc "../Core/Src/main.c" -mcpu=cortex-m3 -std=gnu11 -g3 -DDEBUG -DUSE_HAL_DRIVER -DSTM32F103x6 -c -I../Core/Inc -I../Drivers/STM32F1xx_HAL_Driver/Inc/Legacy -I../Drivers/STM32F1xx_HAL_Driver/Inc -I../Drivers/CMSIS/Device/ST/STM32F1xx/Include -I../Drivers/CMSIS/Include -O0 -ffunction-sections -fdata-sections -Wall -fstack-usage -fcyclomatic-complexity -MMD -MP -MF"Core/Src/main.d" -MT"Core/Src/main.o" --specs=nano.specs -mfloat-abi=soft -mthumb -o "Core/Src/main.o"
arm-none-eabi-gcc -o "STM3205P.elf" @"objects.list"   -mcpu=cortex-m3 -T"C:\Users\lucas\Documents\Github\STM3205P\3.Firmware\STM3205P\STM32F103C6TX_FLASH.ld" --specs=nosys.specs -Wl,-Map="STM3205P.map" -Wl,--gc-sections -static --specs=nano.specs -mfloat-abi=soft -mthumb -Wl,--start-group -lc -lm -Wl,--end-group
Finished building target: STM3205P.elf
 
arm-none-eabi-size  STM3205P.elf 
arm-none-eabi-objdump -h -S STM3205P.elf  > "STM3205P.list"
   text	   data	    bss	    dec	    hex	filename
  17876	     12	   2668	  20556	   504c	STM3205P.elf
Finished building: default.size.stdout
 
Finished building: STM3205P.list
 
11:04:15 **** Incremental Build of configuration Debug for project STM3205P ****
make -j12 all 
arm-none-eabi-size  STM3205P.elf 
   text	   data	    bss	    dec	    hex	filename
  17876	     12	   2668	  20556	   504c	STM3205P.elf
Finished building: default.size.stdout
 
19:02:21 **** Build of configuration Debug for project STM3205P ****
make -j12 all 
arm-none-eabi-gcc "../Core/Src/DAC8830.c" -mcpu=cortex-m3 -std=gnu11 -g3 -DDEBUG -DUSE_HAL_DRIVER -DSTM32F103x6 -c -I../Core/Inc -I../Drivers/STM32F1xx_HAL_Driver/Inc/Legacy -I../Drivers/STM32F1xx_HAL_Driver/Inc -I../Drivers/CMSIS/Device/ST/STM32F1xx/Include -I../Drivers/CMSIS/Include -O0 -ffunction-sections -fdata-sections -Wall -fstack-usage -fcyclomatic-complexity -MMD -MP -MF"Core/Src/DAC8830.d" -MT"Core/Src/DAC8830.o" --specs=nano.specs -mfloat-abi=soft -mthumb -o "Core/Src/DAC8830.o"
arm-none-eabi-gcc "../Core/Src/RingBuffer.c" -mcpu=cortex-m3 -std=gnu11 -g3 -DDEBUG -DUSE_HAL_DRIVER -DSTM32F103x6 -c -I../Core/Inc -I../Drivers/STM32F1xx_HAL_Driver/Inc/Legacy -I../Drivers/STM32F1xx_HAL_Driver/Inc -I../Drivers/CMSIS/Device/ST/STM32F1xx/Include -I../Drivers/CMSIS/Include -O0 -ffunction-sections -fdata-sections -Wall -fstack-usage -fcyclomatic-complexity -MMD -MP -MF"Core/Src/RingBuffer.d" -MT"Core/Src/RingBuffer.o" --specs=nano.specs -mfloat-abi=soft -mthumb -o "Core/Src/RingBuffer.o"
arm-none-eabi-gcc "../Core/Src/display.c" -mcpu=cortex-m3 -std=gnu11 -g3 -DDEBUG -DUSE_HAL_DRIVER -DSTM32F103x6 -c -I../Core/Inc -I../Drivers/STM32F1xx_HAL_Driver/Inc/Legacy -I../Drivers/STM32F1xx_HAL_Driver/Inc -I../Drivers/CMSIS/Device/ST/STM32F1xx/Include -I../Drivers/CMSIS/Include -O0 -ffunction-sections -fdata-sections -Wall -fstack-usage -fcyclomatic-complexity -MMD -MP -MF"Core/Src/display.d" -MT"Core/Src/display.o" --specs=nano.specs -mfloat-abi=soft -mthumb -o "Core/Src/display.o"
arm-none-eabi-gcc "../Core/Src/main.c" -mcpu=cortex-m3 -std=gnu11 -g3 -DDEBUG -DUSE_HAL_DRIVER -DSTM32F103x6 -c -I../Core/Inc -I../Drivers/STM32F1xx_HAL_Driver/Inc/Legacy -I../Drivers/STM32F1xx_HAL_Driver/Inc -I../Drivers/CMSIS/Device/ST/STM32F1xx/Include -I../Drivers/CMSIS/Include -O0 -ffunction-sections -fdata-sections -Wall -fstack-usage -fcyclomatic-complexity -MMD -MP -MF"Core/Src/main.d" -MT"Core/Src/main.o" --specs=nano.specs -mfloat-abi=soft -mthumb -o "Core/Src/main.o"
arm-none-eabi-gcc "../Core/Src/stm32f1xx_hal_msp.c" -mcpu=cortex-m3 -std=gnu11 -g3 -DDEBUG -DUSE_HAL_DRIVER -DSTM32F103x6 -c -I../Core/Inc -I../Drivers/STM32F1xx_HAL_Driver/Inc/Legacy -I../Drivers/STM32F1xx_HAL_Driver/Inc -I../Drivers/CMSIS/Device/ST/STM32F1xx/Include -I../Drivers/CMSIS/Include -O0 -ffunction-sections -fdata-sections -Wall -fstack-usage -fcyclomatic-complexity -MMD -MP -MF"Core/Src/stm32f1xx_hal_msp.d" -MT"Core/Src/stm32f1xx_hal_msp.o" --specs=nano.specs -mfloat-abi=soft -mthumb -o "Core/Src/stm32f1xx_hal_msp.o"
arm-none-eabi-gcc "../Core/Src/stm32f1xx_it.c" -mcpu=cortex-m3 -std=gnu11 -g3 -DDEBUG -DUSE_HAL_DRIVER -DSTM32F103x6 -c -I../Core/Inc -I../Drivers/STM32F1xx_HAL_Driver/Inc/Legacy -I../Drivers/STM32F1xx_HAL_Driver/Inc -I../Drivers/CMSIS/Device/ST/STM32F1xx/Include -I../Drivers/CMSIS/Include -O0 -ffunction-sections -fdata-sections -Wall -fstack-usage -fcyclomatic-complexity -MMD -MP -MF"Core/Src/stm32f1xx_it.d" -MT"Core/Src/stm32f1xx_it.o" --specs=nano.specs -mfloat-abi=soft -mthumb -o "Core/Src/stm32f1xx_it.o"
arm-none-eabi-gcc "../Core/Src/syscalls.c" -mcpu=cortex-m3 -std=gnu11 -g3 -DDEBUG -DUSE_HAL_DRIVER -DSTM32F103x6 -c -I../Core/Inc -I../Drivers/STM32F1xx_HAL_Driver/Inc/Legacy -I../Drivers/STM32F1xx_HAL_Driver/Inc -I../Drivers/CMSIS/Device/ST/STM32F1xx/Include -I../Drivers/CMSIS/Include -O0 -ffunction-sections -fdata-sections -Wall -fstack-usage -fcyclomatic-complexity -MMD -MP -MF"Core/Src/syscalls.d" -MT"Core/Src/syscalls.o" --specs=nano.specs -mfloat-abi=soft -mthumb -o "Core/Src/syscalls.o"
arm-none-eabi-gcc "../Core/Src/sysmem.c" -mcpu=cortex-m3 -std=gnu11 -g3 -DDEBUG -DUSE_HAL_DRIVER -DSTM32F103x6 -c -I../Core/Inc -I../Drivers/STM32F1xx_HAL_Driver/Inc/Legacy -I../Drivers/STM32F1xx_HAL_Driver/Inc -I../Drivers/CMSIS/Device/ST/STM32F1xx/Include -I../Drivers/CMSIS/Include -O0 -ffunction-sections -fdata-sections -Wall -fstack-usage -fcyclomatic-complexity -MMD -MP -MF"Core/Src/sysmem.d" -MT"Core/Src/sysmem.o" --specs=nano.specs -mfloat-abi=soft -mthumb -o "Core/Src/sysmem.o"
arm-none-eabi-gcc "../Core/Src/system_stm32f1xx.c" -mcpu=cortex-m3 -std=gnu11 -g3 -DDEBUG -DUSE_HAL_DRIVER -DSTM32F103x6 -c -I../Core/Inc -I../Drivers/STM32F1xx_HAL_Driver/Inc/Legacy -I../Drivers/STM32F1xx_HAL_Driver/Inc -I../Drivers/CMSIS/Device/ST/STM32F1xx/Include -I../Drivers/CMSIS/Include -O0 -ffunction-sections -fdata-sections -Wall -fstack-usage -fcyclomatic-complexity -MMD -MP -MF"Core/Src/system_stm32f1xx.d" -MT"Core/Src/system_stm32f1xx.o" --specs=nano.specs -mfloat-abi=soft -mthumb -o "Core/Src/system_stm32f1xx.o"
arm-none-eabi-gcc -o "STM3205P.elf" @"objects.list"   -mcpu=cortex-m3 -T"C:\Users\lucas\Documents\Github\STM3205P\3.Firmware\STM3205P\STM32F103C6TX_FLASH.ld" --specs=nosys.specs -Wl,-Map="STM3205P.map" -Wl,--gc-sections -static --specs=nano.specs -mfloat-abi=soft -mthumb -Wl,--start-group -lc -lm -Wl,--end-group
Finished building target: STM3205P.elf
 
arm-none-eabi-size  STM3205P.elf 
arm-none-eabi-objdump -h -S STM3205P.elf  > "STM3205P.list"
   text	   data	    bss	    dec	    hex	filename
  18384	     12	   2668	  21064	   5248	STM3205P.elf
Finished building: default.size.stdout
 
Finished building: STM3205P.list
 
19:05:09 **** Incremental Build of configuration Debug for project STM3205P ****
make -j12 all 
arm-none-eabi-size  STM3205P.elf 
   text	   data	    bss	    dec	    hex	filename
  18384	     12	   2668	  21064	   5248	STM3205P.elf
Finished building: default.size.stdout
 
19:25:00 **** Incremental Build of configuration Debug for project STM3205P ****
make -j12 all 
arm-none-eabi-gcc "../Core/Src/main.c" -mcpu=cortex-m3 -std=gnu11 -g3 -DDEBUG -DUSE_HAL_DRIVER -DSTM32F103x6 -c -I../Core/Inc -I../Drivers/STM32F1xx_HAL_Driver/Inc/Legacy -I../Drivers/STM32F1xx_HAL_Driver/Inc -I../Drivers/CMSIS/Device/ST/STM32F1xx/Include -I../Drivers/CMSIS/Include -O0 -ffunction-sections -fdata-sections -Wall -fstack-usage -fcyclomatic-complexity -MMD -MP -MF"Core/Src/main.d" -MT"Core/Src/main.o" --specs=nano.specs -mfloat-abi=soft -mthumb -o "Core/Src/main.o"
arm-none-eabi-gcc -o "STM3205P.elf" @"objects.list"   -mcpu=cortex-m3 -T"C:\Users\lucas\Documents\Github\STM3205P\3.Firmware\STM3205P\STM32F103C6TX_FLASH.ld" --specs=nosys.specs -Wl,-Map="STM3205P.map" -Wl,--gc-sections -static --specs=nano.specs -mfloat-abi=soft -mthumb -Wl,--start-group -lc -lm -Wl,--end-group
Finished building target: STM3205P.elf
 
arm-none-eabi-size  STM3205P.elf 
arm-none-eabi-objdump -h -S STM3205P.elf  > "STM3205P.list"
   text	   data	    bss	    dec	    hex	filename
  18468	     12	   2668	  21148	   529c	STM3205P.elf
Finished building: default.size.stdout
 
Finished building: STM3205P.list
 
19:25:20 **** Incremental Build of configuration Debug for project STM3205P ****
make -j12 all 
arm-none-eabi-size  STM3205P.elf 
   text	   data	    bss	    dec	    hex	filename
  18468	     12	   2668	  21148	   529c	STM3205P.elf
Finished building: default.size.stdout
 
19:26:21 **** Incremental Build of configuration Debug for project STM3205P ****
make -j12 all 
arm-none-eabi-size  STM3205P.elf 
   text	   data	    bss	    dec	    hex	filename
  18468	     12	   2668	  21148	   529c	STM3205P.elf
Finished building: default.size.stdout
 
19:28:32 **** Incremental Build of configuration Debug for project STM3205P ****
make -j12 all 
arm-none-eabi-gcc "../Core/Src/main.c" -mcpu=cortex-m3 -std=gnu11 -g3 -DDEBUG -DUSE_HAL_DRIVER -DSTM32F103x6 -c -I../Core/Inc -I../Drivers/STM32F1xx_HAL_Driver/Inc/Legacy -I../Drivers/STM32F1xx_HAL_Driver/Inc -I../Drivers/CMSIS/Device/ST/STM32F1xx/Include -I../Drivers/CMSIS/Include -O0 -ffunction-sections -fdata-sections -Wall -fstack-usage -fcyclomatic-complexity -MMD -MP -MF"Core/Src/main.d" -MT"Core/Src/main.o" --specs=nano.specs -mfloat-abi=soft -mthumb -o "Core/Src/main.o"
arm-none-eabi-gcc -o "STM3205P.elf" @"objects.list"   -mcpu=cortex-m3 -T"C:\Users\lucas\Documents\Github\STM3205P\3.Firmware\STM3205P\STM32F103C6TX_FLASH.ld" --specs=nosys.specs -Wl,-Map="STM3205P.map" -Wl,--gc-sections -static --specs=nano.specs -mfloat-abi=soft -mthumb -Wl,--start-group -lc -lm -Wl,--end-group
Finished building target: STM3205P.elf
 
arm-none-eabi-size  STM3205P.elf 
arm-none-eabi-objdump -h -S STM3205P.elf  > "STM3205P.list"
   text	   data	    bss	    dec	    hex	filename
  18468	     12	   2668	  21148	   529c	STM3205P.elf
Finished building: default.size.stdout
 
Finished building: STM3205P.list
 
19:31:55 **** Incremental Build of configuration Debug for project STM3205P ****
make -j12 all 
arm-none-eabi-gcc "../Core/Src/main.c" -mcpu=cortex-m3 -std=gnu11 -g3 -DDEBUG -DUSE_HAL_DRIVER -DSTM32F103x6 -c -I../Core/Inc -I../Drivers/STM32F1xx_HAL_Driver/Inc/Legacy -I../Drivers/STM32F1xx_HAL_Driver/Inc -I../Drivers/CMSIS/Device/ST/STM32F1xx/Include -I../Drivers/CMSIS/Include -O0 -ffunction-sections -fdata-sections -Wall -fstack-usage -fcyclomatic-complexity -MMD -MP -MF"Core/Src/main.d" -MT"Core/Src/main.o" --specs=nano.specs -mfloat-abi=soft -mthumb -o "Core/Src/main.o"
../Core/Src/main.c: In function 'main':
../Core/Src/main.c:134:18: warning: unused variable 'value' [-Wunused-variable]
  134 |         uint16_t value = 0;
      |                  ^~~~~
arm-none-eabi-gcc -o "STM3205P.elf" @"objects.list"   -mcpu=cortex-m3 -T"C:\Users\lucas\Documents\Github\STM3205P\3.Firmware\STM3205P\STM32F103C6TX_FLASH.ld" --specs=nosys.specs -Wl,-Map="STM3205P.map" -Wl,--gc-sections -static --specs=nano.specs -mfloat-abi=soft -mthumb -Wl,--start-group -lc -lm -Wl,--end-group
Finished building target: STM3205P.elf
 
arm-none-eabi-size  STM3205P.elf 
arm-none-eabi-objdump -h -S STM3205P.elf  > "STM3205P.list"
   text	   data	    bss	    dec	    hex	filename
  18384	     12	   2668	  21064	   5248	STM3205P.elf
Finished building: default.size.stdout
 
Finished building: STM3205P.list
 
