18:47:51 **** Incremental Build of configuration Debug for project STM3205P ****
make -j12 all 
arm-none-eabi-gcc "../Core/Src/main.c" -mcpu=cortex-m3 -std=gnu11 -g3 -DDEBUG -DUSE_HAL_DRIVER -DSTM32F103x6 -c -I../Core/Inc -I../Drivers/STM32F1xx_HAL_Driver/Inc/Legacy -I../Drivers/STM32F1xx_HAL_Driver/Inc -I../Drivers/CMSIS/Device/ST/STM32F1xx/Include -I../Drivers/CMSIS/Include -O0 -ffunction-sections -fdata-sections -Wall -fstack-usage -fcyclomatic-complexity -MMD -MP -MF"Core/Src/main.d" -MT"Core/Src/main.o" --specs=nano.specs -mfloat-abi=soft -mthumb -o "Core/Src/main.o"
arm-none-eabi-gcc -o "STM3205P.elf" @"objects.list"   -mcpu=cortex-m3 -T"C:\Users\lucas\Documents\Github\STM3205P\3.Firmware\STM3205P\STM32F103C6TX_FLASH.ld" --specs=nosys.specs -Wl,-Map="STM3205P.map" -Wl,--gc-sections -static --specs=nano.specs -mfloat-abi=soft -mthumb -Wl,--start-group -lc -lm -Wl,--end-group
Finished building target: STM3205P.elf
 
arm-none-eabi-size  STM3205P.elf 
arm-none-eabi-objdump -h -S STM3205P.elf  > "STM3205P.list"
   text	   data	    bss	    dec	    hex	filename
  15212	     12	   1852	  17076	   42b4	STM3205P.elf
Finished building: default.size.stdout
 
Finished building: STM3205P.list
 

18:47:52 Build Finished. 0 errors, 0 warnings. (took 975ms)

