../Core/Src/main.c:72:6:HAL_TIM_PeriodElapsedCallback	16	static
../Core/Src/main.c:86:6:HAL_ADC_ConvCpltCallback	24	static
../Core/Src/main.c:100:6:UART_Print	16	static
../Core/Src/main.c:110:5:main	56	static
../Core/Src/main.c:187:6:SystemClock_Config	88	static
../Core/Src/main.c:234:13:MX_ADC1_Init	48	static,ignoring_inline_asm
../Core/Src/main.c:291:13:MX_ADC2_Init	24	static
../Core/Src/main.c:338:13:MX_TIM3_Init	32	static
../Core/Src/main.c:383:13:MX_USART1_UART_Init	8	static
../Core/Src/main.c:416:13:MX_GPIO_Init	16	static
../Core/Src/main.c:439:6:Error_Handler	4	static,ignoring_inline_asm
