../Core/Src/main.c:73:6:HAL_TIM_PeriodElapsedCallback	16	static
../Core/Src/main.c:95:6:HAL_ADC_ConvCpltCallback	24	static
../Core/Src/main.c:117:5:main	8	static
../Core/Src/main.c:172:6:SystemClock_Config	88	static
../Core/Src/main.c:219:13:MX_ADC1_Init	24	static
../Core/Src/main.c:266:13:MX_ADC2_Init	24	static
../Core/Src/main.c:313:13:MX_SPI1_Init	8	static
../Core/Src/main.c:351:13:MX_TIM3_Init	64	static
../Core/Src/main.c:409:13:MX_GPIO_Init	40	static
../Core/Src/main.c:479:6:Error_Handler	4	static,ignoring_inline_asm
